22:15:48 **** Incremental Build of configuration Debug for project eFPGA_BRAM ****
make all 
make --no-print-directory pre-build
a9-linaro-pre-build-step
' '
make --no-print-directory main-build
'Building file: ../src/helloworld.c'
'Invoking: ARM v7 gcc compiler'
arm-none-eabi-gcc -Wall -O0 -g3 -c -fmessage-length=0 -MT"src/helloworld.o" -mcpu=cortex-a9 -mfpu=vfpv3 -mfloat-abi=hard -IC:/devWorks/FPGA/eFPGA_BRAM/eFPGA_BRAM_1/export/eFPGA_BRAM_1/sw/eFPGA_BRAM_1/standalone_domain/bspinclude/include -MMD -MP -MF"src/helloworld.d" -MT"src/helloworld.o" -o "src/helloworld.o" "../src/helloworld.c"
'Finished building: ../src/helloworld.c'
' '
'Building file: ../src/platform.c'
'Invoking: ARM v7 gcc compiler'
arm-none-eabi-gcc -Wall -O0 -g3 -c -fmessage-length=0 -MT"src/platform.o" -mcpu=cortex-a9 -mfpu=vfpv3 -mfloat-abi=hard -IC:/devWorks/FPGA/eFPGA_BRAM/eFPGA_BRAM_1/export/eFPGA_BRAM_1/sw/eFPGA_BRAM_1/standalone_domain/bspinclude/include -MMD -MP -MF"src/platform.d" -MT"src/platform.o" -o "src/platform.o" "../src/platform.c"
'Finished building: ../src/platform.c'
' '
'Building target: eFPGA_BRAM.elf'
'Invoking: ARM v7 gcc linker'
arm-none-eabi-gcc -mcpu=cortex-a9 -mfpu=vfpv3 -mfloat-abi=hard -Wl,-build-id=none -specs=Xilinx.spec -Wl,-T -Wl,../src/lscript.ld -LC:/devWorks/FPGA/eFPGA_BRAM/eFPGA_BRAM_1/export/eFPGA_BRAM_1/sw/eFPGA_BRAM_1/standalone_domain/bsplib/lib -o "eFPGA_BRAM.elf"  ./src/helloworld.o ./src/platform.o   -Wl,--start-group,-lxil,-lgcc,-lc,--end-group
'Finished building target: eFPGA_BRAM.elf'
' '
'Invoking: ARM v7 Print Size'
arm-none-eabi-size eFPGA_BRAM.elf  |tee "eFPGA_BRAM.elf.size"
   text	   data	    bss	    dec	    hex	filename
  19064	   1144	   8232	  28440	   6f18	eFPGA_BRAM.elf
'Finished building: eFPGA_BRAM.elf.size'
' '

22:15:55 Build Finished (took 6s.552ms)

