21:55:16 **** Incremental Build of configuration Debug for project SoC_NeoPixel_App2 ****
make all 
make --no-print-directory pre-build
a9-linaro-pre-build-step
' '
make --no-print-directory main-build
'Building file: ../src/helloworld.c'
'Invoking: ARM v7 gcc compiler'
arm-none-eabi-gcc -Wall -O0 -g3 -c -fmessage-length=0 -MT"src/helloworld.o" -mcpu=cortex-a9 -mfpu=vfpv3 -mfloat-abi=hard -IC:/devWorks/SoC_Neopixel_VHDL/SoC_AXI_NeoPixel/Vitis2/SoC_AXI_NeoPixel2/export/SoC_AXI_NeoPixel2/sw/SoC_AXI_NeoPixel2/standalone_ps7_cortexa9_0/bspinclude/include -MMD -MP -MF"src/helloworld.d" -MT"src/helloworld.o" -o "src/helloworld.o" "../src/helloworld.c"
'Finished building: ../src/helloworld.c'
' '
'Building target: SoC_NeoPixel_App2.elf'
'Invoking: ARM v7 gcc linker'
arm-none-eabi-gcc -mcpu=cortex-a9 -mfpu=vfpv3 -mfloat-abi=hard -Wl,-build-id=none -specs=Xilinx.spec -Wl,-T -Wl,../src/lscript.ld -LC:/devWorks/SoC_Neopixel_VHDL/SoC_AXI_NeoPixel/Vitis2/SoC_AXI_NeoPixel2/export/SoC_AXI_NeoPixel2/sw/SoC_AXI_NeoPixel2/standalone_ps7_cortexa9_0/bsplib/lib -o "SoC_NeoPixel_App2.elf"  ./src/helloworld.o ./src/platform.o   -Wl,--start-group,-lxil,-lgcc,-lc,--end-group
'Finished building target: SoC_NeoPixel_App2.elf'
' '
'Invoking: ARM v7 Print Size'
arm-none-eabi-size SoC_NeoPixel_App2.elf  |tee "SoC_NeoPixel_App2.elf.size"
   text	   data	    bss	    dec	    hex	filename
  19396	   1144	  22568	  43108	   a864	SoC_NeoPixel_App2.elf
'Finished building: SoC_NeoPixel_App2.elf.size'
' '

21:55:20 Build Finished (took 3s.883ms)

