16:52:08 **** Incremental Build of configuration Debug for project eFPGA_Timers_DMA_GIC_Application ****
make all 
make --no-print-directory pre-build
a9-linaro-pre-build-step
' '
make --no-print-directory main-build
'Building file: ../src/helloworld.c'
'Invoking: ARM v7 gcc compiler'
arm-none-eabi-gcc -Wall -O0 -g3 -c -fmessage-length=0 -MT"src/helloworld.o" -mcpu=cortex-a9 -mfpu=vfpv3 -mfloat-abi=hard -IC:/devWorks/FPGA/eFPGA_Timers_DMA_GIC/eFPGA_Timers_DMA_GIC/export/eFPGA_Timers_DMA_GIC/sw/eFPGA_Timers_DMA_GIC/standalone_domain/bspinclude/include -MMD -MP -MF"src/helloworld.d" -MT"src/helloworld.o" -o "src/helloworld.o" "../src/helloworld.c"
../src/helloworld.c: In function 'main':
../src/helloworld.c:21:6: warning: variable 'Status' set but not used [-Wunused-but-set-variable]
  int Status;
      ^~~~~~
'Finished building: ../src/helloworld.c'
' '
'Building target: eFPGA_Timers_DMA_GIC_Application.elf'
'Invoking: ARM v7 gcc linker'
arm-none-eabi-gcc -mcpu=cortex-a9 -mfpu=vfpv3 -mfloat-abi=hard -Wl,-build-id=none -specs=Xilinx.spec -Wl,-T -Wl,../src/lscript.ld -LC:/devWorks/FPGA/eFPGA_Timers_DMA_GIC/eFPGA_Timers_DMA_GIC/export/eFPGA_Timers_DMA_GIC/sw/eFPGA_Timers_DMA_GIC/standalone_domain/bsplib/lib -o "eFPGA_Timers_DMA_GIC_Application.elf"  ./src/helloworld.o ./src/platform.o   -Wl,--start-group,-lxil,-lgcc,-lc,--end-group
'Finished building target: eFPGA_Timers_DMA_GIC_Application.elf'
' '
'Invoking: ARM v7 Print Size'
arm-none-eabi-size eFPGA_Timers_DMA_GIC_Application.elf  |tee "eFPGA_Timers_DMA_GIC_Application.elf.size"
   text	   data	    bss	    dec	    hex	filename
  61124	   3368	  23360	  87852	  1572c	eFPGA_Timers_DMA_GIC_Application.elf
'Finished building: eFPGA_Timers_DMA_GIC_Application.elf.size'
' '

16:52:14 Build Finished (took 5s.916ms)

