21:40:36 **** Build of configuration Debug for project SoCEMIO_App ****
make all 
make --no-print-directory pre-build
a9-linaro-pre-build-step
' '
make --no-print-directory main-build
'Building file: ../src/helloworld.c'
'Invoking: ARM v7 gcc compiler'
arm-none-eabi-gcc -Wall -O0 -g3 -c -fmessage-length=0 -MT"src/helloworld.o" -mcpu=cortex-a9 -mfpu=vfpv3 -mfloat-abi=hard -IC:/devWorks/SoC_MIO_EMIO/Vitis/SoCMIOEMIO/export/SoCMIOEMIO/sw/SoCMIOEMIO/standalone_ps7_cortexa9_0/bspinclude/include -MMD -MP -MF"src/helloworld.d" -MT"src/helloworld.o" -o "src/helloworld.o" "../src/helloworld.c"
'Finished building: ../src/helloworld.c'
' '
'Building file: ../src/platform.c'
'Invoking: ARM v7 gcc compiler'
arm-none-eabi-gcc -Wall -O0 -g3 -c -fmessage-length=0 -MT"src/platform.o" -mcpu=cortex-a9 -mfpu=vfpv3 -mfloat-abi=hard -IC:/devWorks/SoC_MIO_EMIO/Vitis/SoCMIOEMIO/export/SoCMIOEMIO/sw/SoCMIOEMIO/standalone_ps7_cortexa9_0/bspinclude/include -MMD -MP -MF"src/platform.d" -MT"src/platform.o" -o "src/platform.o" "../src/platform.c"
'Finished building: ../src/platform.c'
' '
'Building target: SoCEMIO_App.elf'
'Invoking: ARM v7 gcc linker'
arm-none-eabi-gcc -mcpu=cortex-a9 -mfpu=vfpv3 -mfloat-abi=hard -Wl,-build-id=none -specs=Xilinx.spec -Wl,-T -Wl,../src/lscript.ld -LC:/devWorks/SoC_MIO_EMIO/Vitis/SoCMIOEMIO/export/SoCMIOEMIO/sw/SoCMIOEMIO/standalone_ps7_cortexa9_0/bsplib/lib -o "SoCEMIO_App.elf"  ./src/helloworld.o ./src/platform.o   -Wl,--start-group,-lxil,-lgcc,-lc,--end-group
'Finished building target: SoCEMIO_App.elf'
' '
'Invoking: ARM v7 Print Size'
arm-none-eabi-size SoCEMIO_App.elf  |tee "SoCEMIO_App.elf.size"
   text	   data	    bss	    dec	    hex	filename
  26085	   1152	  22616	  49853	   c2bd	SoCEMIO_App.elf
'Finished building: SoCEMIO_App.elf.size'
' '

21:40:43 Build Finished (took 7s.20ms)

