Nothing to build in platform 'eFPGA_uTensor_1'

12:55:54 **** Incremental Build of configuration Debug for project eFPGA_uTensor ****
make all 
make --no-print-directory pre-build
a9-linaro-pre-build-step
' '
make --no-print-directory main-build
'Building file: ../src/arduino_constants.cpp'
'Invoking: ARM v7 g++ compiler'
arm-none-eabi-g++ -Wall -O0 -g3 -c -fmessage-length=0 -MT"src/arduino_constants.o" -mcpu=cortex-a9 -mfpu=vfpv3 -mfloat-abi=hard -IC:/devWorks/FPGA/eFPGA_uTensor/eFPGA_uTensor_1/export/eFPGA_uTensor_1/sw/eFPGA_uTensor_1/standalone_domain/bspinclude/include -MMD -MP -MF"src/arduino_constants.d" -MT"src/arduino_constants.o" -o "src/arduino_constants.o" "../src/arduino_constants.cpp"
'Finished building: ../src/arduino_constants.cpp'
' '
'Building target: eFPGA_uTensor.elf'
'Invoking: ARM v7 g++ linker'
arm-none-eabi-g++ -L"C:\devWorks\FPGA\eFPGA_uTensor\eFPGA_uTensor_1\ps7_cortexa9_0\standalone_domain\bsp\ps7_cortexa9_0\lib" -mcpu=cortex-a9 -mfpu=vfpv3 -mfloat-abi=hard -Wl,-build-id=none -specs=Xilinx.spec -Wl,-T -Wl,../src/lscript.ld -LC:/devWorks/FPGA/eFPGA_uTensor/eFPGA_uTensor_1/export/eFPGA_uTensor_1/sw/eFPGA_uTensor_1/standalone_domain/bsplib/lib -o "eFPGA_uTensor.elf"  ./tensorflow/lite/kernels/internal/quantization_util.o  ./tensorflow/lite/kernels/kernel_util.o  ./tensorflow/lite/experimental/microfrontend/lib/fft.o ./tensorflow/lite/experimental/microfrontend/lib/fft_util.o ./tensorflow/lite/experimental/microfrontend/lib/filterbank.o ./tensorflow/lite/experimental/microfrontend/lib/filterbank_util.o ./tensorflow/lite/experimental/microfrontend/lib/frontend.o ./tensorflow/lite/experimental/microfrontend/lib/frontend_util.o ./tensorflow/lite/experimental/microfrontend/lib/log_lut.o ./tensorflow/lite/experimental/microfrontend/lib/log_scale.o ./tensorflow/lite/experimental/microfrontend/lib/log_scale_util.o ./tensorflow/lite/experimental/microfrontend/lib/noise_reduction.o ./tensorflow/lite/experimental/microfrontend/lib/noise_reduction_util.o ./tensorflow/lite/experimental/microfrontend/lib/pcan_gain_control.o ./tensorflow/lite/experimental/microfrontend/lib/pcan_gain_control_util.o ./tensorflow/lite/experimental/microfrontend/lib/window.o ./tensorflow/lite/experimental/microfrontend/lib/window_util.o  ./tensorflow/lite/experimental/micro/tools/make/downloads/kissfft/tools/kiss_fftr.o  ./tensorflow/lite/experimental/micro/tools/make/downloads/kissfft/kiss_fft.o  ./tensorflow/lite/experimental/micro/memory_planner/greedy_memory_planner.o ./tensorflow/lite/experimental/micro/memory_planner/linear_memory_planner.o  ./tensorflow/lite/experimental/micro/kernels/portable_optimized/depthwise_conv.o  ./tensorflow/lite/experimental/micro/kernels/activations.o ./tensorflow/lite/experimental/micro/kernels/add.o ./tensorflow/lite/experimental/micro/kernels/all_ops_resolver.o ./tensorflow/lite/experimental/micro/kernels/arg_min_max.o ./tensorflow/lite/experimental/micro/kernels/ceil.o ./tensorflow/lite/experimental/micro/kernels/comparisons.o ./tensorflow/lite/experimental/micro/kernels/concatenation.o ./tensorflow/lite/experimental/micro/kernels/conv.o ./tensorflow/lite/experimental/micro/kernels/dequantize.o ./tensorflow/lite/experimental/micro/kernels/elementwise.o ./tensorflow/lite/experimental/micro/kernels/floor.o ./tensorflow/lite/experimental/micro/kernels/fully_connected.o ./tensorflow/lite/experimental/micro/kernels/logical.o ./tensorflow/lite/experimental/micro/kernels/logistic.o ./tensorflow/lite/experimental/micro/kernels/maximum_minimum.o ./tensorflow/lite/experimental/micro/kernels/mul.o ./tensorflow/lite/experimental/micro/kernels/neg.o ./tensorflow/lite/experimental/micro/kernels/pack.o ./tensorflow/lite/experimental/micro/kernels/pooling.o ./tensorflow/lite/experimental/micro/kernels/prelu.o ./tensorflow/lite/experimental/micro/kernels/quantize.o ./tensorflow/lite/experimental/micro/kernels/reshape.o ./tensorflow/lite/experimental/micro/kernels/round.o ./tensorflow/lite/experimental/micro/kernels/softmax.o ./tensorflow/lite/experimental/micro/kernels/split.o ./tensorflow/lite/experimental/micro/kernels/strided_slice.o ./tensorflow/lite/experimental/micro/kernels/svdf.o ./tensorflow/lite/experimental/micro/kernels/unpack.o  ./tensorflow/lite/experimental/micro/arduino/debug_log.o  ./tensorflow/lite/experimental/micro/debug_log_numbers.o ./tensorflow/lite/experimental/micro/memory_helpers.o ./tensorflow/lite/experimental/micro/micro_allocator.o ./tensorflow/lite/experimental/micro/micro_error_reporter.o ./tensorflow/lite/experimental/micro/micro_interpreter.o ./tensorflow/lite/experimental/micro/micro_mutable_op_resolver.o ./tensorflow/lite/experimental/micro/micro_optional_debug_tools.o ./tensorflow/lite/experimental/micro/micro_utils.o ./tensorflow/lite/experimental/micro/simple_memory_allocator.o ./tensorflow/lite/experimental/micro/test_helpers.o  ./tensorflow/lite/core/api/error_reporter.o ./tensorflow/lite/core/api/flatbuffer_conversions.o ./tensorflow/lite/core/api/op_resolver.o ./tensorflow/lite/core/api/tensor_utils.o  ./tensorflow/lite/c/common.o  ./src/arduino_constants.o ./src/arduino_main.o ./src/arduino_output_handler.o ./src/main.o ./src/sine_model_data.o   -Wl,--start-group,-lxil,-lgcc,-lc,-lstdc++,--end-group
'Finished building target: eFPGA_uTensor.elf'
' '
'Invoking: ARM v7 Print Size'
arm-none-eabi-size eFPGA_uTensor.elf  |tee "eFPGA_uTensor.elf.size"
   text	   data	    bss	    dec	    hex	filename
1037292	   4460	  42372	1084124	 108adc	eFPGA_uTensor.elf
'Finished building: eFPGA_uTensor.elf.size'
' '
12:56:10 **** Incremental Build of configuration Debug for project eFPGA_uTensor_system ****
make all 
Generating bif file for the system project
generate_system_bif.bat 60935 C:/devWorks/FPGA/eFPGA_uTensor/eFPGA_uTensor_1/export/eFPGA_uTensor_1/eFPGA_uTensor_1.xpfm standalone_domain C:/devWorks/FPGA/eFPGA_uTensor/eFPGA_uTensor_system/Debug/system.bif
sdcard_gen --xpfm C:/devWorks/FPGA/eFPGA_uTensor/eFPGA_uTensor_1/export/eFPGA_uTensor_1/eFPGA_uTensor_1.xpfm --sys_config eFPGA_uTensor_1 --bif C:/devWorks/FPGA/eFPGA_uTensor/eFPGA_uTensor_system/Debug/system.bif --bitstream C:/devWorks/FPGA/eFPGA_uTensor/eFPGA_uTensor/_ide/bitstream/eFPGA_GPIO.bit --elf C:/devWorks/FPGA/eFPGA_uTensor/eFPGA_uTensor/Debug/eFPGA_uTensor.elf,ps7_cortexa9_0
creating BOOT.BIN using C:/devWorks/FPGA/eFPGA_uTensor/eFPGA_uTensor/_ide/bitstream/eFPGA_GPIO.bit
Running C:/Xilinx/Vitis/2019.2/bin/bootgen  -image C:/devWorks/FPGA/eFPGA_uTensor/eFPGA_uTensor_system/Debug/sd_card_temp/boot.bif -w -o i BOOT.BIN
13:02:12 **** Incremental Build of configuration Debug for project eFPGA_uTensor ****
make all 
make --no-print-directory pre-build
a9-linaro-pre-build-step
' '
make --no-print-directory main-build
'Building file: ../src/arduino_output_handler.cpp'
'Invoking: ARM v7 g++ compiler'
arm-none-eabi-g++ -Wall -O0 -g3 -c -fmessage-length=0 -MT"src/arduino_output_handler.o" -mcpu=cortex-a9 -mfpu=vfpv3 -mfloat-abi=hard -IC:/devWorks/FPGA/eFPGA_uTensor/eFPGA_uTensor_1/export/eFPGA_uTensor_1/sw/eFPGA_uTensor_1/standalone_domain/bspinclude/include -MMD -MP -MF"src/arduino_output_handler.d" -MT"src/arduino_output_handler.o" -o "src/arduino_output_handler.o" "../src/arduino_output_handler.cpp"
'Finished building: ../src/arduino_output_handler.cpp'
' '
'Building target: eFPGA_uTensor.elf'
'Invoking: ARM v7 g++ linker'
arm-none-eabi-g++ -L"C:\devWorks\FPGA\eFPGA_uTensor\eFPGA_uTensor_1\ps7_cortexa9_0\standalone_domain\bsp\ps7_cortexa9_0\lib" -mcpu=cortex-a9 -mfpu=vfpv3 -mfloat-abi=hard -Wl,-build-id=none -specs=Xilinx.spec -Wl,-T -Wl,../src/lscript.ld -LC:/devWorks/FPGA/eFPGA_uTensor/eFPGA_uTensor_1/export/eFPGA_uTensor_1/sw/eFPGA_uTensor_1/standalone_domain/bsplib/lib -o "eFPGA_uTensor.elf"  ./tensorflow/lite/kernels/internal/quantization_util.o  ./tensorflow/lite/kernels/kernel_util.o  ./tensorflow/lite/experimental/microfrontend/lib/fft.o ./tensorflow/lite/experimental/microfrontend/lib/fft_util.o ./tensorflow/lite/experimental/microfrontend/lib/filterbank.o ./tensorflow/lite/experimental/microfrontend/lib/filterbank_util.o ./tensorflow/lite/experimental/microfrontend/lib/frontend.o ./tensorflow/lite/experimental/microfrontend/lib/frontend_util.o ./tensorflow/lite/experimental/microfrontend/lib/log_lut.o ./tensorflow/lite/experimental/microfrontend/lib/log_scale.o ./tensorflow/lite/experimental/microfrontend/lib/log_scale_util.o ./tensorflow/lite/experimental/microfrontend/lib/noise_reduction.o ./tensorflow/lite/experimental/microfrontend/lib/noise_reduction_util.o ./tensorflow/lite/experimental/microfrontend/lib/pcan_gain_control.o ./tensorflow/lite/experimental/microfrontend/lib/pcan_gain_control_util.o ./tensorflow/lite/experimental/microfrontend/lib/window.o ./tensorflow/lite/experimental/microfrontend/lib/window_util.o  ./tensorflow/lite/experimental/micro/tools/make/downloads/kissfft/tools/kiss_fftr.o  ./tensorflow/lite/experimental/micro/tools/make/downloads/kissfft/kiss_fft.o  ./tensorflow/lite/experimental/micro/memory_planner/greedy_memory_planner.o ./tensorflow/lite/experimental/micro/memory_planner/linear_memory_planner.o  ./tensorflow/lite/experimental/micro/kernels/portable_optimized/depthwise_conv.o  ./tensorflow/lite/experimental/micro/kernels/activations.o ./tensorflow/lite/experimental/micro/kernels/add.o ./tensorflow/lite/experimental/micro/kernels/all_ops_resolver.o ./tensorflow/lite/experimental/micro/kernels/arg_min_max.o ./tensorflow/lite/experimental/micro/kernels/ceil.o ./tensorflow/lite/experimental/micro/kernels/comparisons.o ./tensorflow/lite/experimental/micro/kernels/concatenation.o ./tensorflow/lite/experimental/micro/kernels/conv.o ./tensorflow/lite/experimental/micro/kernels/dequantize.o ./tensorflow/lite/experimental/micro/kernels/elementwise.o ./tensorflow/lite/experimental/micro/kernels/floor.o ./tensorflow/lite/experimental/micro/kernels/fully_connected.o ./tensorflow/lite/experimental/micro/kernels/logical.o ./tensorflow/lite/experimental/micro/kernels/logistic.o ./tensorflow/lite/experimental/micro/kernels/maximum_minimum.o ./tensorflow/lite/experimental/micro/kernels/mul.o ./tensorflow/lite/experimental/micro/kernels/neg.o ./tensorflow/lite/experimental/micro/kernels/pack.o ./tensorflow/lite/experimental/micro/kernels/pooling.o ./tensorflow/lite/experimental/micro/kernels/prelu.o ./tensorflow/lite/experimental/micro/kernels/quantize.o ./tensorflow/lite/experimental/micro/kernels/reshape.o ./tensorflow/lite/experimental/micro/kernels/round.o ./tensorflow/lite/experimental/micro/kernels/softmax.o ./tensorflow/lite/experimental/micro/kernels/split.o ./tensorflow/lite/experimental/micro/kernels/strided_slice.o ./tensorflow/lite/experimental/micro/kernels/svdf.o ./tensorflow/lite/experimental/micro/kernels/unpack.o  ./tensorflow/lite/experimental/micro/arduino/debug_log.o  ./tensorflow/lite/experimental/micro/debug_log_numbers.o ./tensorflow/lite/experimental/micro/memory_helpers.o ./tensorflow/lite/experimental/micro/micro_allocator.o ./tensorflow/lite/experimental/micro/micro_error_reporter.o ./tensorflow/lite/experimental/micro/micro_interpreter.o ./tensorflow/lite/experimental/micro/micro_mutable_op_resolver.o ./tensorflow/lite/experimental/micro/micro_optional_debug_tools.o ./tensorflow/lite/experimental/micro/micro_utils.o ./tensorflow/lite/experimental/micro/simple_memory_allocator.o ./tensorflow/lite/experimental/micro/test_helpers.o  ./tensorflow/lite/core/api/error_reporter.o ./tensorflow/lite/core/api/flatbuffer_conversions.o ./tensorflow/lite/core/api/op_resolver.o ./tensorflow/lite/core/api/tensor_utils.o  ./tensorflow/lite/c/common.o  ./src/arduino_constants.o ./src/arduino_main.o ./src/arduino_output_handler.o ./src/main.o ./src/sine_model_data.o   -Wl,--start-group,-lxil,-lgcc,-lc,-lstdc++,--end-group
'Finished building target: eFPGA_uTensor.elf'
' '
'Invoking: ARM v7 Print Size'
arm-none-eabi-size eFPGA_uTensor.elf  |tee "eFPGA_uTensor.elf.size"
   text	   data	    bss	    dec	    hex	filename
1037292	   4460	  42372	1084124	 108adc	eFPGA_uTensor.elf
'Finished building: eFPGA_uTensor.elf.size'
' '
13:06:07 **** Incremental Build of configuration Debug for project eFPGA_uTensor ****
make all 
make --no-print-directory pre-build
a9-linaro-pre-build-step
' '
make --no-print-directory main-build
'Building file: ../src/arduino_output_handler.cpp'
'Invoking: ARM v7 g++ compiler'
arm-none-eabi-g++ -Wall -O0 -g3 -c -fmessage-length=0 -MT"src/arduino_output_handler.o" -mcpu=cortex-a9 -mfpu=vfpv3 -mfloat-abi=hard -IC:/devWorks/FPGA/eFPGA_uTensor/eFPGA_uTensor_1/export/eFPGA_uTensor_1/sw/eFPGA_uTensor_1/standalone_domain/bspinclude/include -MMD -MP -MF"src/arduino_output_handler.d" -MT"src/arduino_output_handler.o" -o "src/arduino_output_handler.o" "../src/arduino_output_handler.cpp"
'Finished building: ../src/arduino_output_handler.cpp'
' '
'Building file: ../src/main.cpp'
'Invoking: ARM v7 g++ compiler'
arm-none-eabi-g++ -Wall -O0 -g3 -c -fmessage-length=0 -MT"src/main.o" -mcpu=cortex-a9 -mfpu=vfpv3 -mfloat-abi=hard -IC:/devWorks/FPGA/eFPGA_uTensor/eFPGA_uTensor_1/export/eFPGA_uTensor_1/sw/eFPGA_uTensor_1/standalone_domain/bspinclude/include -MMD -MP -MF"src/main.d" -MT"src/main.o" -o "src/main.o" "../src/main.cpp"
'Finished building: ../src/main.cpp'
' '
'Building target: eFPGA_uTensor.elf'
'Invoking: ARM v7 g++ linker'
arm-none-eabi-g++ -L"C:\devWorks\FPGA\eFPGA_uTensor\eFPGA_uTensor_1\ps7_cortexa9_0\standalone_domain\bsp\ps7_cortexa9_0\lib" -mcpu=cortex-a9 -mfpu=vfpv3 -mfloat-abi=hard -Wl,-build-id=none -specs=Xilinx.spec -Wl,-T -Wl,../src/lscript.ld -LC:/devWorks/FPGA/eFPGA_uTensor/eFPGA_uTensor_1/export/eFPGA_uTensor_1/sw/eFPGA_uTensor_1/standalone_domain/bsplib/lib -o "eFPGA_uTensor.elf"  ./tensorflow/lite/kernels/internal/quantization_util.o  ./tensorflow/lite/kernels/kernel_util.o  ./tensorflow/lite/experimental/microfrontend/lib/fft.o ./tensorflow/lite/experimental/microfrontend/lib/fft_util.o ./tensorflow/lite/experimental/microfrontend/lib/filterbank.o ./tensorflow/lite/experimental/microfrontend/lib/filterbank_util.o ./tensorflow/lite/experimental/microfrontend/lib/frontend.o ./tensorflow/lite/experimental/microfrontend/lib/frontend_util.o ./tensorflow/lite/experimental/microfrontend/lib/log_lut.o ./tensorflow/lite/experimental/microfrontend/lib/log_scale.o ./tensorflow/lite/experimental/microfrontend/lib/log_scale_util.o ./tensorflow/lite/experimental/microfrontend/lib/noise_reduction.o ./tensorflow/lite/experimental/microfrontend/lib/noise_reduction_util.o ./tensorflow/lite/experimental/microfrontend/lib/pcan_gain_control.o ./tensorflow/lite/experimental/microfrontend/lib/pcan_gain_control_util.o ./tensorflow/lite/experimental/microfrontend/lib/window.o ./tensorflow/lite/experimental/microfrontend/lib/window_util.o  ./tensorflow/lite/experimental/micro/tools/make/downloads/kissfft/tools/kiss_fftr.o  ./tensorflow/lite/experimental/micro/tools/make/downloads/kissfft/kiss_fft.o  ./tensorflow/lite/experimental/micro/memory_planner/greedy_memory_planner.o ./tensorflow/lite/experimental/micro/memory_planner/linear_memory_planner.o  ./tensorflow/lite/experimental/micro/kernels/portable_optimized/depthwise_conv.o  ./tensorflow/lite/experimental/micro/kernels/activations.o ./tensorflow/lite/experimental/micro/kernels/add.o ./tensorflow/lite/experimental/micro/kernels/all_ops_resolver.o ./tensorflow/lite/experimental/micro/kernels/arg_min_max.o ./tensorflow/lite/experimental/micro/kernels/ceil.o ./tensorflow/lite/experimental/micro/kernels/comparisons.o ./tensorflow/lite/experimental/micro/kernels/concatenation.o ./tensorflow/lite/experimental/micro/kernels/conv.o ./tensorflow/lite/experimental/micro/kernels/dequantize.o ./tensorflow/lite/experimental/micro/kernels/elementwise.o ./tensorflow/lite/experimental/micro/kernels/floor.o ./tensorflow/lite/experimental/micro/kernels/fully_connected.o ./tensorflow/lite/experimental/micro/kernels/logical.o ./tensorflow/lite/experimental/micro/kernels/logistic.o ./tensorflow/lite/experimental/micro/kernels/maximum_minimum.o ./tensorflow/lite/experimental/micro/kernels/mul.o ./tensorflow/lite/experimental/micro/kernels/neg.o ./tensorflow/lite/experimental/micro/kernels/pack.o ./tensorflow/lite/experimental/micro/kernels/pooling.o ./tensorflow/lite/experimental/micro/kernels/prelu.o ./tensorflow/lite/experimental/micro/kernels/quantize.o ./tensorflow/lite/experimental/micro/kernels/reshape.o ./tensorflow/lite/experimental/micro/kernels/round.o ./tensorflow/lite/experimental/micro/kernels/softmax.o ./tensorflow/lite/experimental/micro/kernels/split.o ./tensorflow/lite/experimental/micro/kernels/strided_slice.o ./tensorflow/lite/experimental/micro/kernels/svdf.o ./tensorflow/lite/experimental/micro/kernels/unpack.o  ./tensorflow/lite/experimental/micro/arduino/debug_log.o  ./tensorflow/lite/experimental/micro/debug_log_numbers.o ./tensorflow/lite/experimental/micro/memory_helpers.o ./tensorflow/lite/experimental/micro/micro_allocator.o ./tensorflow/lite/experimental/micro/micro_error_reporter.o ./tensorflow/lite/experimental/micro/micro_interpreter.o ./tensorflow/lite/experimental/micro/micro_mutable_op_resolver.o ./tensorflow/lite/experimental/micro/micro_optional_debug_tools.o ./tensorflow/lite/experimental/micro/micro_utils.o ./tensorflow/lite/experimental/micro/simple_memory_allocator.o ./tensorflow/lite/experimental/micro/test_helpers.o  ./tensorflow/lite/core/api/error_reporter.o ./tensorflow/lite/core/api/flatbuffer_conversions.o ./tensorflow/lite/core/api/op_resolver.o ./tensorflow/lite/core/api/tensor_utils.o  ./tensorflow/lite/c/common.o  ./src/arduino_constants.o ./src/arduino_main.o ./src/arduino_output_handler.o ./src/main.o ./src/sine_model_data.o   -Wl,--start-group,-lxil,-lgcc,-lc,-lstdc++,--end-group
'Finished building target: eFPGA_uTensor.elf'
' '
'Invoking: ARM v7 Print Size'
arm-none-eabi-size eFPGA_uTensor.elf  |tee "eFPGA_uTensor.elf.size"
   text	   data	    bss	    dec	    hex	filename
1037292	   4460	  42372	1084124	 108adc	eFPGA_uTensor.elf
'Finished building: eFPGA_uTensor.elf.size'
' '
13:09:07 **** Incremental Build of configuration Debug for project eFPGA_uTensor ****
make all 
make --no-print-directory pre-build
a9-linaro-pre-build-step
' '
make --no-print-directory main-build
'Building file: ../src/arduino_constants.cpp'
'Invoking: ARM v7 g++ compiler'
arm-none-eabi-g++ -Wall -O0 -g3 -c -fmessage-length=0 -MT"src/arduino_constants.o" -mcpu=cortex-a9 -mfpu=vfpv3 -mfloat-abi=hard -IC:/devWorks/FPGA/eFPGA_uTensor/eFPGA_uTensor_1/export/eFPGA_uTensor_1/sw/eFPGA_uTensor_1/standalone_domain/bspinclude/include -MMD -MP -MF"src/arduino_constants.d" -MT"src/arduino_constants.o" -o "src/arduino_constants.o" "../src/arduino_constants.cpp"
'Finished building: ../src/arduino_constants.cpp'
' '
'Building target: eFPGA_uTensor.elf'
'Invoking: ARM v7 g++ linker'
arm-none-eabi-g++ -L"C:\devWorks\FPGA\eFPGA_uTensor\eFPGA_uTensor_1\ps7_cortexa9_0\standalone_domain\bsp\ps7_cortexa9_0\lib" -mcpu=cortex-a9 -mfpu=vfpv3 -mfloat-abi=hard -Wl,-build-id=none -specs=Xilinx.spec -Wl,-T -Wl,../src/lscript.ld -LC:/devWorks/FPGA/eFPGA_uTensor/eFPGA_uTensor_1/export/eFPGA_uTensor_1/sw/eFPGA_uTensor_1/standalone_domain/bsplib/lib -o "eFPGA_uTensor.elf"  ./tensorflow/lite/kernels/internal/quantization_util.o  ./tensorflow/lite/kernels/kernel_util.o  ./tensorflow/lite/experimental/microfrontend/lib/fft.o ./tensorflow/lite/experimental/microfrontend/lib/fft_util.o ./tensorflow/lite/experimental/microfrontend/lib/filterbank.o ./tensorflow/lite/experimental/microfrontend/lib/filterbank_util.o ./tensorflow/lite/experimental/microfrontend/lib/frontend.o ./tensorflow/lite/experimental/microfrontend/lib/frontend_util.o ./tensorflow/lite/experimental/microfrontend/lib/log_lut.o ./tensorflow/lite/experimental/microfrontend/lib/log_scale.o ./tensorflow/lite/experimental/microfrontend/lib/log_scale_util.o ./tensorflow/lite/experimental/microfrontend/lib/noise_reduction.o ./tensorflow/lite/experimental/microfrontend/lib/noise_reduction_util.o ./tensorflow/lite/experimental/microfrontend/lib/pcan_gain_control.o ./tensorflow/lite/experimental/microfrontend/lib/pcan_gain_control_util.o ./tensorflow/lite/experimental/microfrontend/lib/window.o ./tensorflow/lite/experimental/microfrontend/lib/window_util.o  ./tensorflow/lite/experimental/micro/tools/make/downloads/kissfft/tools/kiss_fftr.o  ./tensorflow/lite/experimental/micro/tools/make/downloads/kissfft/kiss_fft.o  ./tensorflow/lite/experimental/micro/memory_planner/greedy_memory_planner.o ./tensorflow/lite/experimental/micro/memory_planner/linear_memory_planner.o  ./tensorflow/lite/experimental/micro/kernels/portable_optimized/depthwise_conv.o  ./tensorflow/lite/experimental/micro/kernels/activations.o ./tensorflow/lite/experimental/micro/kernels/add.o ./tensorflow/lite/experimental/micro/kernels/all_ops_resolver.o ./tensorflow/lite/experimental/micro/kernels/arg_min_max.o ./tensorflow/lite/experimental/micro/kernels/ceil.o ./tensorflow/lite/experimental/micro/kernels/comparisons.o ./tensorflow/lite/experimental/micro/kernels/concatenation.o ./tensorflow/lite/experimental/micro/kernels/conv.o ./tensorflow/lite/experimental/micro/kernels/dequantize.o ./tensorflow/lite/experimental/micro/kernels/elementwise.o ./tensorflow/lite/experimental/micro/kernels/floor.o ./tensorflow/lite/experimental/micro/kernels/fully_connected.o ./tensorflow/lite/experimental/micro/kernels/logical.o ./tensorflow/lite/experimental/micro/kernels/logistic.o ./tensorflow/lite/experimental/micro/kernels/maximum_minimum.o ./tensorflow/lite/experimental/micro/kernels/mul.o ./tensorflow/lite/experimental/micro/kernels/neg.o ./tensorflow/lite/experimental/micro/kernels/pack.o ./tensorflow/lite/experimental/micro/kernels/pooling.o ./tensorflow/lite/experimental/micro/kernels/prelu.o ./tensorflow/lite/experimental/micro/kernels/quantize.o ./tensorflow/lite/experimental/micro/kernels/reshape.o ./tensorflow/lite/experimental/micro/kernels/round.o ./tensorflow/lite/experimental/micro/kernels/softmax.o ./tensorflow/lite/experimental/micro/kernels/split.o ./tensorflow/lite/experimental/micro/kernels/strided_slice.o ./tensorflow/lite/experimental/micro/kernels/svdf.o ./tensorflow/lite/experimental/micro/kernels/unpack.o  ./tensorflow/lite/experimental/micro/arduino/debug_log.o  ./tensorflow/lite/experimental/micro/debug_log_numbers.o ./tensorflow/lite/experimental/micro/memory_helpers.o ./tensorflow/lite/experimental/micro/micro_allocator.o ./tensorflow/lite/experimental/micro/micro_error_reporter.o ./tensorflow/lite/experimental/micro/micro_interpreter.o ./tensorflow/lite/experimental/micro/micro_mutable_op_resolver.o ./tensorflow/lite/experimental/micro/micro_optional_debug_tools.o ./tensorflow/lite/experimental/micro/micro_utils.o ./tensorflow/lite/experimental/micro/simple_memory_allocator.o ./tensorflow/lite/experimental/micro/test_helpers.o  ./tensorflow/lite/core/api/error_reporter.o ./tensorflow/lite/core/api/flatbuffer_conversions.o ./tensorflow/lite/core/api/op_resolver.o ./tensorflow/lite/core/api/tensor_utils.o  ./tensorflow/lite/c/common.o  ./src/arduino_constants.o ./src/arduino_main.o ./src/arduino_output_handler.o ./src/main.o ./src/sine_model_data.o   -Wl,--start-group,-lxil,-lgcc,-lc,-lstdc++,--end-group
'Finished building target: eFPGA_uTensor.elf'
' '
'Invoking: ARM v7 Print Size'
arm-none-eabi-size eFPGA_uTensor.elf  |tee "eFPGA_uTensor.elf.size"
   text	   data	    bss	    dec	    hex	filename
1037292	   4460	  42372	1084124	 108adc	eFPGA_uTensor.elf
'Finished building: eFPGA_uTensor.elf.size'
' '
13:10:06 **** Incremental Build of configuration Debug for project eFPGA_uTensor ****
make all 
make --no-print-directory pre-build
a9-linaro-pre-build-step
' '
make --no-print-directory main-build
'Building file: ../src/arduino_constants.cpp'
'Invoking: ARM v7 g++ compiler'
arm-none-eabi-g++ -Wall -O0 -g3 -c -fmessage-length=0 -MT"src/arduino_constants.o" -mcpu=cortex-a9 -mfpu=vfpv3 -mfloat-abi=hard -IC:/devWorks/FPGA/eFPGA_uTensor/eFPGA_uTensor_1/export/eFPGA_uTensor_1/sw/eFPGA_uTensor_1/standalone_domain/bspinclude/include -MMD -MP -MF"src/arduino_constants.d" -MT"src/arduino_constants.o" -o "src/arduino_constants.o" "../src/arduino_constants.cpp"
'Finished building: ../src/arduino_constants.cpp'
' '
'Building target: eFPGA_uTensor.elf'
'Invoking: ARM v7 g++ linker'
arm-none-eabi-g++ -L"C:\devWorks\FPGA\eFPGA_uTensor\eFPGA_uTensor_1\ps7_cortexa9_0\standalone_domain\bsp\ps7_cortexa9_0\lib" -mcpu=cortex-a9 -mfpu=vfpv3 -mfloat-abi=hard -Wl,-build-id=none -specs=Xilinx.spec -Wl,-T -Wl,../src/lscript.ld -LC:/devWorks/FPGA/eFPGA_uTensor/eFPGA_uTensor_1/export/eFPGA_uTensor_1/sw/eFPGA_uTensor_1/standalone_domain/bsplib/lib -o "eFPGA_uTensor.elf"  ./tensorflow/lite/kernels/internal/quantization_util.o  ./tensorflow/lite/kernels/kernel_util.o  ./tensorflow/lite/experimental/microfrontend/lib/fft.o ./tensorflow/lite/experimental/microfrontend/lib/fft_util.o ./tensorflow/lite/experimental/microfrontend/lib/filterbank.o ./tensorflow/lite/experimental/microfrontend/lib/filterbank_util.o ./tensorflow/lite/experimental/microfrontend/lib/frontend.o ./tensorflow/lite/experimental/microfrontend/lib/frontend_util.o ./tensorflow/lite/experimental/microfrontend/lib/log_lut.o ./tensorflow/lite/experimental/microfrontend/lib/log_scale.o ./tensorflow/lite/experimental/microfrontend/lib/log_scale_util.o ./tensorflow/lite/experimental/microfrontend/lib/noise_reduction.o ./tensorflow/lite/experimental/microfrontend/lib/noise_reduction_util.o ./tensorflow/lite/experimental/microfrontend/lib/pcan_gain_control.o ./tensorflow/lite/experimental/microfrontend/lib/pcan_gain_control_util.o ./tensorflow/lite/experimental/microfrontend/lib/window.o ./tensorflow/lite/experimental/microfrontend/lib/window_util.o  ./tensorflow/lite/experimental/micro/tools/make/downloads/kissfft/tools/kiss_fftr.o  ./tensorflow/lite/experimental/micro/tools/make/downloads/kissfft/kiss_fft.o  ./tensorflow/lite/experimental/micro/memory_planner/greedy_memory_planner.o ./tensorflow/lite/experimental/micro/memory_planner/linear_memory_planner.o  ./tensorflow/lite/experimental/micro/kernels/portable_optimized/depthwise_conv.o  ./tensorflow/lite/experimental/micro/kernels/activations.o ./tensorflow/lite/experimental/micro/kernels/add.o ./tensorflow/lite/experimental/micro/kernels/all_ops_resolver.o ./tensorflow/lite/experimental/micro/kernels/arg_min_max.o ./tensorflow/lite/experimental/micro/kernels/ceil.o ./tensorflow/lite/experimental/micro/kernels/comparisons.o ./tensorflow/lite/experimental/micro/kernels/concatenation.o ./tensorflow/lite/experimental/micro/kernels/conv.o ./tensorflow/lite/experimental/micro/kernels/dequantize.o ./tensorflow/lite/experimental/micro/kernels/elementwise.o ./tensorflow/lite/experimental/micro/kernels/floor.o ./tensorflow/lite/experimental/micro/kernels/fully_connected.o ./tensorflow/lite/experimental/micro/kernels/logical.o ./tensorflow/lite/experimental/micro/kernels/logistic.o ./tensorflow/lite/experimental/micro/kernels/maximum_minimum.o ./tensorflow/lite/experimental/micro/kernels/mul.o ./tensorflow/lite/experimental/micro/kernels/neg.o ./tensorflow/lite/experimental/micro/kernels/pack.o ./tensorflow/lite/experimental/micro/kernels/pooling.o ./tensorflow/lite/experimental/micro/kernels/prelu.o ./tensorflow/lite/experimental/micro/kernels/quantize.o ./tensorflow/lite/experimental/micro/kernels/reshape.o ./tensorflow/lite/experimental/micro/kernels/round.o ./tensorflow/lite/experimental/micro/kernels/softmax.o ./tensorflow/lite/experimental/micro/kernels/split.o ./tensorflow/lite/experimental/micro/kernels/strided_slice.o ./tensorflow/lite/experimental/micro/kernels/svdf.o ./tensorflow/lite/experimental/micro/kernels/unpack.o  ./tensorflow/lite/experimental/micro/arduino/debug_log.o  ./tensorflow/lite/experimental/micro/debug_log_numbers.o ./tensorflow/lite/experimental/micro/memory_helpers.o ./tensorflow/lite/experimental/micro/micro_allocator.o ./tensorflow/lite/experimental/micro/micro_error_reporter.o ./tensorflow/lite/experimental/micro/micro_interpreter.o ./tensorflow/lite/experimental/micro/micro_mutable_op_resolver.o ./tensorflow/lite/experimental/micro/micro_optional_debug_tools.o ./tensorflow/lite/experimental/micro/micro_utils.o ./tensorflow/lite/experimental/micro/simple_memory_allocator.o ./tensorflow/lite/experimental/micro/test_helpers.o  ./tensorflow/lite/core/api/error_reporter.o ./tensorflow/lite/core/api/flatbuffer_conversions.o ./tensorflow/lite/core/api/op_resolver.o ./tensorflow/lite/core/api/tensor_utils.o  ./tensorflow/lite/c/common.o  ./src/arduino_constants.o ./src/arduino_main.o ./src/arduino_output_handler.o ./src/main.o ./src/sine_model_data.o   -Wl,--start-group,-lxil,-lgcc,-lc,-lstdc++,--end-group
'Finished building target: eFPGA_uTensor.elf'
' '
'Invoking: ARM v7 Print Size'
arm-none-eabi-size eFPGA_uTensor.elf  |tee "eFPGA_uTensor.elf.size"
   text	   data	    bss	    dec	    hex	filename
1037292	   4460	  42372	1084124	 108adc	eFPGA_uTensor.elf
'Finished building: eFPGA_uTensor.elf.size'
' '
13:11:07 **** Incremental Build of configuration Debug for project eFPGA_uTensor ****
make all 
make --no-print-directory pre-build
a9-linaro-pre-build-step
' '
make --no-print-directory main-build
'Building file: ../src/arduino_constants.cpp'
'Invoking: ARM v7 g++ compiler'
arm-none-eabi-g++ -Wall -O0 -g3 -c -fmessage-length=0 -MT"src/arduino_constants.o" -mcpu=cortex-a9 -mfpu=vfpv3 -mfloat-abi=hard -IC:/devWorks/FPGA/eFPGA_uTensor/eFPGA_uTensor_1/export/eFPGA_uTensor_1/sw/eFPGA_uTensor_1/standalone_domain/bspinclude/include -MMD -MP -MF"src/arduino_constants.d" -MT"src/arduino_constants.o" -o "src/arduino_constants.o" "../src/arduino_constants.cpp"
'Finished building: ../src/arduino_constants.cpp'
' '
'Building target: eFPGA_uTensor.elf'
'Invoking: ARM v7 g++ linker'
arm-none-eabi-g++ -L"C:\devWorks\FPGA\eFPGA_uTensor\eFPGA_uTensor_1\ps7_cortexa9_0\standalone_domain\bsp\ps7_cortexa9_0\lib" -mcpu=cortex-a9 -mfpu=vfpv3 -mfloat-abi=hard -Wl,-build-id=none -specs=Xilinx.spec -Wl,-T -Wl,../src/lscript.ld -LC:/devWorks/FPGA/eFPGA_uTensor/eFPGA_uTensor_1/export/eFPGA_uTensor_1/sw/eFPGA_uTensor_1/standalone_domain/bsplib/lib -o "eFPGA_uTensor.elf"  ./tensorflow/lite/kernels/internal/quantization_util.o  ./tensorflow/lite/kernels/kernel_util.o  ./tensorflow/lite/experimental/microfrontend/lib/fft.o ./tensorflow/lite/experimental/microfrontend/lib/fft_util.o ./tensorflow/lite/experimental/microfrontend/lib/filterbank.o ./tensorflow/lite/experimental/microfrontend/lib/filterbank_util.o ./tensorflow/lite/experimental/microfrontend/lib/frontend.o ./tensorflow/lite/experimental/microfrontend/lib/frontend_util.o ./tensorflow/lite/experimental/microfrontend/lib/log_lut.o ./tensorflow/lite/experimental/microfrontend/lib/log_scale.o ./tensorflow/lite/experimental/microfrontend/lib/log_scale_util.o ./tensorflow/lite/experimental/microfrontend/lib/noise_reduction.o ./tensorflow/lite/experimental/microfrontend/lib/noise_reduction_util.o ./tensorflow/lite/experimental/microfrontend/lib/pcan_gain_control.o ./tensorflow/lite/experimental/microfrontend/lib/pcan_gain_control_util.o ./tensorflow/lite/experimental/microfrontend/lib/window.o ./tensorflow/lite/experimental/microfrontend/lib/window_util.o  ./tensorflow/lite/experimental/micro/tools/make/downloads/kissfft/tools/kiss_fftr.o  ./tensorflow/lite/experimental/micro/tools/make/downloads/kissfft/kiss_fft.o  ./tensorflow/lite/experimental/micro/memory_planner/greedy_memory_planner.o ./tensorflow/lite/experimental/micro/memory_planner/linear_memory_planner.o  ./tensorflow/lite/experimental/micro/kernels/portable_optimized/depthwise_conv.o  ./tensorflow/lite/experimental/micro/kernels/activations.o ./tensorflow/lite/experimental/micro/kernels/add.o ./tensorflow/lite/experimental/micro/kernels/all_ops_resolver.o ./tensorflow/lite/experimental/micro/kernels/arg_min_max.o ./tensorflow/lite/experimental/micro/kernels/ceil.o ./tensorflow/lite/experimental/micro/kernels/comparisons.o ./tensorflow/lite/experimental/micro/kernels/concatenation.o ./tensorflow/lite/experimental/micro/kernels/conv.o ./tensorflow/lite/experimental/micro/kernels/dequantize.o ./tensorflow/lite/experimental/micro/kernels/elementwise.o ./tensorflow/lite/experimental/micro/kernels/floor.o ./tensorflow/lite/experimental/micro/kernels/fully_connected.o ./tensorflow/lite/experimental/micro/kernels/logical.o ./tensorflow/lite/experimental/micro/kernels/logistic.o ./tensorflow/lite/experimental/micro/kernels/maximum_minimum.o ./tensorflow/lite/experimental/micro/kernels/mul.o ./tensorflow/lite/experimental/micro/kernels/neg.o ./tensorflow/lite/experimental/micro/kernels/pack.o ./tensorflow/lite/experimental/micro/kernels/pooling.o ./tensorflow/lite/experimental/micro/kernels/prelu.o ./tensorflow/lite/experimental/micro/kernels/quantize.o ./tensorflow/lite/experimental/micro/kernels/reshape.o ./tensorflow/lite/experimental/micro/kernels/round.o ./tensorflow/lite/experimental/micro/kernels/softmax.o ./tensorflow/lite/experimental/micro/kernels/split.o ./tensorflow/lite/experimental/micro/kernels/strided_slice.o ./tensorflow/lite/experimental/micro/kernels/svdf.o ./tensorflow/lite/experimental/micro/kernels/unpack.o  ./tensorflow/lite/experimental/micro/arduino/debug_log.o  ./tensorflow/lite/experimental/micro/debug_log_numbers.o ./tensorflow/lite/experimental/micro/memory_helpers.o ./tensorflow/lite/experimental/micro/micro_allocator.o ./tensorflow/lite/experimental/micro/micro_error_reporter.o ./tensorflow/lite/experimental/micro/micro_interpreter.o ./tensorflow/lite/experimental/micro/micro_mutable_op_resolver.o ./tensorflow/lite/experimental/micro/micro_optional_debug_tools.o ./tensorflow/lite/experimental/micro/micro_utils.o ./tensorflow/lite/experimental/micro/simple_memory_allocator.o ./tensorflow/lite/experimental/micro/test_helpers.o  ./tensorflow/lite/core/api/error_reporter.o ./tensorflow/lite/core/api/flatbuffer_conversions.o ./tensorflow/lite/core/api/op_resolver.o ./tensorflow/lite/core/api/tensor_utils.o  ./tensorflow/lite/c/common.o  ./src/arduino_constants.o ./src/arduino_main.o ./src/arduino_output_handler.o ./src/main.o ./src/sine_model_data.o   -Wl,--start-group,-lxil,-lgcc,-lc,-lstdc++,--end-group
'Finished building target: eFPGA_uTensor.elf'
' '
'Invoking: ARM v7 Print Size'
arm-none-eabi-size eFPGA_uTensor.elf  |tee "eFPGA_uTensor.elf.size"
   text	   data	    bss	    dec	    hex	filename
1037292	   4460	  42372	1084124	 108adc	eFPGA_uTensor.elf
'Finished building: eFPGA_uTensor.elf.size'
' '
