Copyright 1986-2018 Xilinx, Inc. All Rights Reserved.
----------------------------------------------------------------------------------------------------------------------------------------------------------------------
| Tool Version     : Vivado v.2018.2 (win64) Build 2258646 Thu Jun 14 20:03:12 MDT 2018
| Date             : Fri Nov  9 13:36:22 2018
| Host             : 5CG64360W4 running 64-bit major release  (build 9200)
| Command          : report_power -file design_1_wrapper_power_routed.rpt -pb design_1_wrapper_power_summary_routed.pb -rpx design_1_wrapper_power_routed.rpx
| Design           : design_1_wrapper
| Device           : xc7z007sclg225-1
| Design State     : routed
| Grade            : commercial
| Process          : typical
| Characterization : Production
----------------------------------------------------------------------------------------------------------------------------------------------------------------------

Power Report

Table of Contents
-----------------
1. Summary
1.1 On-Chip Components
1.2 Power Supply Summary
1.3 Confidence Level
2. Settings
2.1 Environment
2.2 Clock Constraints
3. Detailed Reports
3.1 By Hierarchy

1. Summary
----------

+--------------------------+--------------+
| Total On-Chip Power (W)  | 0.092        |
| Design Power Budget (W)  | Unspecified* |
| Power Budget Margin (W)  | NA           |
| Dynamic (W)              | 0.002        |
| Device Static (W)        | 0.090        |
| Effective TJA (C/W)      | 11.5         |
| Max Ambient (C)          | 83.9         |
| Junction Temperature (C) | 26.1         |
| Confidence Level         | Low          |
| Setting File             | ---          |
| Simulation Activity File | ---          |
| Design Nets Matched      | NA           |
+--------------------------+--------------+
* Specify Design Power Budget using, set_operating_conditions -design_power_budget <value in Watts>


1.1 On-Chip Components
----------------------

+--------------------------+-----------+----------+-----------+-----------------+
| On-Chip                  | Power (W) | Used     | Available | Utilization (%) |
+--------------------------+-----------+----------+-----------+-----------------+
| Clocks                   |     0.001 |        3 |       --- |             --- |
| Slice Logic              |    <0.001 |    15196 |       --- |             --- |
|   LUT as Logic           |    <0.001 |     7190 |     14400 |           49.93 |
|   Register               |    <0.001 |     4830 |     28800 |           16.77 |
|   LUT as Distributed RAM |    <0.001 |      152 |      6000 |            2.53 |
|   CARRY4                 |    <0.001 |     1278 |      4400 |           29.05 |
|   BUFG                   |    <0.001 |        1 |        32 |            3.13 |
|   F7/F8 Muxes            |    <0.001 |       94 |     17600 |            0.53 |
|   LUT as Shift Register  |    <0.001 |      321 |      6000 |            5.35 |
|   Others                 |     0.000 |      550 |       --- |             --- |
| Signals                  |    <0.001 |    12191 |       --- |             --- |
| Block RAM                |    <0.001 |        3 |        50 |            6.00 |
| DSPs                     |     0.000 |        1 |        66 |            1.52 |
| Static Power             |     0.090 |          |           |                 |
| Total                    |     0.092 |          |           |                 |
+--------------------------+-----------+----------+-----------+-----------------+


1.2 Power Supply Summary
------------------------

+-----------+-------------+-----------+-------------+------------+
| Source    | Voltage (V) | Total (A) | Dynamic (A) | Static (A) |
+-----------+-------------+-----------+-------------+------------+
| Vccint    |       1.000 |     0.006 |       0.002 |      0.004 |
| Vccaux    |       1.800 |     0.005 |       0.000 |      0.005 |
| Vcco33    |       3.300 |     0.000 |       0.000 |      0.000 |
| Vcco25    |       2.500 |     0.000 |       0.000 |      0.000 |
| Vcco18    |       1.800 |     0.000 |       0.000 |      0.000 |
| Vcco15    |       1.500 |     0.000 |       0.000 |      0.000 |
| Vcco135   |       1.350 |     0.000 |       0.000 |      0.000 |
| Vcco12    |       1.200 |     0.000 |       0.000 |      0.000 |
| Vccaux_io |       1.800 |     0.000 |       0.000 |      0.000 |
| Vccbram   |       1.000 |     0.000 |       0.000 |      0.000 |
| MGTAVcc   |       1.000 |     0.000 |       0.000 |      0.000 |
| MGTAVtt   |       1.200 |     0.000 |       0.000 |      0.000 |
| MGTVccaux |       1.800 |     0.000 |       0.000 |      0.000 |
| Vccpint   |       1.000 |     0.016 |       0.000 |      0.016 |
| Vccpaux   |       1.800 |     0.010 |       0.000 |      0.010 |
| Vccpll    |       1.800 |     0.003 |       0.000 |      0.003 |
| Vcco_ddr  |       1.500 |     0.000 |       0.000 |      0.000 |
| Vcco_mio0 |       1.800 |     0.000 |       0.000 |      0.000 |
| Vcco_mio1 |       1.800 |     0.000 |       0.000 |      0.000 |
| Vccadc    |       1.800 |     0.020 |       0.000 |      0.020 |
+-----------+-------------+-----------+-------------+------------+


1.3 Confidence Level
--------------------

+-----------------------------+------------+------------------------------------------------+--------------------------------------------------------------------------------------------------------------------+
| User Input Data             | Confidence | Details                                        | Action                                                                                                             |
+-----------------------------+------------+------------------------------------------------+--------------------------------------------------------------------------------------------------------------------+
| Design implementation state | High       | Design is routed                               |                                                                                                                    |
| Clock nodes activity        | Low        | User specified less than 75% of clocks         | Provide missing clock activity with a constraint file, simulation results or by editing the "By Clock Domain" view |
| I/O nodes activity          | High       | User specified more than 95% of inputs         |                                                                                                                    |
| Internal nodes activity     | Medium     | User specified less than 25% of internal nodes | Provide missing internal nodes activity with simulation results or by editing the "By Resource Type" views         |
| Device models               | High       | Device models are Production                   |                                                                                                                    |
|                             |            |                                                |                                                                                                                    |
| Overall confidence level    | Low        |                                                |                                                                                                                    |
+-----------------------------+------------+------------------------------------------------+--------------------------------------------------------------------------------------------------------------------+


2. Settings
-----------

2.1 Environment
---------------

+-----------------------+------------------------+
| Ambient Temp (C)      | 25.0                   |
| ThetaJA (C/W)         | 11.5                   |
| Airflow (LFM)         | 250                    |
| Heat Sink             | none                   |
| ThetaSA (C/W)         | 0.0                    |
| Board Selection       | medium (10"x10")       |
| # of Board Layers     | 8to11 (8 to 11 Layers) |
| Board Temperature (C) | 25.0                   |
+-----------------------+------------------------+


2.2 Clock Constraints
---------------------

+--------------------------------------------------------------------------------------------+----------------------------------------------------------------------+-----------------+
| Clock                                                                                      | Domain                                                               | Constraint (ns) |
+--------------------------------------------------------------------------------------------+----------------------------------------------------------------------+-----------------+
| dbg_hub/inst/BSCANID.u_xsdbm_id/SWITCH_N_EXT_BSCAN.bscan_inst/SERIES7_BSCAN.bscan_inst/TCK | dbg_hub/inst/BSCANID.u_xsdbm_id/SWITCH_N_EXT_BSCAN.bscan_inst/tck_bs |            33.0 |
+--------------------------------------------------------------------------------------------+----------------------------------------------------------------------+-----------------+


3. Detailed Reports
-------------------

3.1 By Hierarchy
----------------

+------------------------------------------------------------------------------------+-----------+
| Name                                                                               | Power (W) |
+------------------------------------------------------------------------------------+-----------+
| design_1_wrapper                                                                   |     0.002 |
|   dbg_hub                                                                          |     0.002 |
|     inst                                                                           |     0.002 |
|       BSCANID.u_xsdbm_id                                                           |     0.002 |
|         CORE_XSDB.UUT_MASTER                                                       |    <0.001 |
|           U_ICON_INTERFACE                                                         |    <0.001 |
|             U_CMD1                                                                 |    <0.001 |
|             U_CMD2                                                                 |    <0.001 |
|             U_CMD3                                                                 |    <0.001 |
|             U_CMD4                                                                 |    <0.001 |
|             U_CMD5                                                                 |    <0.001 |
|             U_CMD6_RD                                                              |    <0.001 |
|               U_RD_FIFO                                                            |    <0.001 |
|                 SUBCORE_FIFO.xsdbm_v3_0_0_rdfifo_inst                              |    <0.001 |
|                   inst_fifo_gen                                                    |    <0.001 |
|                     gconvfifo.rf                                                   |    <0.001 |
|                       grf.rf                                                       |    <0.001 |
|                         gntv_or_sync_fifo.gcx.clkx                                 |    <0.001 |
|                           gnxpm_cdc.gsync_stage[1].rd_stg_inst                     |    <0.001 |
|                           gnxpm_cdc.gsync_stage[1].wr_stg_inst                     |    <0.001 |
|                           gnxpm_cdc.gsync_stage[2].rd_stg_inst                     |    <0.001 |
|                           gnxpm_cdc.gsync_stage[2].wr_stg_inst                     |    <0.001 |
|                         gntv_or_sync_fifo.gl0.rd                                   |    <0.001 |
|                           gr1.gr1_int.rfwft                                        |    <0.001 |
|                           gras.rsts                                                |    <0.001 |
|                           grhf.rhf                                                 |    <0.001 |
|                           rpntr                                                    |    <0.001 |
|                         gntv_or_sync_fifo.gl0.wr                                   |    <0.001 |
|                           gwas.wsts                                                |    <0.001 |
|                           gwhf.whf                                                 |    <0.001 |
|                           wpntr                                                    |    <0.001 |
|                         gntv_or_sync_fifo.mem                                      |    <0.001 |
|                           gdm.dm_gen.dm                                            |    <0.001 |
|                             RAM_reg_0_15_0_5                                       |    <0.001 |
|                             RAM_reg_0_15_12_15                                     |    <0.001 |
|                             RAM_reg_0_15_6_11                                      |    <0.001 |
|                         rstblk                                                     |    <0.001 |
|                           ngwrdrst.grst.g7serrst.gwrrd_rst_sync_stage[1].rrst_inst |    <0.001 |
|                           ngwrdrst.grst.g7serrst.gwrrd_rst_sync_stage[1].wrst_inst |    <0.001 |
|                           ngwrdrst.grst.g7serrst.gwrrd_rst_sync_stage[2].rrst_inst |    <0.001 |
|                           ngwrdrst.grst.g7serrst.gwrrd_rst_sync_stage[2].wrst_inst |    <0.001 |
|             U_CMD6_WR                                                              |    <0.001 |
|               U_WR_FIFO                                                            |    <0.001 |
|                 SUBCORE_FIFO.xsdbm_v3_0_0_wrfifo_inst                              |    <0.001 |
|                   inst_fifo_gen                                                    |    <0.001 |
|                     gconvfifo.rf                                                   |    <0.001 |
|                       grf.rf                                                       |    <0.001 |
|                         gntv_or_sync_fifo.gcx.clkx                                 |    <0.001 |
|                           gnxpm_cdc.gsync_stage[1].rd_stg_inst                     |     0.000 |
|                           gnxpm_cdc.gsync_stage[1].wr_stg_inst                     |    <0.001 |
|                           gnxpm_cdc.gsync_stage[2].rd_stg_inst                     |     0.000 |
|                           gnxpm_cdc.gsync_stage[2].wr_stg_inst                     |    <0.001 |
|                         gntv_or_sync_fifo.gl0.rd                                   |    <0.001 |
|                           gras.rsts                                                |    <0.001 |
|                           grhf.rhf                                                 |    <0.001 |
|                           rpntr                                                    |    <0.001 |
|                         gntv_or_sync_fifo.gl0.wr                                   |    <0.001 |
|                           gwas.wsts                                                |    <0.001 |
|                           gwhf.whf                                                 |    <0.001 |
|                           wpntr                                                    |    <0.001 |
|                         gntv_or_sync_fifo.mem                                      |    <0.001 |
|                           gdm.dm_gen.dm                                            |    <0.001 |
|                             RAM_reg_0_15_0_5                                       |    <0.001 |
|                             RAM_reg_0_15_12_15                                     |    <0.001 |
|                             RAM_reg_0_15_6_11                                      |    <0.001 |
|                         rstblk                                                     |    <0.001 |
|                           ngwrdrst.grst.g7serrst.gwrrd_rst_sync_stage[1].rrst_inst |    <0.001 |
|                           ngwrdrst.grst.g7serrst.gwrrd_rst_sync_stage[1].wrst_inst |    <0.001 |
|                           ngwrdrst.grst.g7serrst.gwrrd_rst_sync_stage[2].rrst_inst |    <0.001 |
|                           ngwrdrst.grst.g7serrst.gwrrd_rst_sync_stage[2].wrst_inst |    <0.001 |
|             U_CMD7_CTL                                                             |    <0.001 |
|             U_CMD7_STAT                                                            |    <0.001 |
|             U_STATIC_STATUS                                                        |    <0.001 |
|           U_XSDB_ADDRESS_CONTROLLER                                                |    <0.001 |
|           U_XSDB_BURST_WD_LEN_CONTROLLER                                           |    <0.001 |
|           U_XSDB_BUS_CONTROLLER                                                    |    <0.001 |
|             U_RD_ABORT_FLAG                                                        |    <0.001 |
|             U_RD_REQ_FLAG                                                          |    <0.001 |
|             U_TIMER                                                                |    <0.001 |
|           U_XSDB_BUS_MSTR2SL_PORT_IFACE                                            |    <0.001 |
|             U_RD_DIN_BUS_MUX                                                       |    <0.001 |
|         CORE_XSDB.U_ICON                                                           |    <0.001 |
|           U_CMD                                                                    |    <0.001 |
|           U_STAT                                                                   |    <0.001 |
|           U_SYNC                                                                   |    <0.001 |
|         SWITCH_N_EXT_BSCAN.bscan_inst                                              |    <0.001 |
|         SWITCH_N_EXT_BSCAN.bscan_switch                                            |    <0.001 |
|   design_1_i                                                                       |    <0.001 |
|     MATH_UNIT_0                                                                    |     0.000 |
|       U0                                                                           |     0.000 |
|     ila_0                                                                          |    <0.001 |
|       U0                                                                           |    <0.001 |
|         ila_core_inst                                                              |    <0.001 |
|           ADV_TRIG.u_adv_trig                                                      |    <0.001 |
|             fsm_mem_data_reg_r1_0_63_0_2                                           |    <0.001 |
|             fsm_mem_data_reg_r1_0_63_12_14                                         |    <0.001 |
|             fsm_mem_data_reg_r1_0_63_15_17                                         |    <0.001 |
|             fsm_mem_data_reg_r1_0_63_18_20                                         |    <0.001 |
|             fsm_mem_data_reg_r1_0_63_21_23                                         |    <0.001 |
|             fsm_mem_data_reg_r1_0_63_3_5                                           |    <0.001 |
|             fsm_mem_data_reg_r1_0_63_6_8                                           |    <0.001 |
|             fsm_mem_data_reg_r1_0_63_9_11                                          |    <0.001 |
|             fsm_mem_data_reg_r1_64_127_0_2                                         |    <0.001 |
|             fsm_mem_data_reg_r1_64_127_12_14                                       |    <0.001 |
|             fsm_mem_data_reg_r1_64_127_15_17                                       |    <0.001 |
|             fsm_mem_data_reg_r1_64_127_18_20                                       |    <0.001 |
|             fsm_mem_data_reg_r1_64_127_21_23                                       |    <0.001 |
|             fsm_mem_data_reg_r1_64_127_3_5                                         |    <0.001 |
|             fsm_mem_data_reg_r1_64_127_6_8                                         |    <0.001 |
|             fsm_mem_data_reg_r1_64_127_9_11                                        |    <0.001 |
|             fsm_mem_data_reg_r2_0_63_0_2                                           |    <0.001 |
|             fsm_mem_data_reg_r2_0_63_12_14                                         |    <0.001 |
|             fsm_mem_data_reg_r2_0_63_15_17                                         |    <0.001 |
|             fsm_mem_data_reg_r2_0_63_18_20                                         |    <0.001 |
|             fsm_mem_data_reg_r2_0_63_21_23                                         |    <0.001 |
|             fsm_mem_data_reg_r2_0_63_3_5                                           |    <0.001 |
|             fsm_mem_data_reg_r2_0_63_6_8                                           |    <0.001 |
|             fsm_mem_data_reg_r2_0_63_9_11                                          |    <0.001 |
|             fsm_mem_data_reg_r2_64_127_0_2                                         |    <0.001 |
|             fsm_mem_data_reg_r2_64_127_12_14                                       |    <0.001 |
|             fsm_mem_data_reg_r2_64_127_15_17                                       |    <0.001 |
|             fsm_mem_data_reg_r2_64_127_18_20                                       |    <0.001 |
|             fsm_mem_data_reg_r2_64_127_21_23                                       |    <0.001 |
|             fsm_mem_data_reg_r2_64_127_3_5                                         |    <0.001 |
|             fsm_mem_data_reg_r2_64_127_6_8                                         |    <0.001 |
|             fsm_mem_data_reg_r2_64_127_9_11                                        |    <0.001 |
|           ADV_TRIG_MEM_READ.u_fsm_memory_read_inst                                 |    <0.001 |
|           COUNTER.u_count                                                          |    <0.001 |
|             G_COUNTER[0].U_COUNTER                                                 |    <0.001 |
|             G_COUNTER[1].U_COUNTER                                                 |    <0.001 |
|             G_COUNTER[2].U_COUNTER                                                 |    <0.001 |
|             G_COUNTER[3].U_COUNTER                                                 |    <0.001 |
|           ila_trace_memory_inst                                                    |    <0.001 |
|             SUBCORE_RAM_BLK_MEM_1.trace_block_memory                               |    <0.001 |
|               inst_blk_mem_gen                                                     |    <0.001 |
|                 gnbram.gnativebmg.native_blk_mem_gen                               |    <0.001 |
|                   valid.cstr                                                       |    <0.001 |
|                     ramloop[0].ram.r                                               |    <0.001 |
|                       prim_noinit.ram                                              |    <0.001 |
|                     ramloop[1].ram.r                                               |    <0.001 |
|                       prim_noinit.ram                                              |    <0.001 |
|                     ramloop[2].ram.r                                               |    <0.001 |
|                       prim_noinit.ram                                              |    <0.001 |
|           u_ila_cap_ctrl                                                           |    <0.001 |
|             U_CDONE                                                                |    <0.001 |
|             U_NS0                                                                  |    <0.001 |
|             U_NS1                                                                  |    <0.001 |
|             u_cap_addrgen                                                          |    <0.001 |
|               U_CMPRESET                                                           |    <0.001 |
|               u_cap_sample_counter                                                 |    <0.001 |
|                 U_SCE                                                              |     0.000 |
|                 U_SCMPCE                                                           |     0.000 |
|                 U_SCRST                                                            |    <0.001 |
|                 u_scnt_cmp                                                         |     0.000 |
|                   allx_typeA_match_detection.ltlib_v1_0_0_allx_typeA_inst          |     0.000 |
|                     DUT                                                            |     0.000 |
|                       I_WHOLE_SLICE.G_SLICE_IDX[0].U_ALL_SRL_SLICE                 |     0.000 |
|                         u_srlA                                                     |     0.000 |
|                         u_srlB                                                     |     0.000 |
|                         u_srlC                                                     |     0.000 |
|                         u_srlD                                                     |     0.000 |
|                       I_WHOLE_SLICE.G_SLICE_IDX[1].U_ALL_SRL_SLICE                 |     0.000 |
|                         u_srlA                                                     |     0.000 |
|                         u_srlB                                                     |     0.000 |
|                         u_srlC                                                     |     0.000 |
|                         u_srlD                                                     |     0.000 |
|               u_cap_window_counter                                                 |    <0.001 |
|                 U_WCE                                                              |     0.000 |
|                 U_WHCMPCE                                                          |     0.000 |
|                 U_WLCMPCE                                                          |     0.000 |
|                 u_wcnt_hcmp                                                        |     0.000 |
|                   allx_typeA_match_detection.ltlib_v1_0_0_allx_typeA_inst          |     0.000 |
|                     DUT                                                            |     0.000 |
|                       I_WHOLE_SLICE.G_SLICE_IDX[0].U_ALL_SRL_SLICE                 |     0.000 |
|                         u_srlA                                                     |     0.000 |
|                         u_srlB                                                     |     0.000 |
|                         u_srlC                                                     |     0.000 |
|                         u_srlD                                                     |     0.000 |
|                       I_WHOLE_SLICE.G_SLICE_IDX[1].U_ALL_SRL_SLICE                 |     0.000 |
|                         u_srlA                                                     |     0.000 |
|                         u_srlB                                                     |     0.000 |
|                         u_srlC                                                     |     0.000 |
|                         u_srlD                                                     |     0.000 |
|                 u_wcnt_lcmp                                                        |    <0.001 |
|                   allx_typeA_match_detection.ltlib_v1_0_0_allx_typeA_inst          |    <0.001 |
|                     DUT                                                            |     0.000 |
|                       I_WHOLE_SLICE.G_SLICE_IDX[0].U_ALL_SRL_SLICE                 |     0.000 |
|                         u_srlA                                                     |     0.000 |
|                         u_srlB                                                     |     0.000 |
|                         u_srlC                                                     |     0.000 |
|                         u_srlD                                                     |     0.000 |
|                       I_WHOLE_SLICE.G_SLICE_IDX[1].U_ALL_SRL_SLICE                 |     0.000 |
|                         u_srlA                                                     |     0.000 |
|                         u_srlB                                                     |     0.000 |
|                         u_srlC                                                     |     0.000 |
|                         u_srlD                                                     |     0.000 |
|           u_ila_regs                                                               |    <0.001 |
|             ADV_TRIG_STREAM.reg_stream_ffc                                         |    <0.001 |
|               I_EN_CTL_EQ1.U_CTL                                                   |     0.000 |
|             ADV_TRIG_STREAM_READBACK.reg_stream_ffb                                |    <0.001 |
|               I_EN_STAT_EQ1.U_STAT                                                 |    <0.001 |
|             CNT.CNT_SRL[0].cnt_srl_reg                                             |    <0.001 |
|             CNT.CNT_SRL[1].cnt_srl_reg                                             |    <0.001 |
|             CNT.CNT_SRL[2].cnt_srl_reg                                             |    <0.001 |
|             CNT.CNT_SRL[3].cnt_srl_reg                                             |    <0.001 |
|             MU_SRL[0].mu_srl_reg                                                   |    <0.001 |
|             MU_SRL[1].mu_srl_reg                                                   |    <0.001 |
|             MU_SRL[2].mu_srl_reg                                                   |    <0.001 |
|             MU_SRL[3].mu_srl_reg                                                   |    <0.001 |
|             TC_SRL[0].tc_srl_reg                                                   |    <0.001 |
|             TC_SRL[10].tc_srl_reg                                                  |    <0.001 |
|             TC_SRL[11].tc_srl_reg                                                  |    <0.001 |
|             TC_SRL[12].tc_srl_reg                                                  |    <0.001 |
|             TC_SRL[13].tc_srl_reg                                                  |    <0.001 |
|             TC_SRL[14].tc_srl_reg                                                  |    <0.001 |
|             TC_SRL[15].tc_srl_reg                                                  |    <0.001 |
|             TC_SRL[16].tc_srl_reg                                                  |    <0.001 |
|             TC_SRL[17].tc_srl_reg                                                  |    <0.001 |
|             TC_SRL[18].tc_srl_reg                                                  |    <0.001 |
|             TC_SRL[19].tc_srl_reg                                                  |    <0.001 |
|             TC_SRL[1].tc_srl_reg                                                   |    <0.001 |
|             TC_SRL[20].tc_srl_reg                                                  |    <0.001 |
|             TC_SRL[21].tc_srl_reg                                                  |    <0.001 |
|             TC_SRL[22].tc_srl_reg                                                  |    <0.001 |
|             TC_SRL[23].tc_srl_reg                                                  |    <0.001 |
|             TC_SRL[24].tc_srl_reg                                                  |    <0.001 |
|             TC_SRL[25].tc_srl_reg                                                  |    <0.001 |
|             TC_SRL[26].tc_srl_reg                                                  |    <0.001 |
|             TC_SRL[27].tc_srl_reg                                                  |    <0.001 |
|             TC_SRL[28].tc_srl_reg                                                  |    <0.001 |
|             TC_SRL[29].tc_srl_reg                                                  |    <0.001 |
|             TC_SRL[2].tc_srl_reg                                                   |    <0.001 |
|             TC_SRL[30].tc_srl_reg                                                  |    <0.001 |
|             TC_SRL[31].tc_srl_reg                                                  |    <0.001 |
|             TC_SRL[3].tc_srl_reg                                                   |    <0.001 |
|             TC_SRL[4].tc_srl_reg                                                   |    <0.001 |
|             TC_SRL[5].tc_srl_reg                                                   |    <0.001 |
|             TC_SRL[6].tc_srl_reg                                                   |    <0.001 |
|             TC_SRL[7].tc_srl_reg                                                   |    <0.001 |
|             TC_SRL[8].tc_srl_reg                                                   |    <0.001 |
|             TC_SRL[9].tc_srl_reg                                                   |    <0.001 |
|             U_XSDB_SLAVE                                                           |    <0.001 |
|             reg_15                                                                 |    <0.001 |
|               I_EN_CTL_EQ1.U_CTL                                                   |    <0.001 |
|             reg_16                                                                 |    <0.001 |
|               I_EN_CTL_EQ1.U_CTL                                                   |    <0.001 |
|             reg_17                                                                 |     0.000 |
|               I_EN_CTL_EQ1.U_CTL                                                   |     0.000 |
|             reg_18                                                                 |    <0.001 |
|               I_EN_CTL_EQ1.U_CTL                                                   |    <0.001 |
|             reg_19                                                                 |     0.000 |
|               I_EN_CTL_EQ1.U_CTL                                                   |     0.000 |
|             reg_1a                                                                 |    <0.001 |
|               I_EN_CTL_EQ1.U_CTL                                                   |    <0.001 |
|             reg_6                                                                  |    <0.001 |
|               I_EN_CTL_EQ1.U_CTL                                                   |    <0.001 |
|             reg_7                                                                  |    <0.001 |
|               I_EN_CTL_EQ1.U_CTL                                                   |    <0.001 |
|             reg_8                                                                  |    <0.001 |
|               I_EN_STAT_EQ1.U_STAT                                                 |    <0.001 |
|             reg_80                                                                 |    <0.001 |
|               I_EN_CTL_EQ1.U_CTL                                                   |    <0.001 |
|             reg_81                                                                 |    <0.001 |
|               I_EN_CTL_EQ1.U_CTL                                                   |    <0.001 |
|             reg_82                                                                 |    <0.001 |
|               I_EN_CTL_EQ1.U_CTL                                                   |    <0.001 |
|             reg_83                                                                 |    <0.001 |
|               I_EN_CTL_EQ1.U_CTL                                                   |    <0.001 |
|             reg_84                                                                 |    <0.001 |
|               I_EN_CTL_EQ1.U_CTL                                                   |    <0.001 |
|             reg_85                                                                 |     0.000 |
|               I_EN_CTL_EQ1.U_CTL                                                   |     0.000 |
|             reg_887                                                                |     0.000 |
|               I_EN_STAT_EQ1.U_STAT                                                 |     0.000 |
|             reg_88d                                                                |    <0.001 |
|               I_EN_STAT_EQ1.U_STAT                                                 |    <0.001 |
|             reg_88f                                                                |    <0.001 |
|               I_EN_STAT_EQ1.U_STAT                                                 |    <0.001 |
|             reg_890                                                                |     0.000 |
|               I_EN_STAT_EQ1.U_STAT                                                 |     0.000 |
|             reg_892                                                                |    <0.001 |
|               I_EN_STAT_EQ1.U_STAT                                                 |    <0.001 |
|             reg_9                                                                  |    <0.001 |
|               I_EN_STAT_EQ1.U_STAT                                                 |    <0.001 |
|             reg_srl_fff                                                            |    <0.001 |
|             reg_stream_ffd                                                         |    <0.001 |
|               I_EN_CTL_EQ1.U_CTL                                                   |    <0.001 |
|             reg_stream_ffe                                                         |     0.000 |
|               I_EN_STAT_EQ1.U_STAT                                                 |     0.000 |
|           u_ila_reset_ctrl                                                         |    <0.001 |
|             arm_detection_inst                                                     |    <0.001 |
|             asyncrounous_transfer.arm_in_transfer_inst                             |    <0.001 |
|             asyncrounous_transfer.arm_out_transfer_inst                            |    <0.001 |
|             asyncrounous_transfer.halt_in_transfer_inst                            |    <0.001 |
|             asyncrounous_transfer.halt_out_transfer_inst                           |    <0.001 |
|             halt_detection_inst                                                    |    <0.001 |
|           u_trig                                                                   |    <0.001 |
|             N_DDR_TC.N_DDR_TC_INST[0].U_TC                                         |    <0.001 |
|               allx_typeA_match_detection.ltlib_v1_0_0_allx_typeA_inst              |    <0.001 |
|                 DUT                                                                |    <0.001 |
|                   I_WHOLE_SLICE.G_SLICE_IDX[0].U_ALL_SRL_SLICE                     |    <0.001 |
|                     u_srlA                                                         |     0.000 |
|                     u_srlB                                                         |     0.000 |
|                     u_srlC                                                         |     0.000 |
|                     u_srlD                                                         |     0.000 |
|             N_DDR_TC.N_DDR_TC_INST[10].U_TC                                        |    <0.001 |
|               allx_typeA_match_detection.ltlib_v1_0_0_allx_typeA_inst              |    <0.001 |
|                 DUT                                                                |    <0.001 |
|                   I_WHOLE_SLICE.G_SLICE_IDX[0].U_ALL_SRL_SLICE                     |    <0.001 |
|                     u_srlA                                                         |     0.000 |
|                     u_srlB                                                         |     0.000 |
|                     u_srlC                                                         |     0.000 |
|                     u_srlD                                                         |     0.000 |
|             N_DDR_TC.N_DDR_TC_INST[11].U_TC                                        |    <0.001 |
|               allx_typeA_match_detection.ltlib_v1_0_0_allx_typeA_inst              |    <0.001 |
|                 DUT                                                                |    <0.001 |
|                   I_WHOLE_SLICE.G_SLICE_IDX[0].U_ALL_SRL_SLICE                     |    <0.001 |
|                     u_srlA                                                         |     0.000 |
|                     u_srlB                                                         |     0.000 |
|                     u_srlC                                                         |     0.000 |
|                     u_srlD                                                         |     0.000 |
|             N_DDR_TC.N_DDR_TC_INST[12].U_TC                                        |    <0.001 |
|               allx_typeA_match_detection.ltlib_v1_0_0_allx_typeA_inst              |    <0.001 |
|                 DUT                                                                |    <0.001 |
|                   I_WHOLE_SLICE.G_SLICE_IDX[0].U_ALL_SRL_SLICE                     |    <0.001 |
|                     u_srlA                                                         |     0.000 |
|                     u_srlB                                                         |     0.000 |
|                     u_srlC                                                         |     0.000 |
|                     u_srlD                                                         |     0.000 |
|             N_DDR_TC.N_DDR_TC_INST[13].U_TC                                        |    <0.001 |
|               allx_typeA_match_detection.ltlib_v1_0_0_allx_typeA_inst              |    <0.001 |
|                 DUT                                                                |    <0.001 |
|                   I_WHOLE_SLICE.G_SLICE_IDX[0].U_ALL_SRL_SLICE                     |    <0.001 |
|                     u_srlA                                                         |     0.000 |
|                     u_srlB                                                         |     0.000 |
|                     u_srlC                                                         |     0.000 |
|                     u_srlD                                                         |     0.000 |
|             N_DDR_TC.N_DDR_TC_INST[14].U_TC                                        |    <0.001 |
|               allx_typeA_match_detection.ltlib_v1_0_0_allx_typeA_inst              |    <0.001 |
|                 DUT                                                                |    <0.001 |
|                   I_WHOLE_SLICE.G_SLICE_IDX[0].U_ALL_SRL_SLICE                     |    <0.001 |
|                     u_srlA                                                         |     0.000 |
|                     u_srlB                                                         |     0.000 |
|                     u_srlC                                                         |     0.000 |
|                     u_srlD                                                         |     0.000 |
|             N_DDR_TC.N_DDR_TC_INST[15].U_TC                                        |    <0.001 |
|               allx_typeA_match_detection.ltlib_v1_0_0_allx_typeA_inst              |    <0.001 |
|                 DUT                                                                |    <0.001 |
|                   I_WHOLE_SLICE.G_SLICE_IDX[0].U_ALL_SRL_SLICE                     |    <0.001 |
|                     u_srlA                                                         |     0.000 |
|                     u_srlB                                                         |     0.000 |
|                     u_srlC                                                         |     0.000 |
|                     u_srlD                                                         |     0.000 |
|             N_DDR_TC.N_DDR_TC_INST[16].U_TC                                        |    <0.001 |
|               allx_typeA_match_detection.ltlib_v1_0_0_allx_typeA_inst              |    <0.001 |
|                 DUT                                                                |    <0.001 |
|                   I_WHOLE_SLICE.G_SLICE_IDX[0].U_ALL_SRL_SLICE                     |    <0.001 |
|                     u_srlA                                                         |     0.000 |
|                     u_srlB                                                         |     0.000 |
|                     u_srlC                                                         |     0.000 |
|                     u_srlD                                                         |     0.000 |
|             N_DDR_TC.N_DDR_TC_INST[17].U_TC                                        |    <0.001 |
|               allx_typeA_match_detection.ltlib_v1_0_0_allx_typeA_inst              |    <0.001 |
|                 DUT                                                                |    <0.001 |
|                   I_WHOLE_SLICE.G_SLICE_IDX[0].U_ALL_SRL_SLICE                     |    <0.001 |
|                     u_srlA                                                         |     0.000 |
|                     u_srlB                                                         |     0.000 |
|                     u_srlC                                                         |     0.000 |
|                     u_srlD                                                         |     0.000 |
|             N_DDR_TC.N_DDR_TC_INST[18].U_TC                                        |    <0.001 |
|               allx_typeA_match_detection.ltlib_v1_0_0_allx_typeA_inst              |    <0.001 |
|                 DUT                                                                |    <0.001 |
|                   I_WHOLE_SLICE.G_SLICE_IDX[0].U_ALL_SRL_SLICE                     |    <0.001 |
|                     u_srlA                                                         |     0.000 |
|                     u_srlB                                                         |     0.000 |
|                     u_srlC                                                         |     0.000 |
|                     u_srlD                                                         |     0.000 |
|             N_DDR_TC.N_DDR_TC_INST[19].U_TC                                        |    <0.001 |
|               allx_typeA_match_detection.ltlib_v1_0_0_allx_typeA_inst              |    <0.001 |
|                 DUT                                                                |    <0.001 |
|                   I_WHOLE_SLICE.G_SLICE_IDX[0].U_ALL_SRL_SLICE                     |    <0.001 |
|                     u_srlA                                                         |     0.000 |
|                     u_srlB                                                         |     0.000 |
|                     u_srlC                                                         |     0.000 |
|                     u_srlD                                                         |     0.000 |
|             N_DDR_TC.N_DDR_TC_INST[1].U_TC                                         |    <0.001 |
|               allx_typeA_match_detection.ltlib_v1_0_0_allx_typeA_inst              |    <0.001 |
|                 DUT                                                                |    <0.001 |
|                   I_WHOLE_SLICE.G_SLICE_IDX[0].U_ALL_SRL_SLICE                     |    <0.001 |
|                     u_srlA                                                         |     0.000 |
|                     u_srlB                                                         |     0.000 |
|                     u_srlC                                                         |     0.000 |
|                     u_srlD                                                         |     0.000 |
|             N_DDR_TC.N_DDR_TC_INST[20].U_TC                                        |    <0.001 |
|               allx_typeA_match_detection.ltlib_v1_0_0_allx_typeA_inst              |    <0.001 |
|                 DUT                                                                |    <0.001 |
|                   I_WHOLE_SLICE.G_SLICE_IDX[0].U_ALL_SRL_SLICE                     |    <0.001 |
|                     u_srlA                                                         |     0.000 |
|                     u_srlB                                                         |     0.000 |
|                     u_srlC                                                         |     0.000 |
|                     u_srlD                                                         |     0.000 |
|             N_DDR_TC.N_DDR_TC_INST[21].U_TC                                        |    <0.001 |
|               allx_typeA_match_detection.ltlib_v1_0_0_allx_typeA_inst              |    <0.001 |
|                 DUT                                                                |    <0.001 |
|                   I_WHOLE_SLICE.G_SLICE_IDX[0].U_ALL_SRL_SLICE                     |    <0.001 |
|                     u_srlA                                                         |     0.000 |
|                     u_srlB                                                         |     0.000 |
|                     u_srlC                                                         |     0.000 |
|                     u_srlD                                                         |     0.000 |
|             N_DDR_TC.N_DDR_TC_INST[22].U_TC                                        |    <0.001 |
|               allx_typeA_match_detection.ltlib_v1_0_0_allx_typeA_inst              |    <0.001 |
|                 DUT                                                                |    <0.001 |
|                   I_WHOLE_SLICE.G_SLICE_IDX[0].U_ALL_SRL_SLICE                     |    <0.001 |
|                     u_srlA                                                         |     0.000 |
|                     u_srlB                                                         |     0.000 |
|                     u_srlC                                                         |     0.000 |
|                     u_srlD                                                         |     0.000 |
|             N_DDR_TC.N_DDR_TC_INST[23].U_TC                                        |    <0.001 |
|               allx_typeA_match_detection.ltlib_v1_0_0_allx_typeA_inst              |    <0.001 |
|                 DUT                                                                |    <0.001 |
|                   I_WHOLE_SLICE.G_SLICE_IDX[0].U_ALL_SRL_SLICE                     |    <0.001 |
|                     u_srlA                                                         |     0.000 |
|                     u_srlB                                                         |     0.000 |
|                     u_srlC                                                         |     0.000 |
|                     u_srlD                                                         |     0.000 |
|             N_DDR_TC.N_DDR_TC_INST[24].U_TC                                        |    <0.001 |
|               allx_typeA_match_detection.ltlib_v1_0_0_allx_typeA_inst              |    <0.001 |
|                 DUT                                                                |    <0.001 |
|                   I_WHOLE_SLICE.G_SLICE_IDX[0].U_ALL_SRL_SLICE                     |    <0.001 |
|                     u_srlA                                                         |     0.000 |
|                     u_srlB                                                         |     0.000 |
|                     u_srlC                                                         |     0.000 |
|                     u_srlD                                                         |     0.000 |
|             N_DDR_TC.N_DDR_TC_INST[25].U_TC                                        |    <0.001 |
|               allx_typeA_match_detection.ltlib_v1_0_0_allx_typeA_inst              |    <0.001 |
|                 DUT                                                                |    <0.001 |
|                   I_WHOLE_SLICE.G_SLICE_IDX[0].U_ALL_SRL_SLICE                     |    <0.001 |
|                     u_srlA                                                         |     0.000 |
|                     u_srlB                                                         |     0.000 |
|                     u_srlC                                                         |     0.000 |
|                     u_srlD                                                         |     0.000 |
|             N_DDR_TC.N_DDR_TC_INST[26].U_TC                                        |    <0.001 |
|               allx_typeA_match_detection.ltlib_v1_0_0_allx_typeA_inst              |    <0.001 |
|                 DUT                                                                |    <0.001 |
|                   I_WHOLE_SLICE.G_SLICE_IDX[0].U_ALL_SRL_SLICE                     |    <0.001 |
|                     u_srlA                                                         |     0.000 |
|                     u_srlB                                                         |     0.000 |
|                     u_srlC                                                         |     0.000 |
|                     u_srlD                                                         |     0.000 |
|             N_DDR_TC.N_DDR_TC_INST[27].U_TC                                        |    <0.001 |
|               allx_typeA_match_detection.ltlib_v1_0_0_allx_typeA_inst              |    <0.001 |
|                 DUT                                                                |    <0.001 |
|                   I_WHOLE_SLICE.G_SLICE_IDX[0].U_ALL_SRL_SLICE                     |    <0.001 |
|                     u_srlA                                                         |     0.000 |
|                     u_srlB                                                         |     0.000 |
|                     u_srlC                                                         |     0.000 |
|                     u_srlD                                                         |     0.000 |
|             N_DDR_TC.N_DDR_TC_INST[28].U_TC                                        |    <0.001 |
|               allx_typeA_match_detection.ltlib_v1_0_0_allx_typeA_inst              |    <0.001 |
|                 DUT                                                                |    <0.001 |
|                   I_WHOLE_SLICE.G_SLICE_IDX[0].U_ALL_SRL_SLICE                     |    <0.001 |
|                     u_srlA                                                         |     0.000 |
|                     u_srlB                                                         |     0.000 |
|                     u_srlC                                                         |     0.000 |
|                     u_srlD                                                         |     0.000 |
|             N_DDR_TC.N_DDR_TC_INST[29].U_TC                                        |    <0.001 |
|               allx_typeA_match_detection.ltlib_v1_0_0_allx_typeA_inst              |    <0.001 |
|                 DUT                                                                |    <0.001 |
|                   I_WHOLE_SLICE.G_SLICE_IDX[0].U_ALL_SRL_SLICE                     |    <0.001 |
|                     u_srlA                                                         |     0.000 |
|                     u_srlB                                                         |     0.000 |
|                     u_srlC                                                         |     0.000 |
|                     u_srlD                                                         |     0.000 |
|             N_DDR_TC.N_DDR_TC_INST[2].U_TC                                         |    <0.001 |
|               allx_typeA_match_detection.ltlib_v1_0_0_allx_typeA_inst              |    <0.001 |
|                 DUT                                                                |    <0.001 |
|                   I_WHOLE_SLICE.G_SLICE_IDX[0].U_ALL_SRL_SLICE                     |    <0.001 |
|                     u_srlA                                                         |     0.000 |
|                     u_srlB                                                         |     0.000 |
|                     u_srlC                                                         |     0.000 |
|                     u_srlD                                                         |     0.000 |
|             N_DDR_TC.N_DDR_TC_INST[30].U_TC                                        |    <0.001 |
|               allx_typeA_match_detection.ltlib_v1_0_0_allx_typeA_inst              |    <0.001 |
|                 DUT                                                                |    <0.001 |
|                   I_WHOLE_SLICE.G_SLICE_IDX[0].U_ALL_SRL_SLICE                     |    <0.001 |
|                     u_srlA                                                         |     0.000 |
|                     u_srlB                                                         |     0.000 |
|                     u_srlC                                                         |     0.000 |
|                     u_srlD                                                         |     0.000 |
|             N_DDR_TC.N_DDR_TC_INST[31].U_TC                                        |    <0.001 |
|               allx_typeA_match_detection.ltlib_v1_0_0_allx_typeA_inst              |    <0.001 |
|                 DUT                                                                |    <0.001 |
|                   I_WHOLE_SLICE.G_SLICE_IDX[0].U_ALL_SRL_SLICE                     |    <0.001 |
|                     u_srlA                                                         |     0.000 |
|                     u_srlB                                                         |     0.000 |
|                     u_srlC                                                         |     0.000 |
|                     u_srlD                                                         |     0.000 |
|             N_DDR_TC.N_DDR_TC_INST[3].U_TC                                         |    <0.001 |
|               allx_typeA_match_detection.ltlib_v1_0_0_allx_typeA_inst              |    <0.001 |
|                 DUT                                                                |    <0.001 |
|                   I_WHOLE_SLICE.G_SLICE_IDX[0].U_ALL_SRL_SLICE                     |    <0.001 |
|                     u_srlA                                                         |     0.000 |
|                     u_srlB                                                         |     0.000 |
|                     u_srlC                                                         |     0.000 |
|                     u_srlD                                                         |     0.000 |
|             N_DDR_TC.N_DDR_TC_INST[4].U_TC                                         |    <0.001 |
|               allx_typeA_match_detection.ltlib_v1_0_0_allx_typeA_inst              |    <0.001 |
|                 DUT                                                                |    <0.001 |
|                   I_WHOLE_SLICE.G_SLICE_IDX[0].U_ALL_SRL_SLICE                     |    <0.001 |
|                     u_srlA                                                         |     0.000 |
|                     u_srlB                                                         |     0.000 |
|                     u_srlC                                                         |     0.000 |
|                     u_srlD                                                         |     0.000 |
|             N_DDR_TC.N_DDR_TC_INST[5].U_TC                                         |    <0.001 |
|               allx_typeA_match_detection.ltlib_v1_0_0_allx_typeA_inst              |    <0.001 |
|                 DUT                                                                |    <0.001 |
|                   I_WHOLE_SLICE.G_SLICE_IDX[0].U_ALL_SRL_SLICE                     |    <0.001 |
|                     u_srlA                                                         |     0.000 |
|                     u_srlB                                                         |     0.000 |
|                     u_srlC                                                         |     0.000 |
|                     u_srlD                                                         |     0.000 |
|             N_DDR_TC.N_DDR_TC_INST[6].U_TC                                         |    <0.001 |
|               allx_typeA_match_detection.ltlib_v1_0_0_allx_typeA_inst              |    <0.001 |
|                 DUT                                                                |    <0.001 |
|                   I_WHOLE_SLICE.G_SLICE_IDX[0].U_ALL_SRL_SLICE                     |    <0.001 |
|                     u_srlA                                                         |     0.000 |
|                     u_srlB                                                         |     0.000 |
|                     u_srlC                                                         |     0.000 |
|                     u_srlD                                                         |     0.000 |
|             N_DDR_TC.N_DDR_TC_INST[7].U_TC                                         |    <0.001 |
|               allx_typeA_match_detection.ltlib_v1_0_0_allx_typeA_inst              |    <0.001 |
|                 DUT                                                                |    <0.001 |
|                   I_WHOLE_SLICE.G_SLICE_IDX[0].U_ALL_SRL_SLICE                     |    <0.001 |
|                     u_srlA                                                         |     0.000 |
|                     u_srlB                                                         |     0.000 |
|                     u_srlC                                                         |     0.000 |
|                     u_srlD                                                         |     0.000 |
|             N_DDR_TC.N_DDR_TC_INST[8].U_TC                                         |    <0.001 |
|               allx_typeA_match_detection.ltlib_v1_0_0_allx_typeA_inst              |    <0.001 |
|                 DUT                                                                |    <0.001 |
|                   I_WHOLE_SLICE.G_SLICE_IDX[0].U_ALL_SRL_SLICE                     |    <0.001 |
|                     u_srlA                                                         |     0.000 |
|                     u_srlB                                                         |     0.000 |
|                     u_srlC                                                         |     0.000 |
|                     u_srlD                                                         |     0.000 |
|             N_DDR_TC.N_DDR_TC_INST[9].U_TC                                         |    <0.001 |
|               allx_typeA_match_detection.ltlib_v1_0_0_allx_typeA_inst              |    <0.001 |
|                 DUT                                                                |    <0.001 |
|                   I_WHOLE_SLICE.G_SLICE_IDX[0].U_ALL_SRL_SLICE                     |    <0.001 |
|                     u_srlA                                                         |     0.000 |
|                     u_srlB                                                         |     0.000 |
|                     u_srlC                                                         |     0.000 |
|                     u_srlD                                                         |     0.000 |
|             U_TM                                                                   |    <0.001 |
|               N_DDR_MODE.G_NMU[0].U_M                                              |    <0.001 |
|                 allx_typeA_match_detection.ltlib_v1_0_0_allx_typeA_inst            |    <0.001 |
|                   DUT                                                              |    <0.001 |
|                     I_WHOLE_SLICE.G_SLICE_IDX[0].U_ALL_SRL_SLICE                   |     0.000 |
|                       u_srlA                                                       |     0.000 |
|                       u_srlB                                                       |     0.000 |
|                       u_srlC                                                       |     0.000 |
|                       u_srlD                                                       |     0.000 |
|                     I_WHOLE_SLICE.G_SLICE_IDX[1].U_ALL_SRL_SLICE                   |     0.000 |
|                       u_srlA                                                       |     0.000 |
|                       u_srlB                                                       |     0.000 |
|                       u_srlC                                                       |     0.000 |
|                       u_srlD                                                       |     0.000 |
|                     I_WHOLE_SLICE.G_SLICE_IDX[2].U_ALL_SRL_SLICE                   |     0.000 |
|                       u_srlA                                                       |     0.000 |
|                       u_srlB                                                       |     0.000 |
|                       u_srlC                                                       |     0.000 |
|                       u_srlD                                                       |     0.000 |
|                     I_WHOLE_SLICE.G_SLICE_IDX[3].U_ALL_SRL_SLICE                   |    <0.001 |
|                       u_srlA                                                       |     0.000 |
|                       u_srlB                                                       |     0.000 |
|                       u_srlC                                                       |     0.000 |
|                       u_srlD                                                       |     0.000 |
|               N_DDR_MODE.G_NMU[1].U_M                                              |    <0.001 |
|                 allx_typeA_match_detection.ltlib_v1_0_0_allx_typeA_inst            |    <0.001 |
|                   DUT                                                              |    <0.001 |
|                     I_WHOLE_SLICE.G_SLICE_IDX[0].U_ALL_SRL_SLICE                   |     0.000 |
|                       u_srlA                                                       |     0.000 |
|                       u_srlB                                                       |     0.000 |
|                       u_srlC                                                       |     0.000 |
|                       u_srlD                                                       |     0.000 |
|                     I_WHOLE_SLICE.G_SLICE_IDX[1].U_ALL_SRL_SLICE                   |     0.000 |
|                       u_srlA                                                       |     0.000 |
|                       u_srlB                                                       |     0.000 |
|                       u_srlC                                                       |     0.000 |
|                       u_srlD                                                       |     0.000 |
|                     I_WHOLE_SLICE.G_SLICE_IDX[2].U_ALL_SRL_SLICE                   |     0.000 |
|                       u_srlA                                                       |     0.000 |
|                       u_srlB                                                       |     0.000 |
|                       u_srlC                                                       |     0.000 |
|                       u_srlD                                                       |     0.000 |
|                     I_WHOLE_SLICE.G_SLICE_IDX[3].U_ALL_SRL_SLICE                   |    <0.001 |
|                       u_srlA                                                       |     0.000 |
|                       u_srlB                                                       |     0.000 |
|                       u_srlC                                                       |     0.000 |
|                       u_srlD                                                       |     0.000 |
|               N_DDR_MODE.G_NMU[2].U_M                                              |    <0.001 |
|                 allx_typeA_match_detection.ltlib_v1_0_0_allx_typeA_inst            |    <0.001 |
|                   DUT                                                              |    <0.001 |
|                     I_WHOLE_SLICE.G_SLICE_IDX[0].U_ALL_SRL_SLICE                   |    <0.001 |
|                       u_srlA                                                       |     0.000 |
|                       u_srlB                                                       |     0.000 |
|                       u_srlC                                                       |     0.000 |
|                       u_srlD                                                       |     0.000 |
|               N_DDR_MODE.G_NMU[3].U_M                                              |    <0.001 |
|                 allx_typeA_match_detection.ltlib_v1_0_0_allx_typeA_inst            |    <0.001 |
|                   DUT                                                              |    <0.001 |
|                     I_WHOLE_SLICE.G_SLICE_IDX[0].U_ALL_SRL_SLICE                   |     0.000 |
|                       u_srlA                                                       |     0.000 |
|                       u_srlB                                                       |     0.000 |
|                       u_srlC                                                       |     0.000 |
|                       u_srlD                                                       |     0.000 |
|                     I_WHOLE_SLICE.G_SLICE_IDX[1].U_ALL_SRL_SLICE                   |     0.000 |
|                       u_srlA                                                       |     0.000 |
|                       u_srlB                                                       |     0.000 |
|                       u_srlC                                                       |     0.000 |
|                       u_srlD                                                       |     0.000 |
|                     I_WHOLE_SLICE.G_SLICE_IDX[2].U_ALL_SRL_SLICE                   |     0.000 |
|                       u_srlA                                                       |     0.000 |
|                       u_srlB                                                       |     0.000 |
|                       u_srlC                                                       |     0.000 |
|                       u_srlD                                                       |     0.000 |
|                     I_WHOLE_SLICE.G_SLICE_IDX[3].U_ALL_SRL_SLICE                   |    <0.001 |
|                       u_srlA                                                       |     0.000 |
|                       u_srlB                                                       |     0.000 |
|                       u_srlC                                                       |     0.000 |
|                       u_srlD                                                       |     0.000 |
|           xsdb_memory_read_inst                                                    |    <0.001 |
|     vhdlnoclk_0                                                                    |    <0.001 |
|       U0                                                                           |    <0.001 |
|     vio_0                                                                          |    <0.001 |
|       inst                                                                         |    <0.001 |
|         DECODER_INST                                                               |    <0.001 |
|         PROBE_IN_INST                                                              |    <0.001 |
|         PROBE_OUT_ALL_INST                                                         |    <0.001 |
|           G_PROBE_OUT[0].PROBE_OUT0_INST                                           |    <0.001 |
|           G_PROBE_OUT[1].PROBE_OUT0_INST                                           |    <0.001 |
|           G_PROBE_OUT[2].PROBE_OUT0_INST                                           |    <0.001 |
|         PROBE_OUT_WIDTH_INST                                                       |     0.000 |
|         U_XSDB_SLAVE                                                               |    <0.001 |
+------------------------------------------------------------------------------------+-----------+


