11:37:25 **** Build of configuration Debug for project SoC_5_HelloWorld_App ****
make all 
make --no-print-directory pre-build
a9-linaro-pre-build-step
' '
make --no-print-directory main-build
'Building file: ../src/helloworld.c'
'Invoking: ARM v7 gcc compiler'
arm-none-eabi-gcc -Wall -O0 -g3 -c -fmessage-length=0 -MT"src/helloworld.o" -mcpu=cortex-a9 -mfpu=vfpv3 -mfloat-abi=hard -IC:/Users/20002890/SoC_5_HelloWorld/Vitis/SoC_5_HelloWorld/export/SoC_5_HelloWorld/sw/SoC_5_HelloWorld/standalone_ps7_cortexa9_0/bspinclude/include -MMD -MP -MF"src/helloworld.d" -MT"src/helloworld.o" -o "src/helloworld.o" "../src/helloworld.c"
'Finished building: ../src/helloworld.c'
' '
'Building file: ../src/platform.c'
'Invoking: ARM v7 gcc compiler'
arm-none-eabi-gcc -Wall -O0 -g3 -c -fmessage-length=0 -MT"src/platform.o" -mcpu=cortex-a9 -mfpu=vfpv3 -mfloat-abi=hard -IC:/Users/20002890/SoC_5_HelloWorld/Vitis/SoC_5_HelloWorld/export/SoC_5_HelloWorld/sw/SoC_5_HelloWorld/standalone_ps7_cortexa9_0/bspinclude/include -MMD -MP -MF"src/platform.d" -MT"src/platform.o" -o "src/platform.o" "../src/platform.c"
'Finished building: ../src/platform.c'
' '
'Building target: SoC_5_HelloWorld_App.elf'
'Invoking: ARM v7 gcc linker'
arm-none-eabi-gcc -mcpu=cortex-a9 -mfpu=vfpv3 -mfloat-abi=hard -Wl,-build-id=none -specs=Xilinx.spec -Wl,-T -Wl,../src/lscript.ld -LC:/Users/20002890/SoC_5_HelloWorld/Vitis/SoC_5_HelloWorld/export/SoC_5_HelloWorld/sw/SoC_5_HelloWorld/standalone_ps7_cortexa9_0/bsplib/lib -o "SoC_5_HelloWorld_App.elf"  ./src/helloworld.o ./src/platform.o   -Wl,--start-group,-lxil,-lgcc,-lc,--end-group
'Finished building target: SoC_5_HelloWorld_App.elf'
' '
'Invoking: ARM v7 Print Size'
arm-none-eabi-size SoC_5_HelloWorld_App.elf  |tee "SoC_5_HelloWorld_App.elf.size"
   text	   data	    bss	    dec	    hex	filename
  19060	   1144	  22568	  42772	   a714	SoC_5_HelloWorld_App.elf
'Finished building: SoC_5_HelloWorld_App.elf.size'
' '

11:37:32 Build Finished (took 7s.375ms)

