20:36:58 **** Incremental Build of configuration Debug for project Soc_CustomAXI_App ****
make all 
make --no-print-directory pre-build
a9-linaro-pre-build-step
' '
make --no-print-directory main-build
'Building file: ../src/helloworld.c'
'Invoking: ARM v7 gcc compiler'
arm-none-eabi-gcc -Wall -O0 -g3 -c -fmessage-length=0 -MT"src/helloworld.o" -mcpu=cortex-a9 -mfpu=vfpv3 -mfloat-abi=hard -IC:/devWorks/8_SoC_AXI/SoC_Custom_AXI/Vitis/SoC_Custom_AXI/export/SoC_Custom_AXI/sw/SoC_Custom_AXI/standalone_ps7_cortexa9_0/bspinclude/include -MMD -MP -MF"src/helloworld.d" -MT"src/helloworld.o" -o "src/helloworld.o" "../src/helloworld.c"
'Finished building: ../src/helloworld.c'
' '
'Building file: ../src/platform.c'
'Invoking: ARM v7 gcc compiler'
arm-none-eabi-gcc -Wall -O0 -g3 -c -fmessage-length=0 -MT"src/platform.o" -mcpu=cortex-a9 -mfpu=vfpv3 -mfloat-abi=hard -IC:/devWorks/8_SoC_AXI/SoC_Custom_AXI/Vitis/SoC_Custom_AXI/export/SoC_Custom_AXI/sw/SoC_Custom_AXI/standalone_ps7_cortexa9_0/bspinclude/include -MMD -MP -MF"src/platform.d" -MT"src/platform.o" -o "src/platform.o" "../src/platform.c"
'Finished building: ../src/platform.c'
' '
'Building target: Soc_CustomAXI_App.elf'
'Invoking: ARM v7 gcc linker'
arm-none-eabi-gcc -mcpu=cortex-a9 -mfpu=vfpv3 -mfloat-abi=hard -Wl,-build-id=none -specs=Xilinx.spec -Wl,-T -Wl,../src/lscript.ld -LC:/devWorks/8_SoC_AXI/SoC_Custom_AXI/Vitis/SoC_Custom_AXI/export/SoC_Custom_AXI/sw/SoC_Custom_AXI/standalone_ps7_cortexa9_0/bsplib/lib -o "Soc_CustomAXI_App.elf"  ./src/helloworld.o ./src/platform.o   -Wl,--start-group,-lxil,-lgcc,-lc,--end-group
'Finished building target: Soc_CustomAXI_App.elf'
' '
'Invoking: ARM v7 Print Size'
arm-none-eabi-size Soc_CustomAXI_App.elf  |tee "Soc_CustomAXI_App.elf.size"
   text	   data	    bss	    dec	    hex	filename
  79762	   2550	  22640	 104952	  199f8	Soc_CustomAXI_App.elf
'Finished building: Soc_CustomAXI_App.elf.size'
' '

20:37:03 Build Finished (took 5s.105ms)

