16:31:29 **** Build of project eFPGA_GPIO ****
buildplatform.bat 63801 eFPGA_GPIO  
XSDB Server Channel: tcfchan#1
Building the zynq_fsbl application.
make -C zynq_fsbl_bsp

make[1]: Entering directory 'C:/devWorks/FPGA/eFPGA_GPIO/eFPGA_GPIO/zynq_fsbl/zynq_fsbl_bsp'

"Running Make include in ps7_cortexa9_0/libsrc/coresightps_dcc_v1_6/src"

make -C ps7_cortexa9_0/libsrc/coresightps_dcc_v1_6/src -s include  "SHELL=CMD" "COMPILER=arm-none-eabi-gcc" "ASSEMBLER=arm-none
-eabi-as" "ARCHIVER=arm-none-eabi-ar" "COMPILER_FLAGS=  -O2 -c" "EXTRA_COMPILER_FLAGS=-mcpu=cortex-a9 -mfpu=vfpv3 -mfloat-abi=h
ard -nostartfiles -g -Wall -Wextra"

make[2]: Entering directory 'C:/devWorks/FPGA/eFPGA_GPIO/eFPGA_GPIO/zynq_fsbl/zynq_fsbl_bsp/ps7_cortexa9_0/libsrc/coresightps_d
cc_v1_6/src'

make[2]: Leaving directory 'C:/devWorks/FPGA/eFPGA_GPIO/eFPGA_GPIO/zynq_fsbl/zynq_fsbl_bsp/ps7_cortexa9_0/libsrc/coresightps_dc
c_v1_6/src'

"Running Make include in ps7_cortexa9_0/libsrc/cpu_cortexa9_v2_8/src"

make -C ps7_cortexa9_0/libsrc/cpu_cortexa9_v2_8/src -s include  "SHELL=CMD" "COMPILER=arm-none-eabi-gcc" "ASSEMBLER=arm-none-ea
bi-as" "ARCHIVER=arm-none-eabi-ar" "COMPILER_FLAGS=  -O2 -c" "EXTRA_COMPILER_FLAGS=-mcpu=cortex-a9 -mfpu=vfpv3 -mfloat-abi=hard
 -nostartfiles -g -Wall -Wextra"

make[2]: Entering directory 'C:/devWorks/FPGA/eFPGA_GPIO/eFPGA_GPIO/zynq_fsbl/zynq_fsbl_bsp/ps7_cortexa9_0/libsrc/cpu_cortexa9_
v2_8/src'

make[2]: Leaving directory 'C:/devWorks/FPGA/eFPGA_GPIO/eFPGA_GPIO/zynq_fsbl/zynq_fsbl_bsp/ps7_cortexa9_0/libsrc/cpu_cortexa9_v
2_8/src'

"Running Make include in ps7_cortexa9_0/libsrc/ddrps_v1_0/src"

make -C ps7_cortexa9_0/libsrc/ddrps_v1_0/src -s include  "SHELL=CMD" "COMPILER=arm-none-eabi-gcc" "ASSEMBLER=arm-none-eabi-as" 
"ARCHIVER=arm-none-eabi-ar" "COMPILER_FLAGS=  -O2 -c" "EXTRA_COMPILER_FLAGS=-mcpu=cortex-a9 -mfpu=vfpv3 -mfloat-abi=hard -nosta
rtfiles -g -Wall -Wextra"

make[2]: Entering directory 'C:/devWorks/FPGA/eFPGA_GPIO/eFPGA_GPIO/zynq_fsbl/zynq_fsbl_bsp/ps7_cortexa9_0/libsrc/ddrps_v1_0/sr
c'

make[2]: Leaving directory 'C:/devWorks/FPGA/eFPGA_GPIO/eFPGA_GPIO/zynq_fsbl/zynq_fsbl_bsp/ps7_cortexa9_0/libsrc/ddrps_v1_0/src
'

"Running Make include in ps7_cortexa9_0/libsrc/devcfg_v3_5/src"

make -C ps7_cortexa9_0/libsrc/devcfg_v3_5/src -s include  "SHELL=CMD" "COMPILER=arm-none-eabi-gcc" "ASSEMBLER=arm-none-eabi-as"
 "ARCHIVER=arm-none-eabi-ar" "COMPILER_FLAGS=  -O2 -c" "EXTRA_COMPILER_FLAGS=-mcpu=cortex-a9 -mfpu=vfpv3 -mfloat-abi=hard -nost
artfiles -g -Wall -Wextra"

make[2]: Entering directory 'C:/devWorks/FPGA/eFPGA_GPIO/eFPGA_GPIO/zynq_fsbl/zynq_fsbl_bsp/ps7_cortexa9_0/libsrc/devcfg_v3_5/s
rc'

make[2]: Leaving directory 'C:/devWorks/FPGA/eFPGA_GPIO/eFPGA_GPIO/zynq_fsbl/zynq_fsbl_bsp/ps7_cortexa9_0/libsrc/devcfg_v3_5/sr
c'

"Running Make include in ps7_cortexa9_0/libsrc/dmaps_v2_5/src"

make -C ps7_cortexa9_0/libsrc/dmaps_v2_5/src -s include  "SHELL=CMD" "COMPILER=arm-none-eabi-gcc" "ASSEMBLER=arm-none-eabi-as" 
"ARCHIVER=arm-none-eabi-ar" "COMPILER_FLAGS=  -O2 -c" "EXTRA_COMPILER_FLAGS=-mcpu=cortex-a9 -mfpu=vfpv3 -mfloat-abi=hard -nosta
rtfiles -g -Wall -Wextra"

make[2]: Entering directory 'C:/devWorks/FPGA/eFPGA_GPIO/eFPGA_GPIO/zynq_fsbl/zynq_fsbl_bsp/ps7_cortexa9_0/libsrc/dmaps_v2_5/sr
c'

make[2]: Leaving directory 'C:/devWorks/FPGA/eFPGA_GPIO/eFPGA_GPIO/zynq_fsbl/zynq_fsbl_bsp/ps7_cortexa9_0/libsrc/dmaps_v2_5/src
'

"Running Make include in ps7_cortexa9_0/libsrc/gpiops_v3_6/src"

make -C ps7_cortexa9_0/libsrc/gpiops_v3_6/src -s include  "SHELL=CMD" "COMPILER=arm-none-eabi-gcc" "ASSEMBLER=arm-none-eabi-as"
 "ARCHIVER=arm-none-eabi-ar" "COMPILER_FLAGS=  -O2 -c" "EXTRA_COMPILER_FLAGS=-mcpu=cortex-a9 -mfpu=vfpv3 -mfloat-abi=hard -nost
artfiles -g -Wall -Wextra"

make[2]: Entering directory 'C:/devWorks/FPGA/eFPGA_GPIO/eFPGA_GPIO/zynq_fsbl/zynq_fsbl_bsp/ps7_cortexa9_0/libsrc/gpiops_v3_6/s
rc'

make[2]: Leaving directory 'C:/devWorks/FPGA/eFPGA_GPIO/eFPGA_GPIO/zynq_fsbl/zynq_fsbl_bsp/ps7_cortexa9_0/libsrc/gpiops_v3_6/sr
c'

"Running Make include in ps7_cortexa9_0/libsrc/gpio_v4_5/src"

make -C ps7_cortexa9_0/libsrc/gpio_v4_5/src -s include  "SHELL=CMD" "COMPILER=arm-none-eabi-gcc" "ASSEMBLER=arm-none-eabi-as" "
ARCHIVER=arm-none-eabi-ar" "COMPILER_FLAGS=  -O2 -c" "EXTRA_COMPILER_FLAGS=-mcpu=cortex-a9 -mfpu=vfpv3 -mfloat-abi=hard -nostar
tfiles -g -Wall -Wextra"

make[2]: Entering directory 'C:/devWorks/FPGA/eFPGA_GPIO/eFPGA_GPIO/zynq_fsbl/zynq_fsbl_bsp/ps7_cortexa9_0/libsrc/gpio_v4_5/src
'

make[2]: Leaving directory 'C:/devWorks/FPGA/eFPGA_GPIO/eFPGA_GPIO/zynq_fsbl/zynq_fsbl_bsp/ps7_cortexa9_0/libsrc/gpio_v4_5/src'


"Running Make include in ps7_cortexa9_0/libsrc/iicps_v3_10/src"

make -C ps7_cortexa9_0/libsrc/iicps_v3_10/src -s include  "SHELL=CMD" "COMPILER=arm-none-eabi-gcc" "ASSEMBLER=arm-none-eabi-as"
 "ARCHIVER=arm-none-eabi-ar" "COMPILER_FLAGS=  -O2 -c" "EXTRA_COMPILER_FLAGS=-mcpu=cortex-a9 -mfpu=vfpv3 -mfloat-abi=hard -nost
artfiles -g -Wall -Wextra"

make[2]: Entering directory 'C:/devWorks/FPGA/eFPGA_GPIO/eFPGA_GPIO/zynq_fsbl/zynq_fsbl_bsp/ps7_cortexa9_0/libsrc/iicps_v3_10/s
rc'

make[2]: Leaving directory 'C:/devWorks/FPGA/eFPGA_GPIO/eFPGA_GPIO/zynq_fsbl/zynq_fsbl_bsp/ps7_cortexa9_0/libsrc/iicps_v3_10/sr
c'

"Running Make include in ps7_cortexa9_0/libsrc/qspips_v3_6/src"

make -C ps7_cortexa9_0/libsrc/qspips_v3_6/src -s include  "SHELL=CMD" "COMPILER=arm-none-eabi-gcc" "ASSEMBLER=arm-none-eabi-as"
 "ARCHIVER=arm-none-eabi-ar" "COMPILER_FLAGS=  -O2 -c" "EXTRA_COMPILER_FLAGS=-mcpu=cortex-a9 -mfpu=vfpv3 -mfloat-abi=hard -nost
artfiles -g -Wall -Wextra"

make[2]: Entering directory 'C:/devWorks/FPGA/eFPGA_GPIO/eFPGA_GPIO/zynq_fsbl/zynq_fsbl_bsp/ps7_cortexa9_0/libsrc/qspips_v3_6/s
rc'

make[2]: Leaving directory 'C:/devWorks/FPGA/eFPGA_GPIO/eFPGA_GPIO/zynq_fsbl/zynq_fsbl_bsp/ps7_cortexa9_0/libsrc/qspips_v3_6/sr
c'

"Running Make include in ps7_cortexa9_0/libsrc/scugic_v4_1/src"

make -C ps7_cortexa9_0/libsrc/scugic_v4_1/src -s include  "SHELL=CMD" "COMPILER=arm-none-eabi-gcc" "ASSEMBLER=arm-none-eabi-as"
 "ARCHIVER=arm-none-eabi-ar" "COMPILER_FLAGS=  -O2 -c" "EXTRA_COMPILER_FLAGS=-mcpu=cortex-a9 -mfpu=vfpv3 -mfloat-abi=hard -nost
artfiles -g -Wall -Wextra"

make[2]: Entering directory 'C:/devWorks/FPGA/eFPGA_GPIO/eFPGA_GPIO/zynq_fsbl/zynq_fsbl_bsp/ps7_cortexa9_0/libsrc/scugic_v4_1/s
rc'

make[2]: Leaving directory 'C:/devWorks/FPGA/eFPGA_GPIO/eFPGA_GPIO/zynq_fsbl/zynq_fsbl_bsp/ps7_cortexa9_0/libsrc/scugic_v4_1/sr
c'

"Running Make include in ps7_cortexa9_0/libsrc/scutimer_v2_1/src"

make -C ps7_cortexa9_0/libsrc/scutimer_v2_1/src -s include  "SHELL=CMD" "COMPILER=arm-none-eabi-gcc" "ASSEMBLER=arm-none-eabi-a
s" "ARCHIVER=arm-none-eabi-ar" "COMPILER_FLAGS=  -O2 -c" "EXTRA_COMPILER_FLAGS=-mcpu=cortex-a9 -mfpu=vfpv3 -mfloat-abi=hard -no
startfiles -g -Wall -Wextra"

make[2]: Entering directory 'C:/devWorks/FPGA/eFPGA_GPIO/eFPGA_GPIO/zynq_fsbl/zynq_fsbl_bsp/ps7_cortexa9_0/libsrc/scutimer_v2_1
/src'

make[2]: Leaving directory 'C:/devWorks/FPGA/eFPGA_GPIO/eFPGA_GPIO/zynq_fsbl/zynq_fsbl_bsp/ps7_cortexa9_0/libsrc/scutimer_v2_1/
src'

"Running Make include in ps7_cortexa9_0/libsrc/scuwdt_v2_1/src"

make -C ps7_cortexa9_0/libsrc/scuwdt_v2_1/src -s include  "SHELL=CMD" "COMPILER=arm-none-eabi-gcc" "ASSEMBLER=arm-none-eabi-as"
 "ARCHIVER=arm-none-eabi-ar" "COMPILER_FLAGS=  -O2 -c" "EXTRA_COMPILER_FLAGS=-mcpu=cortex-a9 -mfpu=vfpv3 -mfloat-abi=hard -nost
artfiles -g -Wall -Wextra"

make[2]: Entering directory 'C:/devWorks/FPGA/eFPGA_GPIO/eFPGA_GPIO/zynq_fsbl/zynq_fsbl_bsp/ps7_cortexa9_0/libsrc/scuwdt_v2_1/s
rc'

make[2]: Leaving directory 'C:/devWorks/FPGA/eFPGA_GPIO/eFPGA_GPIO/zynq_fsbl/zynq_fsbl_bsp/ps7_cortexa9_0/libsrc/scuwdt_v2_1/sr
c'

"Running Make include in ps7_cortexa9_0/libsrc/sdps_v3_8/src"

make -C ps7_cortexa9_0/libsrc/sdps_v3_8/src -s include  "SHELL=CMD" "COMPILER=arm-none-eabi-gcc" "ASSEMBLER=arm-none-eabi-as" "
ARCHIVER=arm-none-eabi-ar" "COMPILER_FLAGS=  -O2 -c" "EXTRA_COMPILER_FLAGS=-mcpu=cortex-a9 -mfpu=vfpv3 -mfloat-abi=hard -nostar
tfiles -g -Wall -Wextra"

make[2]: Entering directory 'C:/devWorks/FPGA/eFPGA_GPIO/eFPGA_GPIO/zynq_fsbl/zynq_fsbl_bsp/ps7_cortexa9_0/libsrc/sdps_v3_8/src
'

make[2]: Leaving directory 'C:/devWorks/FPGA/eFPGA_GPIO/eFPGA_GPIO/zynq_fsbl/zynq_fsbl_bsp/ps7_cortexa9_0/libsrc/sdps_v3_8/src'


"Running Make include in ps7_cortexa9_0/libsrc/standalone_v7_1/src"

make -C ps7_cortexa9_0/libsrc/standalone_v7_1/src -s include  "SHELL=CMD" "COMPILER=arm-none-eabi-gcc" "ASSEMBLER=arm-none-eabi
-as" "ARCHIVER=arm-none-eabi-ar" "COMPILER_FLAGS=  -O2 -c" "EXTRA_COMPILER_FLAGS=-mcpu=cortex-a9 -mfpu=vfpv3 -mfloat-abi=hard -
nostartfiles -g -Wall -Wextra"

make[2]: Entering directory 'C:/devWorks/FPGA/eFPGA_GPIO/eFPGA_GPIO/zynq_fsbl/zynq_fsbl_bsp/ps7_cortexa9_0/libsrc/standalone_v7
_1/src'

make[3]: Entering directory 'C:/devWorks/FPGA/eFPGA_GPIO/eFPGA_GPIO/zynq_fsbl/zynq_fsbl_bsp/ps7_cortexa9_0/libsrc/standalone_v7
_1/src/profile'

make[3]: Leaving directory 'C:/devWorks/FPGA/eFPGA_GPIO/eFPGA_GPIO/zynq_fsbl/zynq_fsbl_bsp/ps7_cortexa9_0/libsrc/standalone_v7_
1/src/profile'

make[2]: Leaving directory 'C:/devWorks/FPGA/eFPGA_GPIO/eFPGA_GPIO/zynq_fsbl/zynq_fsbl_bsp/ps7_cortexa9_0/libsrc/standalone_v7_
1/src'

"Running Make include in ps7_cortexa9_0/libsrc/uartps_v3_8/src"

make -C ps7_cortexa9_0/libsrc/uartps_v3_8/src -s include  "SHELL=CMD" "COMPILER=arm-none-eabi-gcc" "ASSEMBLER=arm-none-eabi-as"
 "ARCHIVER=arm-none-eabi-ar" "COMPILER_FLAGS=  -O2 -c" "EXTRA_COMPILER_FLAGS=-mcpu=cortex-a9 -mfpu=vfpv3 -mfloat-abi=hard -nost
artfiles -g -Wall -Wextra"

make[2]: Entering directory 'C:/devWorks/FPGA/eFPGA_GPIO/eFPGA_GPIO/zynq_fsbl/zynq_fsbl_bsp/ps7_cortexa9_0/libsrc/uartps_v3_8/s
rc'

make[2]: Leaving directory 'C:/devWorks/FPGA/eFPGA_GPIO/eFPGA_GPIO/zynq_fsbl/zynq_fsbl_bsp/ps7_cortexa9_0/libsrc/uartps_v3_8/sr
c'

"Running Make include in ps7_cortexa9_0/libsrc/usbps_v2_4/src"

make -C ps7_cortexa9_0/libsrc/usbps_v2_4/src -s include  "SHELL=CMD" "COMPILER=arm-none-eabi-gcc" "ASSEMBLER=arm-none-eabi-as" 
"ARCHIVER=arm-none-eabi-ar" "COMPILER_FLAGS=  -O2 -c" "EXTRA_COMPILER_FLAGS=-mcpu=cortex-a9 -mfpu=vfpv3 -mfloat-abi=hard -nosta
rtfiles -g -Wall -Wextra"

make[2]: Entering directory 'C:/devWorks/FPGA/eFPGA_GPIO/eFPGA_GPIO/zynq_fsbl/zynq_fsbl_bsp/ps7_cortexa9_0/libsrc/usbps_v2_4/sr
c'

make[2]: Leaving directory 'C:/devWorks/FPGA/eFPGA_GPIO/eFPGA_GPIO/zynq_fsbl/zynq_fsbl_bsp/ps7_cortexa9_0/libsrc/usbps_v2_4/src
'

"Running Make include in ps7_cortexa9_0/libsrc/xadcps_v2_3/src"

make -C ps7_cortexa9_0/libsrc/xadcps_v2_3/src -s include  "SHELL=CMD" "COMPILER=arm-none-eabi-gcc" "ASSEMBLER=arm-none-eabi-as"
 "ARCHIVER=arm-none-eabi-ar" "COMPILER_FLAGS=  -O2 -c" "EXTRA_COMPILER_FLAGS=-mcpu=cortex-a9 -mfpu=vfpv3 -mfloat-abi=hard -nost
artfiles -g -Wall -Wextra"

make[2]: Entering directory 'C:/devWorks/FPGA/eFPGA_GPIO/eFPGA_GPIO/zynq_fsbl/zynq_fsbl_bsp/ps7_cortexa9_0/libsrc/xadcps_v2_3/s
rc'

make[2]: Leaving directory 'C:/devWorks/FPGA/eFPGA_GPIO/eFPGA_GPIO/zynq_fsbl/zynq_fsbl_bsp/ps7_cortexa9_0/libsrc/xadcps_v2_3/sr
c'

"Running Make include in ps7_cortexa9_0/libsrc/xilffs_v4_2/src"

make -C ps7_cortexa9_0/libsrc/xilffs_v4_2/src -s include  "SHELL=CMD" "COMPILER=arm-none-eabi-gcc" "ASSEMBLER=arm-none-eabi-as"
 "ARCHIVER=arm-none-eabi-ar" "COMPILER_FLAGS=  -O2 -c" "EXTRA_COMPILER_FLAGS=-mcpu=cortex-a9 -mfpu=vfpv3 -mfloat-abi=hard -nost
artfiles -g -Wall -Wextra"

make[2]: Entering directory 'C:/devWorks/FPGA/eFPGA_GPIO/eFPGA_GPIO/zynq_fsbl/zynq_fsbl_bsp/ps7_cortexa9_0/libsrc/xilffs_v4_2/s
rc'

make[2]: Leaving directory 'C:/devWorks/FPGA/eFPGA_GPIO/eFPGA_GPIO/zynq_fsbl/zynq_fsbl_bsp/ps7_cortexa9_0/libsrc/xilffs_v4_2/sr
c'

"Running Make include in ps7_cortexa9_0/libsrc/xilrsa_v1_5/src"

make -C ps7_cortexa9_0/libsrc/xilrsa_v1_5/src -s include  "SHELL=CMD" "COMPILER=arm-none-eabi-gcc" "ASSEMBLER=arm-none-eabi-as"
 "ARCHIVER=arm-none-eabi-ar" "COMPILER_FLAGS=  -O2 -c" "EXTRA_COMPILER_FLAGS=-mcpu=cortex-a9 -mfpu=vfpv3 -mfloat-abi=hard -nost
artfiles -g -Wall -Wextra"

make[2]: Entering directory 'C:/devWorks/FPGA/eFPGA_GPIO/eFPGA_GPIO/zynq_fsbl/zynq_fsbl_bsp/ps7_cortexa9_0/libsrc/xilrsa_v1_5/s
rc'

make[2]: Leaving directory 'C:/devWorks/FPGA/eFPGA_GPIO/eFPGA_GPIO/zynq_fsbl/zynq_fsbl_bsp/ps7_cortexa9_0/libsrc/xilrsa_v1_5/sr
c'

"Running Make libs in ps7_cortexa9_0/libsrc/coresightps_dcc_v1_6/src"

make -C ps7_cortexa9_0/libsrc/coresightps_dcc_v1_6/src -s libs  "SHELL=CMD" "COMPILER=arm-none-eabi-gcc" "ASSEMBLER=arm-none-ea
bi-as" "ARCHIVER=arm-none-eabi-ar" "COMPILER_FLAGS=  -O2 -c" "EXTRA_COMPILER_FLAGS=-mcpu=cortex-a9 -mfpu=vfpv3 -mfloat-abi=hard
 -nostartfiles -g -Wall -Wextra"

make[2]: Entering directory 'C:/devWorks/FPGA/eFPGA_GPIO/eFPGA_GPIO/zynq_fsbl/zynq_fsbl_bsp/ps7_cortexa9_0/libsrc/coresightps_d
cc_v1_6/src'

"Compiling coresightps_dcc"

arm-none-eabi-ar: creating ../../../lib/libxil.a
make[2]: Leaving directory 'C:/devWorks/FPGA/eFPGA_GPIO/eFPGA_GPIO/zynq_fsbl/zynq_fsbl_bsp/ps7_cortexa9_0/libsrc/coresightps_dc
c_v1_6/src'

"Running Make libs in ps7_cortexa9_0/libsrc/cpu_cortexa9_v2_8/src"

make -C ps7_cortexa9_0/libsrc/cpu_cortexa9_v2_8/src -s libs  "SHELL=CMD" "COMPILER=arm-none-eabi-gcc" "ASSEMBLER=arm-none-eabi-
as" "ARCHIVER=arm-none-eabi-ar" "COMPILER_FLAGS=  -O2 -c" "EXTRA_COMPILER_FLAGS=-mcpu=cortex-a9 -mfpu=vfpv3 -mfloat-abi=hard -n
ostartfiles -g -Wall -Wextra"

make[2]: Entering directory 'C:/devWorks/FPGA/eFPGA_GPIO/eFPGA_GPIO/zynq_fsbl/zynq_fsbl_bsp/ps7_cortexa9_0/libsrc/cpu_cortexa9_
v2_8/src'

"Compiling cpu_cortexa9"

make[2]: Leaving directory 'C:/devWorks/FPGA/eFPGA_GPIO/eFPGA_GPIO/zynq_fsbl/zynq_fsbl_bsp/ps7_cortexa9_0/libsrc/cpu_cortexa9_v
2_8/src'

"Running Make libs in ps7_cortexa9_0/libsrc/ddrps_v1_0/src"

make -C ps7_cortexa9_0/libsrc/ddrps_v1_0/src -s libs  "SHELL=CMD" "COMPILER=arm-none-eabi-gcc" "ASSEMBLER=arm-none-eabi-as" "AR
CHIVER=arm-none-eabi-ar" "COMPILER_FLAGS=  -O2 -c" "EXTRA_COMPILER_FLAGS=-mcpu=cortex-a9 -mfpu=vfpv3 -mfloat-abi=hard -nostartf
iles -g -Wall -Wextra"

make[2]: Entering directory 'C:/devWorks/FPGA/eFPGA_GPIO/eFPGA_GPIO/zynq_fsbl/zynq_fsbl_bsp/ps7_cortexa9_0/libsrc/ddrps_v1_0/sr
c'

"Compiling ddrps"

make[2]: Leaving directory 'C:/devWorks/FPGA/eFPGA_GPIO/eFPGA_GPIO/zynq_fsbl/zynq_fsbl_bsp/ps7_cortexa9_0/libsrc/ddrps_v1_0/src
'

"Running Make libs in ps7_cortexa9_0/libsrc/devcfg_v3_5/src"

make -C ps7_cortexa9_0/libsrc/devcfg_v3_5/src -s libs  "SHELL=CMD" "COMPILER=arm-none-eabi-gcc" "ASSEMBLER=arm-none-eabi-as" "A
RCHIVER=arm-none-eabi-ar" "COMPILER_FLAGS=  -O2 -c" "EXTRA_COMPILER_FLAGS=-mcpu=cortex-a9 -mfpu=vfpv3 -mfloat-abi=hard -nostart
files -g -Wall -Wextra"

make[2]: Entering directory 'C:/devWorks/FPGA/eFPGA_GPIO/eFPGA_GPIO/zynq_fsbl/zynq_fsbl_bsp/ps7_cortexa9_0/libsrc/devcfg_v3_5/s
rc'

"Compiling devcfg"

make[2]: Leaving directory 'C:/devWorks/FPGA/eFPGA_GPIO/eFPGA_GPIO/zynq_fsbl/zynq_fsbl_bsp/ps7_cortexa9_0/libsrc/devcfg_v3_5/sr
c'

"Running Make libs in ps7_cortexa9_0/libsrc/dmaps_v2_5/src"

make -C ps7_cortexa9_0/libsrc/dmaps_v2_5/src -s libs  "SHELL=CMD" "COMPILER=arm-none-eabi-gcc" "ASSEMBLER=arm-none-eabi-as" "AR
CHIVER=arm-none-eabi-ar" "COMPILER_FLAGS=  -O2 -c" "EXTRA_COMPILER_FLAGS=-mcpu=cortex-a9 -mfpu=vfpv3 -mfloat-abi=hard -nostartf
iles -g -Wall -Wextra"

make[2]: Entering directory 'C:/devWorks/FPGA/eFPGA_GPIO/eFPGA_GPIO/zynq_fsbl/zynq_fsbl_bsp/ps7_cortexa9_0/libsrc/dmaps_v2_5/sr
c'

"Compiling dmaps"

make[2]: Leaving directory 'C:/devWorks/FPGA/eFPGA_GPIO/eFPGA_GPIO/zynq_fsbl/zynq_fsbl_bsp/ps7_cortexa9_0/libsrc/dmaps_v2_5/src
'

"Running Make libs in ps7_cortexa9_0/libsrc/gpiops_v3_6/src"

make -C ps7_cortexa9_0/libsrc/gpiops_v3_6/src -s libs  "SHELL=CMD" "COMPILER=arm-none-eabi-gcc" "ASSEMBLER=arm-none-eabi-as" "A
RCHIVER=arm-none-eabi-ar" "COMPILER_FLAGS=  -O2 -c" "EXTRA_COMPILER_FLAGS=-mcpu=cortex-a9 -mfpu=vfpv3 -mfloat-abi=hard -nostart
files -g -Wall -Wextra"

make[2]: Entering directory 'C:/devWorks/FPGA/eFPGA_GPIO/eFPGA_GPIO/zynq_fsbl/zynq_fsbl_bsp/ps7_cortexa9_0/libsrc/gpiops_v3_6/s
rc'

"Compiling gpiops"

make[2]: Leaving directory 'C:/devWorks/FPGA/eFPGA_GPIO/eFPGA_GPIO/zynq_fsbl/zynq_fsbl_bsp/ps7_cortexa9_0/libsrc/gpiops_v3_6/sr
c'

"Running Make libs in ps7_cortexa9_0/libsrc/gpio_v4_5/src"

make -C ps7_cortexa9_0/libsrc/gpio_v4_5/src -s libs  "SHELL=CMD" "COMPILER=arm-none-eabi-gcc" "ASSEMBLER=arm-none-eabi-as" "ARC
HIVER=arm-none-eabi-ar" "COMPILER_FLAGS=  -O2 -c" "EXTRA_COMPILER_FLAGS=-mcpu=cortex-a9 -mfpu=vfpv3 -mfloat-abi=hard -nostartfi
les -g -Wall -Wextra"

make[2]: Entering directory 'C:/devWorks/FPGA/eFPGA_GPIO/eFPGA_GPIO/zynq_fsbl/zynq_fsbl_bsp/ps7_cortexa9_0/libsrc/gpio_v4_5/src
'

"Compiling gpio"

make[2]: Leaving directory 'C:/devWorks/FPGA/eFPGA_GPIO/eFPGA_GPIO/zynq_fsbl/zynq_fsbl_bsp/ps7_cortexa9_0/libsrc/gpio_v4_5/src'


"Running Make libs in ps7_cortexa9_0/libsrc/iicps_v3_10/src"

make -C ps7_cortexa9_0/libsrc/iicps_v3_10/src -s libs  "SHELL=CMD" "COMPILER=arm-none-eabi-gcc" "ASSEMBLER=arm-none-eabi-as" "A
RCHIVER=arm-none-eabi-ar" "COMPILER_FLAGS=  -O2 -c" "EXTRA_COMPILER_FLAGS=-mcpu=cortex-a9 -mfpu=vfpv3 -mfloat-abi=hard -nostart
files -g -Wall -Wextra"

make[2]: Entering directory 'C:/devWorks/FPGA/eFPGA_GPIO/eFPGA_GPIO/zynq_fsbl/zynq_fsbl_bsp/ps7_cortexa9_0/libsrc/iicps_v3_10/s
rc'

"Compiling iicps"

make[2]: Leaving directory 'C:/devWorks/FPGA/eFPGA_GPIO/eFPGA_GPIO/zynq_fsbl/zynq_fsbl_bsp/ps7_cortexa9_0/libsrc/iicps_v3_10/sr
c'

"Running Make libs in ps7_cortexa9_0/libsrc/qspips_v3_6/src"

make -C ps7_cortexa9_0/libsrc/qspips_v3_6/src -s libs  "SHELL=CMD" "COMPILER=arm-none-eabi-gcc" "ASSEMBLER=arm-none-eabi-as" "A
RCHIVER=arm-none-eabi-ar" "COMPILER_FLAGS=  -O2 -c" "EXTRA_COMPILER_FLAGS=-mcpu=cortex-a9 -mfpu=vfpv3 -mfloat-abi=hard -nostart
files -g -Wall -Wextra"

make[2]: Entering directory 'C:/devWorks/FPGA/eFPGA_GPIO/eFPGA_GPIO/zynq_fsbl/zynq_fsbl_bsp/ps7_cortexa9_0/libsrc/qspips_v3_6/s
rc'

"Compiling qspips"

make[2]: Leaving directory 'C:/devWorks/FPGA/eFPGA_GPIO/eFPGA_GPIO/zynq_fsbl/zynq_fsbl_bsp/ps7_cortexa9_0/libsrc/qspips_v3_6/sr
c'

"Running Make libs in ps7_cortexa9_0/libsrc/scugic_v4_1/src"

make -C ps7_cortexa9_0/libsrc/scugic_v4_1/src -s libs  "SHELL=CMD" "COMPILER=arm-none-eabi-gcc" "ASSEMBLER=arm-none-eabi-as" "A
RCHIVER=arm-none-eabi-ar" "COMPILER_FLAGS=  -O2 -c" "EXTRA_COMPILER_FLAGS=-mcpu=cortex-a9 -mfpu=vfpv3 -mfloat-abi=hard -nostart
files -g -Wall -Wextra"

make[2]: Entering directory 'C:/devWorks/FPGA/eFPGA_GPIO/eFPGA_GPIO/zynq_fsbl/zynq_fsbl_bsp/ps7_cortexa9_0/libsrc/scugic_v4_1/s
rc'

"Compiling scugic"

make[2]: Leaving directory 'C:/devWorks/FPGA/eFPGA_GPIO/eFPGA_GPIO/zynq_fsbl/zynq_fsbl_bsp/ps7_cortexa9_0/libsrc/scugic_v4_1/sr
c'

"Running Make libs in ps7_cortexa9_0/libsrc/scutimer_v2_1/src"

make -C ps7_cortexa9_0/libsrc/scutimer_v2_1/src -s libs  "SHELL=CMD" "COMPILER=arm-none-eabi-gcc" "ASSEMBLER=arm-none-eabi-as" 
"ARCHIVER=arm-none-eabi-ar" "COMPILER_FLAGS=  -O2 -c" "EXTRA_COMPILER_FLAGS=-mcpu=cortex-a9 -mfpu=vfpv3 -mfloat-abi=hard -nosta
rtfiles -g -Wall -Wextra"

make[2]: Entering directory 'C:/devWorks/FPGA/eFPGA_GPIO/eFPGA_GPIO/zynq_fsbl/zynq_fsbl_bsp/ps7_cortexa9_0/libsrc/scutimer_v2_1
/src'

"Compiling scutimer"

make[2]: Leaving directory 'C:/devWorks/FPGA/eFPGA_GPIO/eFPGA_GPIO/zynq_fsbl/zynq_fsbl_bsp/ps7_cortexa9_0/libsrc/scutimer_v2_1/
src'

"Running Make libs in ps7_cortexa9_0/libsrc/scuwdt_v2_1/src"

make -C ps7_cortexa9_0/libsrc/scuwdt_v2_1/src -s libs  "SHELL=CMD" "COMPILER=arm-none-eabi-gcc" "ASSEMBLER=arm-none-eabi-as" "A
RCHIVER=arm-none-eabi-ar" "COMPILER_FLAGS=  -O2 -c" "EXTRA_COMPILER_FLAGS=-mcpu=cortex-a9 -mfpu=vfpv3 -mfloat-abi=hard -nostart
files -g -Wall -Wextra"

make[2]: Entering directory 'C:/devWorks/FPGA/eFPGA_GPIO/eFPGA_GPIO/zynq_fsbl/zynq_fsbl_bsp/ps7_cortexa9_0/libsrc/scuwdt_v2_1/s
rc'

"Compiling scuwdt"

make[2]: Leaving directory 'C:/devWorks/FPGA/eFPGA_GPIO/eFPGA_GPIO/zynq_fsbl/zynq_fsbl_bsp/ps7_cortexa9_0/libsrc/scuwdt_v2_1/sr
c'

"Running Make libs in ps7_cortexa9_0/libsrc/sdps_v3_8/src"

make -C ps7_cortexa9_0/libsrc/sdps_v3_8/src -s libs  "SHELL=CMD" "COMPILER=arm-none-eabi-gcc" "ASSEMBLER=arm-none-eabi-as" "ARC
HIVER=arm-none-eabi-ar" "COMPILER_FLAGS=  -O2 -c" "EXTRA_COMPILER_FLAGS=-mcpu=cortex-a9 -mfpu=vfpv3 -mfloat-abi=hard -nostartfi
les -g -Wall -Wextra"

make[2]: Entering directory 'C:/devWorks/FPGA/eFPGA_GPIO/eFPGA_GPIO/zynq_fsbl/zynq_fsbl_bsp/ps7_cortexa9_0/libsrc/sdps_v3_8/src
'

"Compiling sdps"

make[2]: Leaving directory 'C:/devWorks/FPGA/eFPGA_GPIO/eFPGA_GPIO/zynq_fsbl/zynq_fsbl_bsp/ps7_cortexa9_0/libsrc/sdps_v3_8/src'


"Running Make libs in ps7_cortexa9_0/libsrc/standalone_v7_1/src"

make -C ps7_cortexa9_0/libsrc/standalone_v7_1/src -s libs  "SHELL=CMD" "COMPILER=arm-none-eabi-gcc" "ASSEMBLER=arm-none-eabi-as
" "ARCHIVER=arm-none-eabi-ar" "COMPILER_FLAGS=  -O2 -c" "EXTRA_COMPILER_FLAGS=-mcpu=cortex-a9 -mfpu=vfpv3 -mfloat-abi=hard -nos
tartfiles -g -Wall -Wextra"

make[2]: Entering directory 'C:/devWorks/FPGA/eFPGA_GPIO/eFPGA_GPIO/zynq_fsbl/zynq_fsbl_bsp/ps7_cortexa9_0/libsrc/standalone_v7
_1/src'

"Compiling standalone"

In file included from usleep.c:54:
xtime_l.h:85:9: note: #pragma message: For the sleep routines, Global timer is being used
 #pragma message ("For the sleep routines, Global timer is being used")
         ^~~~~~~
In file included from xil_sleeptimer.c:52:
xtime_l.h:85:9: note: #pragma message: For the sleep routines, Global timer is being used
 #pragma message ("For the sleep routines, Global timer is being used")
         ^~~~~~~
In file included from xtime_l.c:47:
xtime_l.h:85:9: note: #pragma message: For the sleep routines, Global timer is being used
 #pragma message ("For the sleep routines, Global timer is being used")
         ^~~~~~~
In file included from sleep.c:51:
xtime_l.h:85:9: note: #pragma message: For the sleep routines, Global timer is being used
 #pragma message ("For the sleep routines, Global timer is being used")
         ^~~~~~~
make[2]: Leaving directory 'C:/devWorks/FPGA/eFPGA_GPIO/eFPGA_GPIO/zynq_fsbl/zynq_fsbl_bsp/ps7_cortexa9_0/libsrc/standalone_v7_
1/src'

"Running Make libs in ps7_cortexa9_0/libsrc/uartps_v3_8/src"

make -C ps7_cortexa9_0/libsrc/uartps_v3_8/src -s libs  "SHELL=CMD" "COMPILER=arm-none-eabi-gcc" "ASSEMBLER=arm-none-eabi-as" "A
RCHIVER=arm-none-eabi-ar" "COMPILER_FLAGS=  -O2 -c" "EXTRA_COMPILER_FLAGS=-mcpu=cortex-a9 -mfpu=vfpv3 -mfloat-abi=hard -nostart
files -g -Wall -Wextra"

make[2]: Entering directory 'C:/devWorks/FPGA/eFPGA_GPIO/eFPGA_GPIO/zynq_fsbl/zynq_fsbl_bsp/ps7_cortexa9_0/libsrc/uartps_v3_8/s
rc'

"Compiling uartps"

make[2]: Leaving directory 'C:/devWorks/FPGA/eFPGA_GPIO/eFPGA_GPIO/zynq_fsbl/zynq_fsbl_bsp/ps7_cortexa9_0/libsrc/uartps_v3_8/sr
c'

"Running Make libs in ps7_cortexa9_0/libsrc/usbps_v2_4/src"

make -C ps7_cortexa9_0/libsrc/usbps_v2_4/src -s libs  "SHELL=CMD" "COMPILER=arm-none-eabi-gcc" "ASSEMBLER=arm-none-eabi-as" "AR
CHIVER=arm-none-eabi-ar" "COMPILER_FLAGS=  -O2 -c" "EXTRA_COMPILER_FLAGS=-mcpu=cortex-a9 -mfpu=vfpv3 -mfloat-abi=hard -nostartf
iles -g -Wall -Wextra"

make[2]: Entering directory 'C:/devWorks/FPGA/eFPGA_GPIO/eFPGA_GPIO/zynq_fsbl/zynq_fsbl_bsp/ps7_cortexa9_0/libsrc/usbps_v2_4/sr
c'

"Compiling usbps"

make[2]: Leaving directory 'C:/devWorks/FPGA/eFPGA_GPIO/eFPGA_GPIO/zynq_fsbl/zynq_fsbl_bsp/ps7_cortexa9_0/libsrc/usbps_v2_4/src
'

"Running Make libs in ps7_cortexa9_0/libsrc/xadcps_v2_3/src"

make -C ps7_cortexa9_0/libsrc/xadcps_v2_3/src -s libs  "SHELL=CMD" "COMPILER=arm-none-eabi-gcc" "ASSEMBLER=arm-none-eabi-as" "A
RCHIVER=arm-none-eabi-ar" "COMPILER_FLAGS=  -O2 -c" "EXTRA_COMPILER_FLAGS=-mcpu=cortex-a9 -mfpu=vfpv3 -mfloat-abi=hard -nostart
files -g -Wall -Wextra"

make[2]: Entering directory 'C:/devWorks/FPGA/eFPGA_GPIO/eFPGA_GPIO/zynq_fsbl/zynq_fsbl_bsp/ps7_cortexa9_0/libsrc/xadcps_v2_3/s
rc'

"Compiling xadcps"

make[2]: Leaving directory 'C:/devWorks/FPGA/eFPGA_GPIO/eFPGA_GPIO/zynq_fsbl/zynq_fsbl_bsp/ps7_cortexa9_0/libsrc/xadcps_v2_3/sr
c'

"Running Make libs in ps7_cortexa9_0/libsrc/xilffs_v4_2/src"

make -C ps7_cortexa9_0/libsrc/xilffs_v4_2/src -s libs  "SHELL=CMD" "COMPILER=arm-none-eabi-gcc" "ASSEMBLER=arm-none-eabi-as" "A
RCHIVER=arm-none-eabi-ar" "COMPILER_FLAGS=  -O2 -c" "EXTRA_COMPILER_FLAGS=-mcpu=cortex-a9 -mfpu=vfpv3 -mfloat-abi=hard -nostart
files -g -Wall -Wextra"

make[2]: Entering directory 'C:/devWorks/FPGA/eFPGA_GPIO/eFPGA_GPIO/zynq_fsbl/zynq_fsbl_bsp/ps7_cortexa9_0/libsrc/xilffs_v4_2/s
rc'

"Compiling XilFFs Library"

make[2]: Leaving directory 'C:/devWorks/FPGA/eFPGA_GPIO/eFPGA_GPIO/zynq_fsbl/zynq_fsbl_bsp/ps7_cortexa9_0/libsrc/xilffs_v4_2/sr
c'

"Running Make libs in ps7_cortexa9_0/libsrc/xilrsa_v1_5/src"

make -C ps7_cortexa9_0/libsrc/xilrsa_v1_5/src -s libs  "SHELL=CMD" "COMPILER=arm-none-eabi-gcc" "ASSEMBLER=arm-none-eabi-as" "A
RCHIVER=arm-none-eabi-ar" "COMPILER_FLAGS=  -O2 -c" "EXTRA_COMPILER_FLAGS=-mcpu=cortex-a9 -mfpu=vfpv3 -mfloat-abi=hard -nostart
files -g -Wall -Wextra"

make[2]: Entering directory 'C:/devWorks/FPGA/eFPGA_GPIO/eFPGA_GPIO/zynq_fsbl/zynq_fsbl_bsp/ps7_cortexa9_0/libsrc/xilrsa_v1_5/s
rc'

make[2]: Leaving directory 'C:/devWorks/FPGA/eFPGA_GPIO/eFPGA_GPIO/zynq_fsbl/zynq_fsbl_bsp/ps7_cortexa9_0/libsrc/xilrsa_v1_5/sr
c'

'Finished building libraries'

make[1]: Leaving directory 'C:/devWorks/FPGA/eFPGA_GPIO/eFPGA_GPIO/zynq_fsbl/zynq_fsbl_bsp'

arm-none-eabi-gcc -MMD -MP       -mcpu=cortex-a9 -mfpu=vfpv3 -mfloat-abi=hard   -c sd.c -o sd.o -Izynq_fsbl_bsp/ps7_cortexa9_0/
include -I.

arm-none-eabi-gcc -MMD -MP       -mcpu=cortex-a9 -mfpu=vfpv3 -mfloat-abi=hard   -c nand.c -o nand.o -Izynq_fsbl_bsp/ps7_cortexa
9_0/include -I.

arm-none-eabi-gcc -MMD -MP       -mcpu=cortex-a9 -mfpu=vfpv3 -mfloat-abi=hard   -c nor.c -o nor.o -Izynq_fsbl_bsp/ps7_cortexa9_
0/include -I.

arm-none-eabi-gcc -MMD -MP       -mcpu=cortex-a9 -mfpu=vfpv3 -mfloat-abi=hard   -c image_mover.c -o image_mover.o -Izynq_fsbl_b
sp/ps7_cortexa9_0/include -I.

arm-none-eabi-gcc -MMD -MP       -mcpu=cortex-a9 -mfpu=vfpv3 -mfloat-abi=hard   -c md5.c -o md5.o -Izynq_fsbl_bsp/ps7_cortexa9_
0/include -I.

arm-none-eabi-gcc -MMD -MP       -mcpu=cortex-a9 -mfpu=vfpv3 -mfloat-abi=hard   -c fsbl_hooks.c -o fsbl_hooks.o -Izynq_fsbl_bsp
/ps7_cortexa9_0/include -I.

arm-none-eabi-gcc -MMD -MP       -mcpu=cortex-a9 -mfpu=vfpv3 -mfloat-abi=hard   -c main.c -o main.o -Izynq_fsbl_bsp/ps7_cortexa
9_0/include -I.

In file included from main.c:135:
zynq_fsbl_bsp/ps7_cortexa9_0/include/xtime_l.h:85:9: note: #pragma message: For the sleep routines, Global timer is being used
 #pragma message ("For the sleep routines, Global timer is being used")
         ^~~~~~~
arm-none-eabi-gcc -MMD -MP       -mcpu=cortex-a9 -mfpu=vfpv3 -mfloat-abi=hard   -c rsa.c -o rsa.o -Izynq_fsbl_bsp/ps7_cortexa9_
0/include -I.

arm-none-eabi-gcc -MMD -MP       -mcpu=cortex-a9 -mfpu=vfpv3 -mfloat-abi=hard   -c qspi.c -o qspi.o -Izynq_fsbl_bsp/ps7_cortexa
9_0/include -I.

arm-none-eabi-gcc -MMD -MP       -mcpu=cortex-a9 -mfpu=vfpv3 -mfloat-abi=hard   -c ps7_init.c -o ps7_init.o -Izynq_fsbl_bsp/ps7
_cortexa9_0/include -I.

arm-none-eabi-gcc -MMD -MP       -mcpu=cortex-a9 -mfpu=vfpv3 -mfloat-abi=hard   -c pcap.c -o pcap.o -Izynq_fsbl_bsp/ps7_cortexa
9_0/include -I.

In file included from pcap.c:98:
zynq_fsbl_bsp/ps7_cortexa9_0/include/xtime_l.h:85:9: note: #pragma message: For the sleep routines, Global timer is being used
 #pragma message ("For the sleep routines, Global timer is being used")
         ^~~~~~~
arm-none-eabi-gcc -MMD -MP       -mcpu=cortex-a9 -mfpu=vfpv3 -mfloat-abi=hard   -c fsbl_handoff.S -o fsbl_handoff.o -Izynq_fsbl
_bsp/ps7_cortexa9_0/include -I.

arm-none-eabi-gcc -o executable.elf  sd.o  nand.o  nor.o  image_mover.o  md5.o  fsbl_hooks.o  main.o  rsa.o  qspi.o  ps7_init.o
  pcap.o  fsbl_handoff.o -MMD -MP       -mcpu=cortex-a9 -mfpu=vfpv3 -mfloat-abi=hard   -mcpu=cortex-a9 -mfpu=vfpv3 -mfloat-abi=
hard -Wl,-build-id=none -specs=Xilinx.spec  -lrsa -Wl,--start-group,-lxil,-lgcc,-lc,--end-group -Wl,--start-group,-lxilffs,-lxi
l,-lgcc,-lc,--end-group -Wl,--start-group,-lrsa,-lxil,-lgcc,-lc,--end-group                                      -Wl,--gc-secti
ons -Lzynq_fsbl_bsp/ps7_cortexa9_0/lib -L./ -Tlscript.ld

Building the BSP Library for domain  - standalone_domain on processor ps7_cortexa9_0
"Running Make include in ps7_cortexa9_0/libsrc/coresightps_dcc_v1_6/src"

make -C ps7_cortexa9_0/libsrc/coresightps_dcc_v1_6/src -s include  "SHELL=CMD" "COMPILER=arm-none-eabi-gcc" "ASSEMBLER=arm-none
-eabi-as" "ARCHIVER=arm-none-eabi-ar" "COMPILER_FLAGS=  -O2 -c" "EXTRA_COMPILER_FLAGS=-mcpu=cortex-a9 -mfpu=vfpv3 -mfloat-abi=h
ard -nostartfiles -g -Wall -Wextra"

"Running Make include in ps7_cortexa9_0/libsrc/cpu_cortexa9_v2_8/src"

make -C ps7_cortexa9_0/libsrc/cpu_cortexa9_v2_8/src -s include  "SHELL=CMD" "COMPILER=arm-none-eabi-gcc" "ASSEMBLER=arm-none-ea
bi-as" "ARCHIVER=arm-none-eabi-ar" "COMPILER_FLAGS=  -O2 -c" "EXTRA_COMPILER_FLAGS=-mcpu=cortex-a9 -mfpu=vfpv3 -mfloat-abi=hard
 -nostartfiles -g -Wall -Wextra"

"Running Make include in ps7_cortexa9_0/libsrc/ddrps_v1_0/src"

make -C ps7_cortexa9_0/libsrc/ddrps_v1_0/src -s include  "SHELL=CMD" "COMPILER=arm-none-eabi-gcc" "ASSEMBLER=arm-none-eabi-as" 
"ARCHIVER=arm-none-eabi-ar" "COMPILER_FLAGS=  -O2 -c" "EXTRA_COMPILER_FLAGS=-mcpu=cortex-a9 -mfpu=vfpv3 -mfloat-abi=hard -nosta
rtfiles -g -Wall -Wextra"

"Running Make include in ps7_cortexa9_0/libsrc/devcfg_v3_5/src"

make -C ps7_cortexa9_0/libsrc/devcfg_v3_5/src -s include  "SHELL=CMD" "COMPILER=arm-none-eabi-gcc" "ASSEMBLER=arm-none-eabi-as"
 "ARCHIVER=arm-none-eabi-ar" "COMPILER_FLAGS=  -O2 -c" "EXTRA_COMPILER_FLAGS=-mcpu=cortex-a9 -mfpu=vfpv3 -mfloat-abi=hard -nost
artfiles -g -Wall -Wextra"

"Running Make include in ps7_cortexa9_0/libsrc/dmaps_v2_5/src"

make -C ps7_cortexa9_0/libsrc/dmaps_v2_5/src -s include  "SHELL=CMD" "COMPILER=arm-none-eabi-gcc" "ASSEMBLER=arm-none-eabi-as" 
"ARCHIVER=arm-none-eabi-ar" "COMPILER_FLAGS=  -O2 -c" "EXTRA_COMPILER_FLAGS=-mcpu=cortex-a9 -mfpu=vfpv3 -mfloat-abi=hard -nosta
rtfiles -g -Wall -Wextra"

"Running Make include in ps7_cortexa9_0/libsrc/gpiops_v3_6/src"

make -C ps7_cortexa9_0/libsrc/gpiops_v3_6/src -s include  "SHELL=CMD" "COMPILER=arm-none-eabi-gcc" "ASSEMBLER=arm-none-eabi-as"
 "ARCHIVER=arm-none-eabi-ar" "COMPILER_FLAGS=  -O2 -c" "EXTRA_COMPILER_FLAGS=-mcpu=cortex-a9 -mfpu=vfpv3 -mfloat-abi=hard -nost
artfiles -g -Wall -Wextra"

"Running Make include in ps7_cortexa9_0/libsrc/gpio_v4_5/src"

make -C ps7_cortexa9_0/libsrc/gpio_v4_5/src -s include  "SHELL=CMD" "COMPILER=arm-none-eabi-gcc" "ASSEMBLER=arm-none-eabi-as" "
ARCHIVER=arm-none-eabi-ar" "COMPILER_FLAGS=  -O2 -c" "EXTRA_COMPILER_FLAGS=-mcpu=cortex-a9 -mfpu=vfpv3 -mfloat-abi=hard -nostar
tfiles -g -Wall -Wextra"

"Running Make include in ps7_cortexa9_0/libsrc/iicps_v3_10/src"

make -C ps7_cortexa9_0/libsrc/iicps_v3_10/src -s include  "SHELL=CMD" "COMPILER=arm-none-eabi-gcc" "ASSEMBLER=arm-none-eabi-as"
 "ARCHIVER=arm-none-eabi-ar" "COMPILER_FLAGS=  -O2 -c" "EXTRA_COMPILER_FLAGS=-mcpu=cortex-a9 -mfpu=vfpv3 -mfloat-abi=hard -nost
artfiles -g -Wall -Wextra"

"Running Make include in ps7_cortexa9_0/libsrc/qspips_v3_6/src"

make -C ps7_cortexa9_0/libsrc/qspips_v3_6/src -s include  "SHELL=CMD" "COMPILER=arm-none-eabi-gcc" "ASSEMBLER=arm-none-eabi-as"
 "ARCHIVER=arm-none-eabi-ar" "COMPILER_FLAGS=  -O2 -c" "EXTRA_COMPILER_FLAGS=-mcpu=cortex-a9 -mfpu=vfpv3 -mfloat-abi=hard -nost
artfiles -g -Wall -Wextra"

"Running Make include in ps7_cortexa9_0/libsrc/scugic_v4_1/src"

make -C ps7_cortexa9_0/libsrc/scugic_v4_1/src -s include  "SHELL=CMD" "COMPILER=arm-none-eabi-gcc" "ASSEMBLER=arm-none-eabi-as"
 "ARCHIVER=arm-none-eabi-ar" "COMPILER_FLAGS=  -O2 -c" "EXTRA_COMPILER_FLAGS=-mcpu=cortex-a9 -mfpu=vfpv3 -mfloat-abi=hard -nost
artfiles -g -Wall -Wextra"

"Running Make include in ps7_cortexa9_0/libsrc/scutimer_v2_1/src"

make -C ps7_cortexa9_0/libsrc/scutimer_v2_1/src -s include  "SHELL=CMD" "COMPILER=arm-none-eabi-gcc" "ASSEMBLER=arm-none-eabi-a
s" "ARCHIVER=arm-none-eabi-ar" "COMPILER_FLAGS=  -O2 -c" "EXTRA_COMPILER_FLAGS=-mcpu=cortex-a9 -mfpu=vfpv3 -mfloat-abi=hard -no
startfiles -g -Wall -Wextra"

"Running Make include in ps7_cortexa9_0/libsrc/scuwdt_v2_1/src"

make -C ps7_cortexa9_0/libsrc/scuwdt_v2_1/src -s include  "SHELL=CMD" "COMPILER=arm-none-eabi-gcc" "ASSEMBLER=arm-none-eabi-as"
 "ARCHIVER=arm-none-eabi-ar" "COMPILER_FLAGS=  -O2 -c" "EXTRA_COMPILER_FLAGS=-mcpu=cortex-a9 -mfpu=vfpv3 -mfloat-abi=hard -nost
artfiles -g -Wall -Wextra"

"Running Make include in ps7_cortexa9_0/libsrc/sdps_v3_8/src"

make -C ps7_cortexa9_0/libsrc/sdps_v3_8/src -s include  "SHELL=CMD" "COMPILER=arm-none-eabi-gcc" "ASSEMBLER=arm-none-eabi-as" "
ARCHIVER=arm-none-eabi-ar" "COMPILER_FLAGS=  -O2 -c" "EXTRA_COMPILER_FLAGS=-mcpu=cortex-a9 -mfpu=vfpv3 -mfloat-abi=hard -nostar
tfiles -g -Wall -Wextra"

"Running Make include in ps7_cortexa9_0/libsrc/standalone_v7_1/src"

make -C ps7_cortexa9_0/libsrc/standalone_v7_1/src -s include  "SHELL=CMD" "COMPILER=arm-none-eabi-gcc" "ASSEMBLER=arm-none-eabi
-as" "ARCHIVER=arm-none-eabi-ar" "COMPILER_FLAGS=  -O2 -c" "EXTRA_COMPILER_FLAGS=-mcpu=cortex-a9 -mfpu=vfpv3 -mfloat-abi=hard -
nostartfiles -g -Wall -Wextra"

"Running Make include in ps7_cortexa9_0/libsrc/uartps_v3_8/src"

make -C ps7_cortexa9_0/libsrc/uartps_v3_8/src -s include  "SHELL=CMD" "COMPILER=arm-none-eabi-gcc" "ASSEMBLER=arm-none-eabi-as"
 "ARCHIVER=arm-none-eabi-ar" "COMPILER_FLAGS=  -O2 -c" "EXTRA_COMPILER_FLAGS=-mcpu=cortex-a9 -mfpu=vfpv3 -mfloat-abi=hard -nost
artfiles -g -Wall -Wextra"

"Running Make include in ps7_cortexa9_0/libsrc/usbps_v2_4/src"

make -C ps7_cortexa9_0/libsrc/usbps_v2_4/src -s include  "SHELL=CMD" "COMPILER=arm-none-eabi-gcc" "ASSEMBLER=arm-none-eabi-as" 
"ARCHIVER=arm-none-eabi-ar" "COMPILER_FLAGS=  -O2 -c" "EXTRA_COMPILER_FLAGS=-mcpu=cortex-a9 -mfpu=vfpv3 -mfloat-abi=hard -nosta
rtfiles -g -Wall -Wextra"

"Running Make include in ps7_cortexa9_0/libsrc/xadcps_v2_3/src"

make -C ps7_cortexa9_0/libsrc/xadcps_v2_3/src -s include  "SHELL=CMD" "COMPILER=arm-none-eabi-gcc" "ASSEMBLER=arm-none-eabi-as"
 "ARCHIVER=arm-none-eabi-ar" "COMPILER_FLAGS=  -O2 -c" "EXTRA_COMPILER_FLAGS=-mcpu=cortex-a9 -mfpu=vfpv3 -mfloat-abi=hard -nost
artfiles -g -Wall -Wextra"

"Running Make libs in ps7_cortexa9_0/libsrc/coresightps_dcc_v1_6/src"

make -C ps7_cortexa9_0/libsrc/coresightps_dcc_v1_6/src -s libs  "SHELL=CMD" "COMPILER=arm-none-eabi-gcc" "ASSEMBLER=arm-none-ea
bi-as" "ARCHIVER=arm-none-eabi-ar" "COMPILER_FLAGS=  -O2 -c" "EXTRA_COMPILER_FLAGS=-mcpu=cortex-a9 -mfpu=vfpv3 -mfloat-abi=hard
 -nostartfiles -g -Wall -Wextra"

"Compiling coresightps_dcc"

arm-none-eabi-ar: creating ../../../lib/libxil.a
"Running Make libs in ps7_cortexa9_0/libsrc/cpu_cortexa9_v2_8/src"

make -C ps7_cortexa9_0/libsrc/cpu_cortexa9_v2_8/src -s libs  "SHELL=CMD" "COMPILER=arm-none-eabi-gcc" "ASSEMBLER=arm-none-eabi-
as" "ARCHIVER=arm-none-eabi-ar" "COMPILER_FLAGS=  -O2 -c" "EXTRA_COMPILER_FLAGS=-mcpu=cortex-a9 -mfpu=vfpv3 -mfloat-abi=hard -n
ostartfiles -g -Wall -Wextra"

"Compiling cpu_cortexa9"

"Running Make libs in ps7_cortexa9_0/libsrc/ddrps_v1_0/src"

make -C ps7_cortexa9_0/libsrc/ddrps_v1_0/src -s libs  "SHELL=CMD" "COMPILER=arm-none-eabi-gcc" "ASSEMBLER=arm-none-eabi-as" "AR
CHIVER=arm-none-eabi-ar" "COMPILER_FLAGS=  -O2 -c" "EXTRA_COMPILER_FLAGS=-mcpu=cortex-a9 -mfpu=vfpv3 -mfloat-abi=hard -nostartf
iles -g -Wall -Wextra"

"Compiling ddrps"

"Running Make libs in ps7_cortexa9_0/libsrc/devcfg_v3_5/src"

make -C ps7_cortexa9_0/libsrc/devcfg_v3_5/src -s libs  "SHELL=CMD" "COMPILER=arm-none-eabi-gcc" "ASSEMBLER=arm-none-eabi-as" "A
RCHIVER=arm-none-eabi-ar" "COMPILER_FLAGS=  -O2 -c" "EXTRA_COMPILER_FLAGS=-mcpu=cortex-a9 -mfpu=vfpv3 -mfloat-abi=hard -nostart
files -g -Wall -Wextra"

"Compiling devcfg"

"Running Make libs in ps7_cortexa9_0/libsrc/dmaps_v2_5/src"

make -C ps7_cortexa9_0/libsrc/dmaps_v2_5/src -s libs  "SHELL=CMD" "COMPILER=arm-none-eabi-gcc" "ASSEMBLER=arm-none-eabi-as" "AR
CHIVER=arm-none-eabi-ar" "COMPILER_FLAGS=  -O2 -c" "EXTRA_COMPILER_FLAGS=-mcpu=cortex-a9 -mfpu=vfpv3 -mfloat-abi=hard -nostartf
iles -g -Wall -Wextra"

"Compiling dmaps"

"Running Make libs in ps7_cortexa9_0/libsrc/gpiops_v3_6/src"

make -C ps7_cortexa9_0/libsrc/gpiops_v3_6/src -s libs  "SHELL=CMD" "COMPILER=arm-none-eabi-gcc" "ASSEMBLER=arm-none-eabi-as" "A
RCHIVER=arm-none-eabi-ar" "COMPILER_FLAGS=  -O2 -c" "EXTRA_COMPILER_FLAGS=-mcpu=cortex-a9 -mfpu=vfpv3 -mfloat-abi=hard -nostart
files -g -Wall -Wextra"

"Compiling gpiops"

"Running Make libs in ps7_cortexa9_0/libsrc/gpio_v4_5/src"

make -C ps7_cortexa9_0/libsrc/gpio_v4_5/src -s libs  "SHELL=CMD" "COMPILER=arm-none-eabi-gcc" "ASSEMBLER=arm-none-eabi-as" "ARC
HIVER=arm-none-eabi-ar" "COMPILER_FLAGS=  -O2 -c" "EXTRA_COMPILER_FLAGS=-mcpu=cortex-a9 -mfpu=vfpv3 -mfloat-abi=hard -nostartfi
les -g -Wall -Wextra"

"Compiling gpio"

"Running Make libs in ps7_cortexa9_0/libsrc/iicps_v3_10/src"

make -C ps7_cortexa9_0/libsrc/iicps_v3_10/src -s libs  "SHELL=CMD" "COMPILER=arm-none-eabi-gcc" "ASSEMBLER=arm-none-eabi-as" "A
RCHIVER=arm-none-eabi-ar" "COMPILER_FLAGS=  -O2 -c" "EXTRA_COMPILER_FLAGS=-mcpu=cortex-a9 -mfpu=vfpv3 -mfloat-abi=hard -nostart
files -g -Wall -Wextra"

"Compiling iicps"

"Running Make libs in ps7_cortexa9_0/libsrc/qspips_v3_6/src"

make -C ps7_cortexa9_0/libsrc/qspips_v3_6/src -s libs  "SHELL=CMD" "COMPILER=arm-none-eabi-gcc" "ASSEMBLER=arm-none-eabi-as" "A
RCHIVER=arm-none-eabi-ar" "COMPILER_FLAGS=  -O2 -c" "EXTRA_COMPILER_FLAGS=-mcpu=cortex-a9 -mfpu=vfpv3 -mfloat-abi=hard -nostart
files -g -Wall -Wextra"

"Compiling qspips"

"Running Make libs in ps7_cortexa9_0/libsrc/scugic_v4_1/src"

make -C ps7_cortexa9_0/libsrc/scugic_v4_1/src -s libs  "SHELL=CMD" "COMPILER=arm-none-eabi-gcc" "ASSEMBLER=arm-none-eabi-as" "A
RCHIVER=arm-none-eabi-ar" "COMPILER_FLAGS=  -O2 -c" "EXTRA_COMPILER_FLAGS=-mcpu=cortex-a9 -mfpu=vfpv3 -mfloat-abi=hard -nostart
files -g -Wall -Wextra"

"Compiling scugic"

"Running Make libs in ps7_cortexa9_0/libsrc/scutimer_v2_1/src"

make -C ps7_cortexa9_0/libsrc/scutimer_v2_1/src -s libs  "SHELL=CMD" "COMPILER=arm-none-eabi-gcc" "ASSEMBLER=arm-none-eabi-as" 
"ARCHIVER=arm-none-eabi-ar" "COMPILER_FLAGS=  -O2 -c" "EXTRA_COMPILER_FLAGS=-mcpu=cortex-a9 -mfpu=vfpv3 -mfloat-abi=hard -nosta
rtfiles -g -Wall -Wextra"

"Compiling scutimer"

"Running Make libs in ps7_cortexa9_0/libsrc/scuwdt_v2_1/src"

make -C ps7_cortexa9_0/libsrc/scuwdt_v2_1/src -s libs  "SHELL=CMD" "COMPILER=arm-none-eabi-gcc" "ASSEMBLER=arm-none-eabi-as" "A
RCHIVER=arm-none-eabi-ar" "COMPILER_FLAGS=  -O2 -c" "EXTRA_COMPILER_FLAGS=-mcpu=cortex-a9 -mfpu=vfpv3 -mfloat-abi=hard -nostart
files -g -Wall -Wextra"

"Compiling scuwdt"

"Running Make libs in ps7_cortexa9_0/libsrc/sdps_v3_8/src"

make -C ps7_cortexa9_0/libsrc/sdps_v3_8/src -s libs  "SHELL=CMD" "COMPILER=arm-none-eabi-gcc" "ASSEMBLER=arm-none-eabi-as" "ARC
HIVER=arm-none-eabi-ar" "COMPILER_FLAGS=  -O2 -c" "EXTRA_COMPILER_FLAGS=-mcpu=cortex-a9 -mfpu=vfpv3 -mfloat-abi=hard -nostartfi
les -g -Wall -Wextra"

"Compiling sdps"

"Running Make libs in ps7_cortexa9_0/libsrc/standalone_v7_1/src"

make -C ps7_cortexa9_0/libsrc/standalone_v7_1/src -s libs  "SHELL=CMD" "COMPILER=arm-none-eabi-gcc" "ASSEMBLER=arm-none-eabi-as
" "ARCHIVER=arm-none-eabi-ar" "COMPILER_FLAGS=  -O2 -c" "EXTRA_COMPILER_FLAGS=-mcpu=cortex-a9 -mfpu=vfpv3 -mfloat-abi=hard -nos
tartfiles -g -Wall -Wextra"

"Compiling standalone"

In file included from usleep.c:54:
xtime_l.h:85:9: note: #pragma message: For the sleep routines, Global timer is being used
 #pragma message ("For the sleep routines, Global timer is being used")
         ^~~~~~~
In file included from xil_sleeptimer.c:52:
xtime_l.h:85:9: note: #pragma message: For the sleep routines, Global timer is being used
 #pragma message ("For the sleep routines, Global timer is being used")
         ^~~~~~~
In file included from xtime_l.c:47:
xtime_l.h:85:9: note: #pragma message: For the sleep routines, Global timer is being used
 #pragma message ("For the sleep routines, Global timer is being used")
         ^~~~~~~
In file included from sleep.c:51:
xtime_l.h:85:9: note: #pragma message: For the sleep routines, Global timer is being used
 #pragma message ("For the sleep routines, Global timer is being used")
         ^~~~~~~
"Running Make libs in ps7_cortexa9_0/libsrc/uartps_v3_8/src"

make -C ps7_cortexa9_0/libsrc/uartps_v3_8/src -s libs  "SHELL=CMD" "COMPILER=arm-none-eabi-gcc" "ASSEMBLER=arm-none-eabi-as" "A
RCHIVER=arm-none-eabi-ar" "COMPILER_FLAGS=  -O2 -c" "EXTRA_COMPILER_FLAGS=-mcpu=cortex-a9 -mfpu=vfpv3 -mfloat-abi=hard -nostart
files -g -Wall -Wextra"

"Compiling uartps"

"Running Make libs in ps7_cortexa9_0/libsrc/usbps_v2_4/src"

make -C ps7_cortexa9_0/libsrc/usbps_v2_4/src -s libs  "SHELL=CMD" "COMPILER=arm-none-eabi-gcc" "ASSEMBLER=arm-none-eabi-as" "AR
CHIVER=arm-none-eabi-ar" "COMPILER_FLAGS=  -O2 -c" "EXTRA_COMPILER_FLAGS=-mcpu=cortex-a9 -mfpu=vfpv3 -mfloat-abi=hard -nostartf
iles -g -Wall -Wextra"

"Compiling usbps"

"Running Make libs in ps7_cortexa9_0/libsrc/xadcps_v2_3/src"

make -C ps7_cortexa9_0/libsrc/xadcps_v2_3/src -s libs  "SHELL=CMD" "COMPILER=arm-none-eabi-gcc" "ASSEMBLER=arm-none-eabi-as" "A
RCHIVER=arm-none-eabi-ar" "COMPILER_FLAGS=  -O2 -c" "EXTRA_COMPILER_FLAGS=-mcpu=cortex-a9 -mfpu=vfpv3 -mfloat-abi=hard -nostart
files -g -Wall -Wextra"

"Compiling xadcps"

'Finished building libraries'

16:38:46 **** Build of configuration Debug for project eFPGA_GPIO_Application ****
make all 
make --no-print-directory pre-build
a9-linaro-pre-build-step
' '
make --no-print-directory main-build
'Building file: ../src/helloworld.c'
'Invoking: ARM v7 gcc compiler'
arm-none-eabi-gcc -Wall -O0 -g3 -c -fmessage-length=0 -MT"src/helloworld.o" -mcpu=cortex-a9 -mfpu=vfpv3 -mfloat-abi=hard -IC:/devWorks/FPGA/eFPGA_GPIO/eFPGA_GPIO/export/eFPGA_GPIO/sw/eFPGA_GPIO/standalone_domain/bspinclude/include -MMD -MP -MF"src/helloworld.d" -MT"src/helloworld.o" -o "src/helloworld.o" "../src/helloworld.c"
../src/helloworld.c:52:10: fatal error: gpiops.h: No such file or directory
 #include "gpiops.h"
          ^~~~~~~~~~
compilation terminated.
make[1]: *** [src/subdir.mk:26: src/helloworld.o] Error 1
make: *** [makefile:34: all] Error 2
16:39:15 **** Incremental Build of configuration Debug for project eFPGA_GPIO_Application ****
make all 
make --no-print-directory pre-build
a9-linaro-pre-build-step
' '
make --no-print-directory main-build
'Building file: ../src/helloworld.c'
'Invoking: ARM v7 gcc compiler'
arm-none-eabi-gcc -Wall -O0 -g3 -c -fmessage-length=0 -MT"src/helloworld.o" -mcpu=cortex-a9 -mfpu=vfpv3 -mfloat-abi=hard -IC:/devWorks/FPGA/eFPGA_GPIO/eFPGA_GPIO/export/eFPGA_GPIO/sw/eFPGA_GPIO/standalone_domain/bspinclude/include -MMD -MP -MF"src/helloworld.d" -MT"src/helloworld.o" -o "src/helloworld.o" "../src/helloworld.c"
'Finished building: ../src/helloworld.c'
' '
'Building file: ../src/platform.c'
'Invoking: ARM v7 gcc compiler'
arm-none-eabi-gcc -Wall -O0 -g3 -c -fmessage-length=0 -MT"src/platform.o" -mcpu=cortex-a9 -mfpu=vfpv3 -mfloat-abi=hard -IC:/devWorks/FPGA/eFPGA_GPIO/eFPGA_GPIO/export/eFPGA_GPIO/sw/eFPGA_GPIO/standalone_domain/bspinclude/include -MMD -MP -MF"src/platform.d" -MT"src/platform.o" -o "src/platform.o" "../src/platform.c"
'Finished building: ../src/platform.c'
' '
'Building target: eFPGA_GPIO_Application.elf'
'Invoking: ARM v7 gcc linker'
arm-none-eabi-gcc -mcpu=cortex-a9 -mfpu=vfpv3 -mfloat-abi=hard -Wl,-build-id=none -specs=Xilinx.spec -Wl,-T -Wl,../src/lscript.ld -LC:/devWorks/FPGA/eFPGA_GPIO/eFPGA_GPIO/export/eFPGA_GPIO/sw/eFPGA_GPIO/standalone_domain/bsplib/lib -o "eFPGA_GPIO_Application.elf"  ./src/helloworld.o ./src/platform.o   -Wl,--start-group,-lxil,-lgcc,-lc,--end-group
'Finished building target: eFPGA_GPIO_Application.elf'
' '
'Invoking: ARM v7 Print Size'
arm-none-eabi-size eFPGA_GPIO_Application.elf  |tee "eFPGA_GPIO_Application.elf.size"
   text	   data	    bss	    dec	    hex	filename
  19064	   1144	  22568	  42776	   a718	eFPGA_GPIO_Application.elf
'Finished building: eFPGA_GPIO_Application.elf.size'
' '
16:55:40 **** Incremental Build of configuration Debug for project eFPGA_GPIO_Application ****
make all 
make --no-print-directory pre-build
a9-linaro-pre-build-step
' '
make --no-print-directory main-build
'Building file: ../src/helloworld.c'
'Invoking: ARM v7 gcc compiler'
arm-none-eabi-gcc -Wall -O0 -g3 -c -fmessage-length=0 -MT"src/helloworld.o" -mcpu=cortex-a9 -mfpu=vfpv3 -mfloat-abi=hard -IC:/devWorks/FPGA/eFPGA_GPIO/eFPGA_GPIO/export/eFPGA_GPIO/sw/eFPGA_GPIO/standalone_domain/bspinclude/include -MMD -MP -MF"src/helloworld.d" -MT"src/helloworld.o" -o "src/helloworld.o" "../src/helloworld.c"
../src/helloworld.c: In function 'main':
../src/helloworld.c:109:14: warning: implicit declaration of function 'XGpioPs_Initialize'; did you mean 'XGpio_Initialize'? [-Wimplicit-function-declaration]
     Status = XGpioPs_Initialize(&GpioPs, GPIO_DEVICE_ID_PS);
              ^~~~~~~~~~~~~~~~~~
              XGpio_Initialize
../src/helloworld.c:115:2: warning: implicit declaration of function 'XGpioPs_SetDataDirection'; did you mean 'XGpio_SetDataDirection'? [-Wimplicit-function-declaration]
  XGpioPs_SetDataDirection(&GpioPs, CHANNEL, ~MASK);
  ^~~~~~~~~~~~~~~~~~~~~~~~
  XGpio_SetDataDirection
../src/helloworld.c:121:22: error: 'Gpiops' undeclared (first use in this function); did you mean 'GpioPs'?
      testfunctionPS(&Gpiops);
                      ^~~~~~
                      GpioPs
../src/helloworld.c:121:22: note: each undeclared identifier is reported only once for each function it appears in
../src/helloworld.c: In function 'testfunctionPL':
../src/helloworld.c:133:3: warning: implicit declaration of function 'XGpio_Write'; did you mean 'XGpioPs_Write'? [-Wimplicit-function-declaration]
   XGpio_Write(&Gpio,SEGMENT_CHANNEL,value);
   ^~~~~~~~~~~
   XGpioPs_Write
../src/helloworld.c:133:21: error: 'SEGMENT_CHANNEL' undeclared (first use in this function)
   XGpio_Write(&Gpio,SEGMENT_CHANNEL,value);
                     ^~~~~~~~~~~~~~~
../src/helloworld.c: In function 'testfunctionPS':
../src/helloworld.c:145:23: error: 'SEGMENT_CHANNEL' undeclared (first use in this function)
   XGpioPs_Write(&Gpio,SEGMENT_CHANNEL,value);
                       ^~~~~~~~~~~~~~~
../src/helloworld.c:145:17: warning: passing argument 1 of 'XGpioPs_Write' from incompatible pointer type [-Wincompatible-pointer-types]
   XGpioPs_Write(&Gpio,SEGMENT_CHANNEL,value);
                 ^~~~~
In file included from ../src/helloworld.c:53:
C:/devWorks/FPGA/eFPGA_GPIO/eFPGA_GPIO/export/eFPGA_GPIO/sw/eFPGA_GPIO/standalone_domain/bspinclude/include/xgpiops.h:232:35: note: expected 'const XGpioPs *' {aka 'const struct <anonymous> *'} but argument is of type 'XGpio *' {aka 'struct <anonymous> *'}
 void XGpioPs_Write(const XGpioPs *InstancePtr, u8 Bank, u32 Data);
                    ~~~~~~~~~~~~~~~^~~~~~~~~~~
make[1]: *** [src/subdir.mk:26: src/helloworld.o] Error 1
make: *** [makefile:34: all] Error 2
16:56:02 **** Incremental Build of configuration Debug for project eFPGA_GPIO_Application ****
make all 
make --no-print-directory pre-build
a9-linaro-pre-build-step
' '
make --no-print-directory main-build
'Building file: ../src/helloworld.c'
'Invoking: ARM v7 gcc compiler'
arm-none-eabi-gcc -Wall -O0 -g3 -c -fmessage-length=0 -MT"src/helloworld.o" -mcpu=cortex-a9 -mfpu=vfpv3 -mfloat-abi=hard -IC:/devWorks/FPGA/eFPGA_GPIO/eFPGA_GPIO/export/eFPGA_GPIO/sw/eFPGA_GPIO/standalone_domain/bspinclude/include -MMD -MP -MF"src/helloworld.d" -MT"src/helloworld.o" -o "src/helloworld.o" "../src/helloworld.c"
../src/helloworld.c: In function 'main':
../src/helloworld.c:109:14: warning: implicit declaration of function 'XGpioPs_Initialize'; did you mean 'XGpio_Initialize'? [-Wimplicit-function-declaration]
     Status = XGpioPs_Initialize(&GpioPs, GPIO_DEVICE_ID_PS);
              ^~~~~~~~~~~~~~~~~~
              XGpio_Initialize
../src/helloworld.c:115:2: warning: implicit declaration of function 'XGpioPs_SetDataDirection'; did you mean 'XGpio_SetDataDirection'? [-Wimplicit-function-declaration]
  XGpioPs_SetDataDirection(&GpioPs, CHANNEL, ~MASK);
  ^~~~~~~~~~~~~~~~~~~~~~~~
  XGpio_SetDataDirection
../src/helloworld.c:121:22: error: 'Gpiops' undeclared (first use in this function); did you mean 'GpioPs'?
      testfunctionPS(&Gpiops);
                      ^~~~~~
                      GpioPs
../src/helloworld.c:121:22: note: each undeclared identifier is reported only once for each function it appears in
../src/helloworld.c: In function 'testfunctionPL':
../src/helloworld.c:133:3: warning: implicit declaration of function 'XGpio_Write'; did you mean 'XGpioPs_Write'? [-Wimplicit-function-declaration]
   XGpio_Write(&Gpio,CHANNEL,value);
   ^~~~~~~~~~~
   XGpioPs_Write
make[1]: *** [src/subdir.mk:26: src/helloworld.o] Error 1
make: *** [makefile:34: all] Error 2
17:01:23 **** Incremental Build of configuration Debug for project eFPGA_GPIO_Application ****
make all 
make --no-print-directory pre-build
a9-linaro-pre-build-step
' '
make --no-print-directory main-build
'Building file: ../src/helloworld.c'
'Invoking: ARM v7 gcc compiler'
arm-none-eabi-gcc -Wall -O0 -g3 -c -fmessage-length=0 -MT"src/helloworld.o" -mcpu=cortex-a9 -mfpu=vfpv3 -mfloat-abi=hard -IC:/devWorks/FPGA/eFPGA_GPIO/eFPGA_GPIO/export/eFPGA_GPIO/sw/eFPGA_GPIO/standalone_domain/bspinclude/include -MMD -MP -MF"src/helloworld.d" -MT"src/helloworld.o" -o "src/helloworld.o" "../src/helloworld.c"
../src/helloworld.c: In function 'main':
../src/helloworld.c:111:14: warning: implicit declaration of function 'XGpioPs_Initialize'; did you mean 'XGpio_Initialize'? [-Wimplicit-function-declaration]
     Status = XGpioPs_Initialize(&GpioPs, GPIO_DEVICE_ID_PS);
              ^~~~~~~~~~~~~~~~~~
              XGpio_Initialize
../src/helloworld.c:117:2: warning: implicit declaration of function 'XGpioPs_SetDataDirection'; did you mean 'XGpio_SetDataDirection'? [-Wimplicit-function-declaration]
  XGpioPs_SetDataDirection(&GpioPs, CHANNEL, ~MASK);
  ^~~~~~~~~~~~~~~~~~~~~~~~
  XGpio_SetDataDirection
'Finished building: ../src/helloworld.c'
' '
'Building target: eFPGA_GPIO_Application.elf'
'Invoking: ARM v7 gcc linker'
arm-none-eabi-gcc -mcpu=cortex-a9 -mfpu=vfpv3 -mfloat-abi=hard -Wl,-build-id=none -specs=Xilinx.spec -Wl,-T -Wl,../src/lscript.ld -LC:/devWorks/FPGA/eFPGA_GPIO/eFPGA_GPIO/export/eFPGA_GPIO/sw/eFPGA_GPIO/standalone_domain/bsplib/lib -o "eFPGA_GPIO_Application.elf"  ./src/helloworld.o ./src/platform.o   -Wl,--start-group,-lxil,-lgcc,-lc,--end-group
c:/xilinx/vitis/2019.2/gnu/aarch32/nt/gcc-arm-none-eabi/bin/../lib/gcc/arm-none-eabi/8.2.0/../../../../arm-none-eabi/bin/ld.exe: ./src/helloworld.o: in function `main':
C:\devWorks\FPGA\eFPGA_GPIO\eFPGA_GPIO_Application\Debug/../src/helloworld.c:111: undefined reference to `XGpioPs_Initialize'
c:/xilinx/vitis/2019.2/gnu/aarch32/nt/gcc-arm-none-eabi/bin/../lib/gcc/arm-none-eabi/8.2.0/../../../../arm-none-eabi/bin/ld.exe: C:\devWorks\FPGA\eFPGA_GPIO\eFPGA_GPIO_Application\Debug/../src/helloworld.c:117: undefined reference to `XGpioPs_SetDataDirection'
collect2.exe: error: ld returned 1 exit status
make[1]: *** [makefile:43: eFPGA_GPIO_Application.elf] Error 1
make: *** [makefile:34: all] Error 2
17:02:01 **** Incremental Build of configuration Debug for project eFPGA_GPIO_Application ****
make all 
make --no-print-directory pre-build
a9-linaro-pre-build-step
' '
make --no-print-directory main-build
'Building file: ../src/helloworld.c'
'Invoking: ARM v7 gcc compiler'
arm-none-eabi-gcc -Wall -O0 -g3 -c -fmessage-length=0 -MT"src/helloworld.o" -mcpu=cortex-a9 -mfpu=vfpv3 -mfloat-abi=hard -IC:/devWorks/FPGA/eFPGA_GPIO/eFPGA_GPIO/export/eFPGA_GPIO/sw/eFPGA_GPIO/standalone_domain/bspinclude/include -MMD -MP -MF"src/helloworld.d" -MT"src/helloworld.o" -o "src/helloworld.o" "../src/helloworld.c"
../src/helloworld.c: In function 'main':
../src/helloworld.c:111:14: warning: implicit declaration of function 'XGpioPs_Initialize'; did you mean 'XGpio_Initialize'? [-Wimplicit-function-declaration]
     Status = XGpioPs_Initialize(&GpioPs, GPIO_DEVICE_ID_PS);
              ^~~~~~~~~~~~~~~~~~
              XGpio_Initialize
'Finished building: ../src/helloworld.c'
' '
'Building target: eFPGA_GPIO_Application.elf'
'Invoking: ARM v7 gcc linker'
arm-none-eabi-gcc -mcpu=cortex-a9 -mfpu=vfpv3 -mfloat-abi=hard -Wl,-build-id=none -specs=Xilinx.spec -Wl,-T -Wl,../src/lscript.ld -LC:/devWorks/FPGA/eFPGA_GPIO/eFPGA_GPIO/export/eFPGA_GPIO/sw/eFPGA_GPIO/standalone_domain/bsplib/lib -o "eFPGA_GPIO_Application.elf"  ./src/helloworld.o ./src/platform.o   -Wl,--start-group,-lxil,-lgcc,-lc,--end-group
c:/xilinx/vitis/2019.2/gnu/aarch32/nt/gcc-arm-none-eabi/bin/../lib/gcc/arm-none-eabi/8.2.0/../../../../arm-none-eabi/bin/ld.exe: ./src/helloworld.o: in function `main':
C:\devWorks\FPGA\eFPGA_GPIO\eFPGA_GPIO_Application\Debug/../src/helloworld.c:111: undefined reference to `XGpioPs_Initialize'
collect2.exe: error: ld returned 1 exit status
make[1]: *** [makefile:43: eFPGA_GPIO_Application.elf] Error 1
make: *** [makefile:34: all] Error 2
17:04:38 **** Incremental Build of configuration Debug for project eFPGA_GPIO_Application ****
make all 
make --no-print-directory pre-build
a9-linaro-pre-build-step
' '
make --no-print-directory main-build
'Building file: ../src/helloworld.c'
'Invoking: ARM v7 gcc compiler'
arm-none-eabi-gcc -Wall -O0 -g3 -c -fmessage-length=0 -MT"src/helloworld.o" -mcpu=cortex-a9 -mfpu=vfpv3 -mfloat-abi=hard -IC:/devWorks/FPGA/eFPGA_GPIO/eFPGA_GPIO/export/eFPGA_GPIO/sw/eFPGA_GPIO/standalone_domain/bspinclude/include -MMD -MP -MF"src/helloworld.d" -MT"src/helloworld.o" -o "src/helloworld.o" "../src/helloworld.c"
../src/helloworld.c: In function 'main':
../src/helloworld.c:114:10: error: 'status' undeclared (first use in this function); did you mean 'Status'?
      if (status != XST_SUCCESS) {
          ^~~~~~
          Status
../src/helloworld.c:114:10: note: each undeclared identifier is reported only once for each function it appears in
make[1]: *** [src/subdir.mk:26: src/helloworld.o] Error 1
make: *** [makefile:34: all] Error 2
17:04:49 **** Incremental Build of configuration Debug for project eFPGA_GPIO_Application ****
make all 
make --no-print-directory pre-build
a9-linaro-pre-build-step
' '
make --no-print-directory main-build
'Building file: ../src/helloworld.c'
'Invoking: ARM v7 gcc compiler'
arm-none-eabi-gcc -Wall -O0 -g3 -c -fmessage-length=0 -MT"src/helloworld.o" -mcpu=cortex-a9 -mfpu=vfpv3 -mfloat-abi=hard -IC:/devWorks/FPGA/eFPGA_GPIO/eFPGA_GPIO/export/eFPGA_GPIO/sw/eFPGA_GPIO/standalone_domain/bspinclude/include -MMD -MP -MF"src/helloworld.d" -MT"src/helloworld.o" -o "src/helloworld.o" "../src/helloworld.c"
'Finished building: ../src/helloworld.c'
' '
'Building target: eFPGA_GPIO_Application.elf'
'Invoking: ARM v7 gcc linker'
arm-none-eabi-gcc -mcpu=cortex-a9 -mfpu=vfpv3 -mfloat-abi=hard -Wl,-build-id=none -specs=Xilinx.spec -Wl,-T -Wl,../src/lscript.ld -LC:/devWorks/FPGA/eFPGA_GPIO/eFPGA_GPIO/export/eFPGA_GPIO/sw/eFPGA_GPIO/standalone_domain/bsplib/lib -o "eFPGA_GPIO_Application.elf"  ./src/helloworld.o ./src/platform.o   -Wl,--start-group,-lxil,-lgcc,-lc,--end-group
'Finished building target: eFPGA_GPIO_Application.elf'
' '
'Invoking: ARM v7 Print Size'
arm-none-eabi-size eFPGA_GPIO_Application.elf  |tee "eFPGA_GPIO_Application.elf.size"
   text	   data	    bss	    dec	    hex	filename
  66944	   2608	  23376	  92928	  16b00	eFPGA_GPIO_Application.elf
'Finished building: eFPGA_GPIO_Application.elf.size'
' '
17:09:53 **** Incremental Build of configuration Debug for project eFPGA_GPIO_Application ****
make all 
make --no-print-directory pre-build
a9-linaro-pre-build-step
' '
make --no-print-directory main-build
'Building file: ../src/helloworld.c'
'Invoking: ARM v7 gcc compiler'
arm-none-eabi-gcc -Wall -O0 -g3 -c -fmessage-length=0 -MT"src/helloworld.o" -mcpu=cortex-a9 -mfpu=vfpv3 -mfloat-abi=hard -IC:/devWorks/FPGA/eFPGA_GPIO/eFPGA_GPIO/export/eFPGA_GPIO/sw/eFPGA_GPIO/standalone_domain/bspinclude/include -MMD -MP -MF"src/helloworld.d" -MT"src/helloworld.o" -o "src/helloworld.o" "../src/helloworld.c"
'Finished building: ../src/helloworld.c'
' '
'Building target: eFPGA_GPIO_Application.elf'
'Invoking: ARM v7 gcc linker'
arm-none-eabi-gcc -mcpu=cortex-a9 -mfpu=vfpv3 -mfloat-abi=hard -Wl,-build-id=none -specs=Xilinx.spec -Wl,-T -Wl,../src/lscript.ld -LC:/devWorks/FPGA/eFPGA_GPIO/eFPGA_GPIO/export/eFPGA_GPIO/sw/eFPGA_GPIO/standalone_domain/bsplib/lib -o "eFPGA_GPIO_Application.elf"  ./src/helloworld.o ./src/platform.o   -Wl,--start-group,-lxil,-lgcc,-lc,--end-group
'Finished building target: eFPGA_GPIO_Application.elf'
' '
'Invoking: ARM v7 Print Size'
arm-none-eabi-size eFPGA_GPIO_Application.elf  |tee "eFPGA_GPIO_Application.elf.size"
   text	   data	    bss	    dec	    hex	filename
  66944	   2608	  23376	  92928	  16b00	eFPGA_GPIO_Application.elf
'Finished building: eFPGA_GPIO_Application.elf.size'
' '
17:12:13 **** Incremental Build of configuration Debug for project eFPGA_GPIO_Application ****
make all 
make --no-print-directory pre-build
a9-linaro-pre-build-step
' '
make --no-print-directory main-build
'Building file: ../src/helloworld.c'
'Invoking: ARM v7 gcc compiler'
arm-none-eabi-gcc -Wall -O0 -g3 -c -fmessage-length=0 -MT"src/helloworld.o" -mcpu=cortex-a9 -mfpu=vfpv3 -mfloat-abi=hard -IC:/devWorks/FPGA/eFPGA_GPIO/eFPGA_GPIO/export/eFPGA_GPIO/sw/eFPGA_GPIO/standalone_domain/bspinclude/include -MMD -MP -MF"src/helloworld.d" -MT"src/helloworld.o" -o "src/helloworld.o" "../src/helloworld.c"
'Finished building: ../src/helloworld.c'
' '
'Building target: eFPGA_GPIO_Application.elf'
'Invoking: ARM v7 gcc linker'
arm-none-eabi-gcc -mcpu=cortex-a9 -mfpu=vfpv3 -mfloat-abi=hard -Wl,-build-id=none -specs=Xilinx.spec -Wl,-T -Wl,../src/lscript.ld -LC:/devWorks/FPGA/eFPGA_GPIO/eFPGA_GPIO/export/eFPGA_GPIO/sw/eFPGA_GPIO/standalone_domain/bsplib/lib -o "eFPGA_GPIO_Application.elf"  ./src/helloworld.o ./src/platform.o   -Wl,--start-group,-lxil,-lgcc,-lc,--end-group
'Finished building target: eFPGA_GPIO_Application.elf'
' '
'Invoking: ARM v7 Print Size'
arm-none-eabi-size eFPGA_GPIO_Application.elf  |tee "eFPGA_GPIO_Application.elf.size"
   text	   data	    bss	    dec	    hex	filename
  66944	   2608	  23376	  92928	  16b00	eFPGA_GPIO_Application.elf
'Finished building: eFPGA_GPIO_Application.elf.size'
' '
17:18:31 **** Incremental Build of configuration Debug for project eFPGA_GPIO_Application ****
make all 
make --no-print-directory pre-build
a9-linaro-pre-build-step
' '
make --no-print-directory main-build
'Building file: ../src/helloworld.c'
'Invoking: ARM v7 gcc compiler'
arm-none-eabi-gcc -Wall -O0 -g3 -c -fmessage-length=0 -MT"src/helloworld.o" -mcpu=cortex-a9 -mfpu=vfpv3 -mfloat-abi=hard -IC:/devWorks/FPGA/eFPGA_GPIO/eFPGA_GPIO/export/eFPGA_GPIO/sw/eFPGA_GPIO/standalone_domain/bspinclude/include -MMD -MP -MF"src/helloworld.d" -MT"src/helloworld.o" -o "src/helloworld.o" "../src/helloworld.c"
'Finished building: ../src/helloworld.c'
' '
'Building target: eFPGA_GPIO_Application.elf'
'Invoking: ARM v7 gcc linker'
arm-none-eabi-gcc -mcpu=cortex-a9 -mfpu=vfpv3 -mfloat-abi=hard -Wl,-build-id=none -specs=Xilinx.spec -Wl,-T -Wl,../src/lscript.ld -LC:/devWorks/FPGA/eFPGA_GPIO/eFPGA_GPIO/export/eFPGA_GPIO/sw/eFPGA_GPIO/standalone_domain/bsplib/lib -o "eFPGA_GPIO_Application.elf"  ./src/helloworld.o ./src/platform.o   -Wl,--start-group,-lxil,-lgcc,-lc,--end-group
'Finished building target: eFPGA_GPIO_Application.elf'
' '
'Invoking: ARM v7 Print Size'
arm-none-eabi-size eFPGA_GPIO_Application.elf  |tee "eFPGA_GPIO_Application.elf.size"
   text	   data	    bss	    dec	    hex	filename
  66944	   2608	  23376	  92928	  16b00	eFPGA_GPIO_Application.elf
'Finished building: eFPGA_GPIO_Application.elf.size'
' '
17:20:53 **** Incremental Build of configuration Debug for project eFPGA_GPIO_Application ****
make all 
make --no-print-directory pre-build
a9-linaro-pre-build-step
' '
make --no-print-directory main-build
'Building file: ../src/helloworld.c'
'Invoking: ARM v7 gcc compiler'
arm-none-eabi-gcc -Wall -O0 -g3 -c -fmessage-length=0 -MT"src/helloworld.o" -mcpu=cortex-a9 -mfpu=vfpv3 -mfloat-abi=hard -IC:/devWorks/FPGA/eFPGA_GPIO/eFPGA_GPIO/export/eFPGA_GPIO/sw/eFPGA_GPIO/standalone_domain/bspinclude/include -MMD -MP -MF"src/helloworld.d" -MT"src/helloworld.o" -o "src/helloworld.o" "../src/helloworld.c"
../src/helloworld.c: In function 'testfunctionPL':
../src/helloworld.c:139:29: error: 'CHANNEL' undeclared (first use in this function); did you mean 'CHANNEL_PS'?
   XGpio_DiscreteWrite(&Gpio,CHANNEL,value);
                             ^~~~~~~
                             CHANNEL_PS
../src/helloworld.c:139:29: note: each undeclared identifier is reported only once for each function it appears in
make[1]: *** [src/subdir.mk:26: src/helloworld.o] Error 1
make: *** [makefile:34: all] Error 2
17:21:06 **** Incremental Build of configuration Debug for project eFPGA_GPIO_Application ****
make all 
make --no-print-directory pre-build
a9-linaro-pre-build-step
' '
make --no-print-directory main-build
'Building file: ../src/helloworld.c'
'Invoking: ARM v7 gcc compiler'
arm-none-eabi-gcc -Wall -O0 -g3 -c -fmessage-length=0 -MT"src/helloworld.o" -mcpu=cortex-a9 -mfpu=vfpv3 -mfloat-abi=hard -IC:/devWorks/FPGA/eFPGA_GPIO/eFPGA_GPIO/export/eFPGA_GPIO/sw/eFPGA_GPIO/standalone_domain/bspinclude/include -MMD -MP -MF"src/helloworld.d" -MT"src/helloworld.o" -o "src/helloworld.o" "../src/helloworld.c"
'Finished building: ../src/helloworld.c'
' '
'Building target: eFPGA_GPIO_Application.elf'
'Invoking: ARM v7 gcc linker'
arm-none-eabi-gcc -mcpu=cortex-a9 -mfpu=vfpv3 -mfloat-abi=hard -Wl,-build-id=none -specs=Xilinx.spec -Wl,-T -Wl,../src/lscript.ld -LC:/devWorks/FPGA/eFPGA_GPIO/eFPGA_GPIO/export/eFPGA_GPIO/sw/eFPGA_GPIO/standalone_domain/bsplib/lib -o "eFPGA_GPIO_Application.elf"  ./src/helloworld.o ./src/platform.o   -Wl,--start-group,-lxil,-lgcc,-lc,--end-group
'Finished building target: eFPGA_GPIO_Application.elf'
' '
'Invoking: ARM v7 Print Size'
arm-none-eabi-size eFPGA_GPIO_Application.elf  |tee "eFPGA_GPIO_Application.elf.size"
   text	   data	    bss	    dec	    hex	filename
  66944	   2608	  23376	  92928	  16b00	eFPGA_GPIO_Application.elf
'Finished building: eFPGA_GPIO_Application.elf.size'
' '
17:23:30 **** Incremental Build of configuration Debug for project eFPGA_GPIO_Application ****
make all 
make --no-print-directory pre-build
a9-linaro-pre-build-step
' '
make --no-print-directory main-build
'Building file: ../src/helloworld.c'
'Invoking: ARM v7 gcc compiler'
arm-none-eabi-gcc -Wall -O0 -g3 -c -fmessage-length=0 -MT"src/helloworld.o" -mcpu=cortex-a9 -mfpu=vfpv3 -mfloat-abi=hard -IC:/devWorks/FPGA/eFPGA_GPIO/eFPGA_GPIO/export/eFPGA_GPIO/sw/eFPGA_GPIO/standalone_domain/bspinclude/include -MMD -MP -MF"src/helloworld.d" -MT"src/helloworld.o" -o "src/helloworld.o" "../src/helloworld.c"
'Finished building: ../src/helloworld.c'
' '
'Building target: eFPGA_GPIO_Application.elf'
'Invoking: ARM v7 gcc linker'
arm-none-eabi-gcc -mcpu=cortex-a9 -mfpu=vfpv3 -mfloat-abi=hard -Wl,-build-id=none -specs=Xilinx.spec -Wl,-T -Wl,../src/lscript.ld -LC:/devWorks/FPGA/eFPGA_GPIO/eFPGA_GPIO/export/eFPGA_GPIO/sw/eFPGA_GPIO/standalone_domain/bsplib/lib -o "eFPGA_GPIO_Application.elf"  ./src/helloworld.o ./src/platform.o   -Wl,--start-group,-lxil,-lgcc,-lc,--end-group
'Finished building target: eFPGA_GPIO_Application.elf'
' '
'Invoking: ARM v7 Print Size'
arm-none-eabi-size eFPGA_GPIO_Application.elf  |tee "eFPGA_GPIO_Application.elf.size"
   text	   data	    bss	    dec	    hex	filename
  66944	   2608	  23376	  92928	  16b00	eFPGA_GPIO_Application.elf
'Finished building: eFPGA_GPIO_Application.elf.size'
' '
17:24:52 **** Incremental Build of configuration Debug for project eFPGA_GPIO_Application ****
make all 
make --no-print-directory pre-build
a9-linaro-pre-build-step
' '
make --no-print-directory main-build
'Building file: ../src/helloworld.c'
'Invoking: ARM v7 gcc compiler'
arm-none-eabi-gcc -Wall -O0 -g3 -c -fmessage-length=0 -MT"src/helloworld.o" -mcpu=cortex-a9 -mfpu=vfpv3 -mfloat-abi=hard -IC:/devWorks/FPGA/eFPGA_GPIO/eFPGA_GPIO/export/eFPGA_GPIO/sw/eFPGA_GPIO/standalone_domain/bspinclude/include -MMD -MP -MF"src/helloworld.d" -MT"src/helloworld.o" -o "src/helloworld.o" "../src/helloworld.c"
'Finished building: ../src/helloworld.c'
' '
'Building target: eFPGA_GPIO_Application.elf'
'Invoking: ARM v7 gcc linker'
arm-none-eabi-gcc -mcpu=cortex-a9 -mfpu=vfpv3 -mfloat-abi=hard -Wl,-build-id=none -specs=Xilinx.spec -Wl,-T -Wl,../src/lscript.ld -LC:/devWorks/FPGA/eFPGA_GPIO/eFPGA_GPIO/export/eFPGA_GPIO/sw/eFPGA_GPIO/standalone_domain/bsplib/lib -o "eFPGA_GPIO_Application.elf"  ./src/helloworld.o ./src/platform.o   -Wl,--start-group,-lxil,-lgcc,-lc,--end-group
'Finished building target: eFPGA_GPIO_Application.elf'
' '
'Invoking: ARM v7 Print Size'
arm-none-eabi-size eFPGA_GPIO_Application.elf  |tee "eFPGA_GPIO_Application.elf.size"
   text	   data	    bss	    dec	    hex	filename
  66944	   2608	  23376	  92928	  16b00	eFPGA_GPIO_Application.elf
'Finished building: eFPGA_GPIO_Application.elf.size'
' '
17:31:30 **** Incremental Build of configuration Debug for project eFPGA_GPIO_Application ****
make all 
make --no-print-directory pre-build
a9-linaro-pre-build-step
' '
make --no-print-directory main-build
'Building file: ../src/helloworld.c'
'Invoking: ARM v7 gcc compiler'
arm-none-eabi-gcc -Wall -O0 -g3 -c -fmessage-length=0 -MT"src/helloworld.o" -mcpu=cortex-a9 -mfpu=vfpv3 -mfloat-abi=hard -IC:/devWorks/FPGA/eFPGA_GPIO/eFPGA_GPIO/export/eFPGA_GPIO/sw/eFPGA_GPIO/standalone_domain/bspinclude/include -MMD -MP -MF"src/helloworld.d" -MT"src/helloworld.o" -o "src/helloworld.o" "../src/helloworld.c"
'Finished building: ../src/helloworld.c'
' '
'Building target: eFPGA_GPIO_Application.elf'
'Invoking: ARM v7 gcc linker'
arm-none-eabi-gcc -mcpu=cortex-a9 -mfpu=vfpv3 -mfloat-abi=hard -Wl,-build-id=none -specs=Xilinx.spec -Wl,-T -Wl,../src/lscript.ld -LC:/devWorks/FPGA/eFPGA_GPIO/eFPGA_GPIO/export/eFPGA_GPIO/sw/eFPGA_GPIO/standalone_domain/bsplib/lib -o "eFPGA_GPIO_Application.elf"  ./src/helloworld.o ./src/platform.o   -Wl,--start-group,-lxil,-lgcc,-lc,--end-group
'Finished building target: eFPGA_GPIO_Application.elf'
' '
'Invoking: ARM v7 Print Size'
arm-none-eabi-size eFPGA_GPIO_Application.elf  |tee "eFPGA_GPIO_Application.elf.size"
   text	   data	    bss	    dec	    hex	filename
  66944	   2608	  23376	  92928	  16b00	eFPGA_GPIO_Application.elf
'Finished building: eFPGA_GPIO_Application.elf.size'
' '
