Nothing to build in platform 'SoC_6_GPIO'

20:46:42 **** Incremental Build of configuration Debug for project GPIO_App ****
make all 
make --no-print-directory pre-build
a9-linaro-pre-build-step
' '
make --no-print-directory main-build
'Building file: ../src/helloworld.c'
'Invoking: ARM v7 gcc compiler'
arm-none-eabi-gcc -Wall -O0 -g3 -c -fmessage-length=0 -MT"src/helloworld.o" -mcpu=cortex-a9 -mfpu=vfpv3 -mfloat-abi=hard -IC:/Users/20002890/SoC_6_GPIO/Vitis/SoC_6_GPIO/export/SoC_6_GPIO/sw/SoC_6_GPIO/standalone_ps7_cortexa9_0/bspinclude/include -MMD -MP -MF"src/helloworld.d" -MT"src/helloworld.o" -o "src/helloworld.o" "../src/helloworld.c"
'Finished building: ../src/helloworld.c'
' '
'Building target: GPIO_App.elf'
'Invoking: ARM v7 gcc linker'
arm-none-eabi-gcc -mcpu=cortex-a9 -mfpu=vfpv3 -mfloat-abi=hard -Wl,-build-id=none -specs=Xilinx.spec -Wl,-T -Wl,../src/lscript.ld -LC:/Users/20002890/SoC_6_GPIO/Vitis/SoC_6_GPIO/export/SoC_6_GPIO/sw/SoC_6_GPIO/standalone_ps7_cortexa9_0/bsplib/lib -o "GPIO_App.elf"  ./src/helloworld.o ./src/platform.o   -Wl,--start-group,-lxil,-lgcc,-lc,--end-group
'Finished building target: GPIO_App.elf'
' '
'Invoking: ARM v7 Print Size'
arm-none-eabi-size GPIO_App.elf  |tee "GPIO_App.elf.size"
   text	   data	    bss	    dec	    hex	filename
  27290	   1168	  22632	  51090	   c792	GPIO_App.elf
'Finished building: GPIO_App.elf.size'
' '
