Nothing to build in platform 'SoC_Multiple_IRQ_F2P'

21:41:40 **** Incremental Build of configuration Debug for project MultipleIRQ ****
make all 
make --no-print-directory pre-build
a9-linaro-pre-build-step
' '
make --no-print-directory main-build
'Building file: ../src/helloworld.c'
'Invoking: ARM v7 gcc compiler'
arm-none-eabi-gcc -Wall -O0 -g3 -c -fmessage-length=0 -MT"src/helloworld.o" -mcpu=cortex-a9 -mfpu=vfpv3 -mfloat-abi=hard -IC:/Users/20002890/SoC_Multiple_IRQ_F2P/Vitis/SoC_Multiple_IRQ_F2P/export/SoC_Multiple_IRQ_F2P/sw/SoC_Multiple_IRQ_F2P/standalone_ps7_cortexa9_0/bspinclude/include -MMD -MP -MF"src/helloworld.d" -MT"src/helloworld.o" -o "src/helloworld.o" "../src/helloworld.c"
'Finished building: ../src/helloworld.c'
' '
'Building target: MultipleIRQ.elf'
'Invoking: ARM v7 gcc linker'
arm-none-eabi-gcc -mcpu=cortex-a9 -mfpu=vfpv3 -mfloat-abi=hard -Wl,-build-id=none -specs=Xilinx.spec -Wl,-T -Wl,../src/lscript.ld -LC:/Users/20002890/SoC_Multiple_IRQ_F2P/Vitis/SoC_Multiple_IRQ_F2P/export/SoC_Multiple_IRQ_F2P/sw/SoC_Multiple_IRQ_F2P/standalone_ps7_cortexa9_0/bsplib/lib -o "MultipleIRQ.elf"  ./src/helloworld.o ./src/platform.o   -Wl,--start-group,-lxil,-lgcc,-lc,--end-group
'Finished building target: MultipleIRQ.elf'
' '
'Invoking: ARM v7 Print Size'
arm-none-eabi-size MultipleIRQ.elf  |tee "MultipleIRQ.elf.size"
   text	   data	    bss	    dec	    hex	filename
  54888	   3356	  22688	  80932	  13c24	MultipleIRQ.elf
'Finished building: MultipleIRQ.elf.size'
' '
